Archive member included to satisfy reference by file (symbol)

app/libapp.a(main.c.obj)      (--whole-archive)
zephyr/libzephyr.a(heap.c.obj)
                              (--whole-archive)
zephyr/libzephyr.a(cbprintf_packaged.c.obj)
                              (--whole-archive)
zephyr/libzephyr.a(clock.c.obj)
                              (--whole-archive)
zephyr/libzephyr.a(printk.c.obj)
                              (--whole-archive)
zephyr/libzephyr.a(sem.c.obj)
                              (--whole-archive)
zephyr/libzephyr.a(thread_entry.c.obj)
                              (--whole-archive)
zephyr/libzephyr.a(cbprintf_complete.c.obj)
                              (--whole-archive)
zephyr/libzephyr.a(assert.c.obj)
                              (--whole-archive)
zephyr/libzephyr.a(dec.c.obj)
                              (--whole-archive)
zephyr/libzephyr.a(hex.c.obj)
                              (--whole-archive)
zephyr/libzephyr.a(rb.c.obj)  (--whole-archive)
zephyr/libzephyr.a(timeutil.c.obj)
                              (--whole-archive)
zephyr/libzephyr.a(bitarray.c.obj)
                              (--whole-archive)
zephyr/libzephyr.a(ring_buffer.c.obj)
                              (--whole-archive)
zephyr/libzephyr.a(last_section_id.c.obj)
                              (--whole-archive)
zephyr/libzephyr.a(configs.c.obj)
                              (--whole-archive)
zephyr/libzephyr.a(soc.c.obj)
                              (--whole-archive)
zephyr/libzephyr.a(mpu_regions.c.obj)
                              (--whole-archive)
zephyr/libzephyr.a(mem_attr.c.obj)
                              (--whole-archive)
zephyr/libzephyr.a(tracing_none.c.obj)
                              (--whole-archive)
zephyr/libzephyr.a(usb_device.c.obj)
                              (--whole-archive)
zephyr/libzephyr.a(usb_descriptor.c.obj)
                              (--whole-archive)
zephyr/libzephyr.a(usb_transfer.c.obj)
                              (--whole-archive)
zephyr/libzephyr.a(cdc_acm.c.obj)
                              (--whole-archive)
zephyr/libzephyr.a(usb_work_q.c.obj)
                              (--whole-archive)
zephyr/arch/common/libarch__common.a(sw_isr_common.c.obj)
                              (--whole-archive)
zephyr/arch/arch/arm/core/libarch__arm__core.a(fatal.c.obj)
                              (--whole-archive)
zephyr/arch/arch/arm/core/libarch__arm__core.a(nmi.c.obj)
                              (--whole-archive)
zephyr/arch/arch/arm/core/libarch__arm__core.a(nmi_on_reset.S.obj)
                              (--whole-archive)
zephyr/arch/arch/arm/core/libarch__arm__core.a(tls.c.obj)
                              (--whole-archive)
zephyr/arch/arch/arm/core/cortex_m/libarch__arm__core__cortex_m.a(exc_exit.c.obj)
                              (--whole-archive)
zephyr/arch/arch/arm/core/cortex_m/libarch__arm__core__cortex_m.a(fault.c.obj)
                              (--whole-archive)
zephyr/arch/arch/arm/core/cortex_m/libarch__arm__core__cortex_m.a(fault_s.S.obj)
                              (--whole-archive)
zephyr/arch/arch/arm/core/cortex_m/libarch__arm__core__cortex_m.a(fpu.c.obj)
                              (--whole-archive)
zephyr/arch/arch/arm/core/cortex_m/libarch__arm__core__cortex_m.a(reset.S.obj)
                              (--whole-archive)
zephyr/arch/arch/arm/core/cortex_m/libarch__arm__core__cortex_m.a(scb.c.obj)
                              (--whole-archive)
zephyr/arch/arch/arm/core/cortex_m/libarch__arm__core__cortex_m.a(thread_abort.c.obj)
                              (--whole-archive)
zephyr/arch/arch/arm/core/cortex_m/libarch__arm__core__cortex_m.a(vector_table.S.obj)
                              (--whole-archive)
zephyr/arch/arch/arm/core/cortex_m/libarch__arm__core__cortex_m.a(swap_helper.S.obj)
                              (--whole-archive)
zephyr/arch/arch/arm/core/cortex_m/libarch__arm__core__cortex_m.a(irq_manage.c.obj)
                              (--whole-archive)
zephyr/arch/arch/arm/core/cortex_m/libarch__arm__core__cortex_m.a(prep_c.c.obj)
                              (--whole-archive)
zephyr/arch/arch/arm/core/cortex_m/libarch__arm__core__cortex_m.a(thread.c.obj)
                              (--whole-archive)
zephyr/arch/arch/arm/core/cortex_m/libarch__arm__core__cortex_m.a(cpu_idle.c.obj)
                              (--whole-archive)
zephyr/arch/arch/arm/core/cortex_m/libarch__arm__core__cortex_m.a(irq_init.c.obj)
                              (--whole-archive)
zephyr/arch/arch/arm/core/cortex_m/libarch__arm__core__cortex_m.a(isr_wrapper.c.obj)
                              (--whole-archive)
zephyr/arch/arch/arm/core/cortex_m/libarch__arm__core__cortex_m.a(__aeabi_read_tp.S.obj)
                              (--whole-archive)
zephyr/arch/arch/arm/core/cortex_m/libarch__arm__core__cortex_m.a(cache.c.obj)
                              (--whole-archive)
zephyr/arch/arch/arm/core/mpu/libarch__arm__core__mpu.a(arm_core_mpu.c.obj)
[...]
Memory Configuration

Name             Origin             Length             Attributes
FLASH            0x0000000060000000 0x0000000000800000 xr
RAM              0x0000000020280000 0x0000000000040000 xw
ITCM             0x0000000000000000 0x0000000000020000 rw
DTCM             0x0000000020000000 0x0000000000020000 rw
OCRAM            0x0000000020280000 0x0000000000040000 rw
OCRAM2           0x0000000020200000 0x0000000000080000 rw
IDT_LIST         0x00000000ffff7fff 0x0000000000008000 xw
*default*        0x0000000000000000 0xffffffffffffffff

Linker script and memory map

                0x0000000060009754                vfprintf = __l_vfprintf
                0x0000000000000000                vfscanf = __l_vfscanf
LOAD zephyr/CMakeFiles/zephyr_final.dir/misc/empty_file.c.obj
LOAD zephyr/CMakeFiles/zephyr_final.dir/isr_tables.c.obj
LOAD zephyr/CMakeFiles/offsets.dir/./arch/arm/core/offsets/offsets.c.obj
LOAD app/libapp.a
LOAD zephyr/libzephyr.a
LOAD zephyr/arch/common/libarch__common.a
LOAD zephyr/arch/arch/arm/core/libarch__arm__core.a
LOAD zephyr/arch/arch/arm/core/cortex_m/libarch__arm__core__cortex_m.a
LOAD zephyr/arch/arch/arm/core/mpu/libarch__arm__core__mpu.a
LOAD zephyr/lib/libc/picolibc/liblib__libc__picolibc.a
LOAD zephyr/lib/libc/common/liblib__libc__common.a
LOAD zephyr/boards/pjrc/teensy4/libboards__pjrc__teensy4.a
LOAD zephyr/drivers/misc/nxp_flexram/libdrivers__misc__nxp_flexram.a
LOAD zephyr/drivers/usb/device/libdrivers__usb__device.a
LOAD zephyr/drivers/clock_control/libdrivers__clock_control.a
LOAD zephyr/drivers/console/libdrivers__console.a
LOAD zephyr/drivers/gpio/libdrivers__gpio.a
LOAD zephyr/drivers/hwinfo/libdrivers__hwinfo.a
LOAD zephyr/drivers/lora/libloramac-node.a
LOAD zephyr/drivers/pinctrl/libdrivers__pinctrl.a
LOAD zephyr/drivers/serial/libdrivers__serial.a
LOAD zephyr/drivers/spi/libdrivers__spi.a
LOAD zephyr/drivers/timer/libdrivers__timer.a
LOAD modules/hal_nxp/libmodules__hal_nxp.a
LOAD zephyr/kernel/libkernel.a
LOAD zephyr/arch/common/libisr_tables.a
LOAD /home/lpl/zephyr-sdk-0.17.2/arm-zephyr-eabi/bin/../lib/gcc/../../picolibc/arm-zephyr-eabi/lib/thumb/v7e-m/nofp/libc.a
LOAD /home/lpl/zephyr-sdk-0.17.2/arm-zephyr-eabi/bin/../lib/gcc/arm-zephyr-eabi/12.2.0/thumb/v7e-m/nofp/libgcc.a
                0x0000000000000020                _region_min_align = 0x20

.rel.plt        0x0000000060000000        0x0
 *(SORT_BY_ALIGNMENT(.rel.plt))
                [!provide]                        PROVIDE (__rel_iplt_start = .)
 *(SORT_BY_ALIGNMENT(.rel.iplt))
 .rel.iplt      0x0000000060000000        0x0 zephyr/CMakeFiles/zephyr_final.dir/isr_tables.c.obj
                [!provide]                        PROVIDE (__rel_iplt_end = .)

.rela.plt       0x0000000000000000        0x0
 *(SORT_BY_ALIGNMENT(.rela.plt))
                [!provide]                        PROVIDE (__rela_iplt_start = .)
 *(SORT_BY_ALIGNMENT(.rela.iplt))
                [!provide]                        PROVIDE (__rela_iplt_end = .)

.rel.dyn
 *(SORT_BY_ALIGNMENT(.rel.*))

.rela.dyn
 *(SORT_BY_ALIGNMENT(.rela.*))

/DISCARD/
 *(SORT_BY_ALIGNMENT(.plt))

/DISCARD/
 *(SORT_BY_ALIGNMENT(.iplt))
                0x0000000060000000                __rom_region_start = 0x60000000

rom_start       0x0000000060000000     0x22c0
                0x0000000060000000                __rom_start_address = .
 FILL mask 0x00
                0x0000000060000000                . = (. + (0x0 - (. - __rom_start_address)))
 *(SORT_BY_ALIGNMENT(.boot_hdr.conf))
 .boot_hdr.conf
                0x0000000060000000      0x200 zephyr/boards/pjrc/teensy4/libboards__pjrc__teensy4.a(flexspi_nor_config.c.obj)
                0x0000000060000000                Qspiflash_config
                0x0000000060001000                . = (. + (0x1000 - (. - __rom_start_address)))
 *fill*         0x0000000060000200      0xe00 00
 *(SORT_BY_ALIGNMENT(.boot_hdr.ivt))
 .boot_hdr.ivt  0x0000000060001000       0x20 zephyr/libzephyr.a(soc.c.obj)
                0x0000000060001000                image_vector_table
 *(SORT_BY_ALIGNMENT(.boot_hdr.data))
 .boot_hdr.data
                0x0000000060001020       0x10 zephyr/libzephyr.a(soc.c.obj)
                0x0000000060001020                boot_data
                0x0000000060002000                . = (. + (0x2000 - (. - __rom_start_address)))
 *fill*         0x0000000060001030      0xfd0 00
                0x0000000060002000                . = ALIGN (0x4)
                0x0000000060002000                . = ALIGN (0x80)
                0x0000000060002000                . = ALIGN (0x400)
                0x0000000060002000                _vector_start = .
 *(SORT_BY_ALIGNMENT(.exc_vector_table))
 *(SORT_BY_ALIGNMENT(.exc_vector_table.*))
 .exc_vector_table._vector_table_section
                0x0000000060002000       0x40 zephyr/arch/arch/arm/core/cortex_m/libarch__arm__core__cortex_m.a(vector_table.S.obj)
                0x0000000060002000                _vector_table
 *(SORT_BY_ALIGNMENT(.vectors))
                0x00000000600022c0                _vector_end = .
                0x0000000060002040                . = ALIGN (0x4)
 *(SORT_BY_ALIGNMENT(.gnu.linkonce.irq_vector_table*))
 .gnu.linkonce.irq_vector_table
                0x0000000060002040      0x280 zephyr/CMakeFiles/zephyr_final.dir/isr_tables.c.obj
                0x0000000060002040                _irq_vector_table
                0x00000000600022c0                _vector_end = .

text            0x00000000600022c0     0x9fc8
                0x00000000600022c0                __text_region_start = .
 *(SORT_BY_ALIGNMENT(.text))
 .text          0x00000000600022c0       0x30 /home/lpl/zephyr-sdk-0.17.2/arm-zephyr-eabi/bin/../lib/gcc/arm-zephyr-eabi/12.2.0/thumb/v7e-m/nofp/libgcc.a(_aeabi_uldivmod.o)
                0x00000000600022c0                __aeabi_uldivmod
 .text          0x00000000600022f0        0x4 /home/lpl/zephyr-sdk-0.17.2/arm-zephyr-eabi/bin/../lib/gcc/arm-zephyr-eabi/12.2.0/thumb/v7e-m/nofp/libgcc.a(_dvmd_tls.o)
                0x00000000600022f0                __aeabi_ldiv0
                0x00000000600022f0                __aeabi_idiv0
 .text          0x00000000600022f4       0x10 /home/lpl/zephyr-sdk-0.17.2/arm-zephyr-eabi/bin/../lib/gcc/../../picolibc/arm-zephyr-eabi/lib/thumb/v7e-m/nofp/libc.a(strlen.S.o)
                0x00000000600022f4                strlen
 .text          0x0000000060002304      0x2a0 /home/lpl/zephyr-sdk-0.17.2/arm-zephyr-eabi/bin/../lib/gcc/arm-zephyr-eabi/12.2.0/thumb/v7e-m/nofp/libgcc.a(_udivmoddi4.o)
                0x0000000060002304                __udivmoddi4
 *(SORT_BY_ALIGNMENT(.text.*))
 *fill*         0x00000000600025a4        0x4 
 .text.lpspi_configure
                0x00000000600025a8      0x24c zephyr/drivers/spi/libdrivers__spi.a(spi_nxp_lpspi_common.c.obj)
                0x00000000600025a8                lpspi_configure
 .text.run_throughput_test
                0x00000000600027f4      0x180 app/libapp.a(main.c.obj)
 .text.run_latency_test
                0x0000000060002974      0x194 app/libapp.a(main.c.obj)
 .text.main     0x0000000060002b08       0x88 app/libapp.a(main.c.obj)
                0x0000000060002b08                main
 .text.char_out
                0x0000000060002b90        0xc zephyr/libzephyr.a(printk.c.obj)
 .text.__printk_hook_install
                0x0000000060002b9c        0xc zephyr/libzephyr.a(printk.c.obj)
                0x0000000060002b9c                __printk_hook_install
 .text.vprintk  0x0000000060002ba8       0x30 zephyr/libzephyr.a(printk.c.obj)
                0x0000000060002ba8                vprintk
 .text.z_thread_entry
                0x0000000060002bd8       0x34 zephyr/libzephyr.a(thread_entry.c.obj)
                0x0000000060002bd8                z_thread_entry
 .text.clock_init
                0x0000000060002c0c       0xe4 zephyr/libzephyr.a(soc.c.obj)
                0x0000000060002c0c                clock_init
 .text.mem_attr_get_regions
                0x0000000060002cf0        0xc zephyr/libzephyr.a(mem_attr.c.obj)
                0x0000000060002cf0                mem_attr_get_regions
 .text.class_handler
                0x0000000060002cfc       0x44 zephyr/libzephyr.a(usb_device.c.obj)
 .text.custom_handler
                0x0000000060002d40       0x64 zephyr/libzephyr.a(usb_device.c.obj)
 .text.vendor_handler
                0x0000000060002da4       0x3c zephyr/libzephyr.a(usb_device.c.obj)
 .text.disable_endpoint
                0x0000000060002de0       0x2c zephyr/libzephyr.a(usb_device.c.obj)
 .text.usb_reset_alt_setting
                0x0000000060002e0c       0x10 zephyr/libzephyr.a(usb_device.c.obj)
 .text.is_ep_valid.part.0
                0x0000000060002e1c       0x38 zephyr/libzephyr.a(usb_device.c.obj)
 .text.usb_halt_endpoint_req
                0x0000000060002e54       0x54 zephyr/libzephyr.a(usb_device.c.obj)
 .text.usb_handle_request.constprop.0
                0x0000000060002ea8       0x2c zephyr/libzephyr.a(usb_device.c.obj)
 .text.forward_status_cb
                0x0000000060002ed4       0xac zephyr/libzephyr.a(usb_device.c.obj)
 .text.set_endpoint
                0x0000000060002f80       0x84 zephyr/libzephyr.a(usb_device.c.obj)
 .text.usb_handle_standard_request
                0x0000000060003004      0x2f4 zephyr/libzephyr.a(usb_device.c.obj)
 .text.usb_data_to_host
                0x00000000600032f8       0x60 zephyr/libzephyr.a(usb_device.c.obj)
 .text.usb_handle_control_transfer
                0x0000000060003358       0xdc zephyr/libzephyr.a(usb_device.c.obj)
 .text.usb_set_config
                0x0000000060003434       0x2c zephyr/libzephyr.a(usb_device.c.obj)
                0x0000000060003434                usb_set_config
 .text.usb_enable
                0x0000000060003460      0x13c zephyr/libzephyr.a(usb_device.c.obj)
                0x0000000060003460                usb_enable
 .text.usb_update_sn_string_descriptor
                0x000000006000359c       0x8c zephyr/libzephyr.a(usb_descriptor.c.obj)
                0x000000006000359c                usb_update_sn_string_descriptor
 .text.usb_get_device_descriptor
                0x0000000060003628      0x1e4 zephyr/libzephyr.a(usb_descriptor.c.obj)
                0x0000000060003628                usb_get_device_descriptor
 .text.usb_ep_get_transfer
                0x000000006000380c       0x2c zephyr/libzephyr.a(usb_transfer.c.obj)
 .text.usb_transfer_work
                0x0000000060003838      0x100 zephyr/libzephyr.a(usb_transfer.c.obj)
 .text.usb_transfer_ep_callback
                0x0000000060003938       0x5c zephyr/libzephyr.a(usb_transfer.c.obj)
                0x0000000060003938                usb_transfer_ep_callback
 .text.usb_transfer
                0x0000000060003994       0xe0 zephyr/libzephyr.a(usb_transfer.c.obj)
                0x0000000060003994                usb_transfer
 .text.usb_cancel_transfer
                0x0000000060003a74       0x3c zephyr/libzephyr.a(usb_transfer.c.obj)
                0x0000000060003a74                usb_cancel_transfer
 .text.usb_cancel_transfers
                0x0000000060003ab0       0x44 zephyr/libzephyr.a(usb_transfer.c.obj)
                0x0000000060003ab0                usb_cancel_transfers
 .text.usb_transfer_init
                0x0000000060003af4       0x30 zephyr/libzephyr.a(usb_transfer.c.obj)
                0x0000000060003af4                usb_transfer_init
 .text.cdc_acm_irq_rx_enable
                0x0000000060003b24       0x20 zephyr/libzephyr.a(cdc_acm.c.obj)
 .text.cdc_acm_irq_tx_enable
                0x0000000060003b44       0x20 zephyr/libzephyr.a(cdc_acm.c.obj)
 .text.cdc_acm_fifo_fill
                0x0000000060003b64       0x3c zephyr/libzephyr.a(cdc_acm.c.obj)
 .text.cdc_acm_write_cb
                0x0000000060003ba0       0x54 zephyr/libzephyr.a(cdc_acm.c.obj)
 .text.cdc_acm_class_handle_req
                0x0000000060003bf4       0x64 zephyr/libzephyr.a(cdc_acm.c.obj)
                0x0000000060003bf4                cdc_acm_class_handle_req
 .text.cdc_acm_int_in
                0x0000000060003c58       0x18 zephyr/libzephyr.a(cdc_acm.c.obj)
 .text.cdc_acm_reset_port
                0x0000000060003c70       0x3c zephyr/libzephyr.a(cdc_acm.c.obj)
 .text.cdc_acm_init
                0x0000000060003cac       0x48 zephyr/libzephyr.a(cdc_acm.c.obj)
 .text.cdc_acm_send_notification.isra.0
                0x0000000060003cf4       0x44 zephyr/libzephyr.a(cdc_acm.c.obj)
 .text.cdc_acm_poll_out
                0x0000000060003d38       0x70 zephyr/libzephyr.a(cdc_acm.c.obj)
 .text.tx_work_handler
                0x0000000060003da8       0x7c zephyr/libzephyr.a(cdc_acm.c.obj)
 .text.cdc_acm_read_cb
                0x0000000060003e24       0x78 zephyr/libzephyr.a(cdc_acm.c.obj)
 .text.cdc_acm_dev_status_cb
                0x0000000060003e9c       0x80 zephyr/libzephyr.a(cdc_acm.c.obj)
 .text.z_usb_work_q_init
                0x0000000060003f1c       0x34 zephyr/libzephyr.a(usb_work_q.c.obj)
 .text.z_SysNmiOnReset
                0x0000000060003f50        0x8 zephyr/arch/arch/arm/core/libarch__arm__core.a(nmi_on_reset.S.obj)
                0x0000000060003f50                z_SysNmiOnReset
 .text.arch_tls_stack_setup
                0x0000000060003f58       0x40 zephyr/arch/arch/arm/core/libarch__arm__core.a(tls.c.obj)
                0x0000000060003f58                arch_tls_stack_setup
 .text._HandlerModeExit
                0x0000000060003f98       0x20 zephyr/arch/arch/arm/core/cortex_m/libarch__arm__core__cortex_m.a(exc_exit.c.obj)
                0x0000000060003f98                z_arm_exc_exit
                0x0000000060003f98                z_arm_int_exit
 .text.mem_manage_fault
                0x0000000060003fb8       0xa0 zephyr/arch/arch/arm/core/cortex_m/libarch__arm__core__cortex_m.a(fault.c.obj)
 .text.usage_fault.constprop.0
                0x0000000060004058       0x54 zephyr/arch/arch/arm/core/cortex_m/libarch__arm__core__cortex_m.a(fault.c.obj)
 .text.bus_fault.constprop.0
                0x00000000600040ac       0x6c zephyr/arch/arch/arm/core/cortex_m/libarch__arm__core__cortex_m.a(fault.c.obj)
 .text.z_arm_fault
                0x0000000060004118      0x128 zephyr/arch/arch/arm/core/cortex_m/libarch__arm__core__cortex_m.a(fault.c.obj)
                0x0000000060004118                z_arm_fault
 .text.z_arm_fault_init
                0x0000000060004240       0x18 zephyr/arch/arch/arm/core/cortex_m/libarch__arm__core__cortex_m.a(fault.c.obj)
                0x0000000060004240                z_arm_fault_init
 .text.__fault  0x0000000060004258       0x14 zephyr/arch/arch/arm/core/cortex_m/libarch__arm__core__cortex_m.a(fault_s.S.obj)
                0x0000000060004258                z_arm_bus_fault
                0x0000000060004258                z_arm_usage_fault
                0x0000000060004258                z_arm_mpu_fault
                0x0000000060004258                z_arm_exc_spurious
                0x0000000060004258                z_arm_debug_monitor
                0x0000000060004258                z_arm_hard_fault
 .text._reset_section
                0x000000006000426c       0x38 zephyr/arch/arch/arm/core/cortex_m/libarch__arm__core__cortex_m.a(reset.S.obj)
                0x000000006000426c                z_arm_reset
                0x000000006000426c                __start
 .text.z_impl_k_thread_abort
                0x00000000600042a4       0x2c zephyr/arch/arch/arm/core/cortex_m/libarch__arm__core__cortex_m.a(thread_abort.c.obj)
                0x00000000600042a4                z_impl_k_thread_abort
 .text.z_arm_pendsv
                0x00000000600042d0       0x60 zephyr/arch/arch/arm/core/cortex_m/libarch__arm__core__cortex_m.a(swap_helper.S.obj)
                0x00000000600042d0                z_arm_pendsv
 .text.z_arm_svc
                0x0000000060004330       0x24 zephyr/arch/arch/arm/core/cortex_m/libarch__arm__core__cortex_m.a(swap_helper.S.obj)
                0x0000000060004330                z_arm_svc
 .text.arm_irq_enable
                0x0000000060004354       0x1c zephyr/arch/arch/arm/core/cortex_m/libarch__arm__core__cortex_m.a(irq_manage.c.obj)
                0x0000000060004354                arm_irq_enable
 .text.arm_irq_priority_set
                0x0000000060004370       0x2c zephyr/arch/arch/arm/core/cortex_m/libarch__arm__core__cortex_m.a(irq_manage.c.obj)
                0x0000000060004370                arm_irq_priority_set
 .text.relocate_vector_table
                0x000000006000439c       0x1c zephyr/arch/arch/arm/core/cortex_m/libarch__arm__core__cortex_m.a(prep_c.c.obj)
                0x000000006000439c                relocate_vector_table
 .text.z_prep_c
                0x00000000600043b8       0x3c zephyr/arch/arch/arm/core/cortex_m/libarch__arm__core__cortex_m.a(prep_c.c.obj)
                0x00000000600043b8                z_prep_c
 .text.arch_new_thread
                0x00000000600043f4       0x2c zephyr/arch/arch/arm/core/cortex_m/libarch__arm__core__cortex_m.a(thread.c.obj)
                0x00000000600043f4                arch_new_thread
 .text.z_check_thread_stack_fail
                0x0000000060004420       0x2c zephyr/arch/arch/arm/core/cortex_m/libarch__arm__core__cortex_m.a(thread.c.obj)
                0x0000000060004420                z_check_thread_stack_fail
 .text.arch_switch_to_main_thread
                0x000000006000444c       0x3c zephyr/arch/arch/arm/core/cortex_m/libarch__arm__core__cortex_m.a(thread.c.obj)
                0x000000006000444c                arch_switch_to_main_thread
 .text.z_arm_cpu_idle_init
                0x0000000060004488        0xc zephyr/arch/arch/arm/core/cortex_m/libarch__arm__core__cortex_m.a(cpu_idle.c.obj)
                0x0000000060004488                z_arm_cpu_idle_init
 .text.z_arm_interrupt_init
                0x0000000060004494       0x18 zephyr/arch/arch/arm/core/cortex_m/libarch__arm__core__cortex_m.a(irq_init.c.obj)
                0x0000000060004494                z_arm_interrupt_init
 .text._isr_wrapper
                0x00000000600044ac       0x24 zephyr/arch/arch/arm/core/cortex_m/libarch__arm__core__cortex_m.a(isr_wrapper.c.obj)
                0x00000000600044ac                _isr_wrapper
 .text.arch_dcache_enable
                0x00000000600044d0       0x5c zephyr/arch/arch/arm/core/cortex_m/libarch__arm__core__cortex_m.a(cache.c.obj)
                0x00000000600044d0                arch_dcache_enable
 .text.arch_icache_enable
                0x000000006000452c       0x34 zephyr/arch/arch/arm/core/cortex_m/libarch__arm__core__cortex_m.a(cache.c.obj)
                0x000000006000452c                arch_icache_enable
 .text.z_arm_configure_static_mpu_regions
                0x0000000060004560       0x18 zephyr/arch/arch/arm/core/mpu/libarch__arm__core__mpu.a(arm_core_mpu.c.obj)
                0x0000000060004560                z_arm_configure_static_mpu_regions
 .text.z_arm_configure_dynamic_mpu_regions
                0x0000000060004578       0x20 zephyr/arch/arch/arm/core/mpu/libarch__arm__core__mpu.a(arm_core_mpu.c.obj)
                0x0000000060004578                z_arm_configure_dynamic_mpu_regions
 .text.region_init
                0x0000000060004598       0x28 zephyr/arch/arch/arm/core/mpu/libarch__arm__core__mpu.a(arm_mpu.c.obj)
 .text.mpu_configure_regions
                0x00000000600045c0       0x6c zephyr/arch/arch/arm/core/mpu/libarch__arm__core__mpu.a(arm_mpu.c.obj)
 .text.arm_core_mpu_enable
                0x000000006000462c       0x18 zephyr/arch/arch/arm/core/mpu/libarch__arm__core__mpu.a(arm_mpu.c.obj)
                0x000000006000462c                arm_core_mpu_enable
 .text.arm_core_mpu_disable
                0x0000000060004644       0x14 zephyr/arch/arch/arm/core/mpu/libarch__arm__core__mpu.a(arm_mpu.c.obj)
                0x0000000060004644                arm_core_mpu_disable
 .text.arm_core_mpu_configure_static_mpu_regions
                0x0000000060004658       0x14 zephyr/arch/arch/arm/core/mpu/libarch__arm__core__mpu.a(arm_mpu.c.obj)
                0x0000000060004658                arm_core_mpu_configure_static_mpu_regions
 .text.arm_core_mpu_configure_dynamic_mpu_regions
                0x000000006000466c       0x38 zephyr/arch/arch/arm/core/mpu/libarch__arm__core__mpu.a(arm_mpu.c.obj)
                0x000000006000466c                arm_core_mpu_configure_dynamic_mpu_regions
 .text.z_arm_mpu_init
                0x00000000600046a4      0x1b0 zephyr/arch/arch/arm/core/mpu/libarch__arm__core__mpu.a(arm_mpu.c.obj)
                0x00000000600046a4                z_arm_mpu_init
 .text.z_impl_zephyr_fputc
                0x0000000060004854       0x10 zephyr/lib/libc/picolibc/liblib__libc__picolibc.a(stdio.c.obj)
                0x0000000060004854                z_impl_zephyr_fputc
 .text.__stdout_hook_install
                0x0000000060004864       0x18 zephyr/lib/libc/picolibc/liblib__libc__picolibc.a(stdio.c.obj)
                0x0000000060004864                __stdout_hook_install
 .text.malloc_prepare
                0x000000006000487c       0x24 zephyr/lib/libc/common/liblib__libc__common.a(malloc.c.obj)
 .text.usb_isr_handler
                0x00000000600048a0        0xc zephyr/drivers/usb/device/libdrivers__usb__device.a(usb_dc_mcux.c.obj)
 .text.usb_mcux_init
                0x00000000600048ac       0x68 zephyr/drivers/usb/device/libdrivers__usb__device.a(usb_dc_mcux.c.obj)
 .text.usb_mcux_thread_main
                0x0000000060004914      0x1ac zephyr/drivers/usb/device/libdrivers__usb__device.a(usb_dc_mcux.c.obj)
 .text.usb_dc_attach
                0x0000000060004ac0       0x5c zephyr/drivers/usb/device/libdrivers__usb__device.a(usb_dc_mcux.c.obj)
                0x0000000060004ac0                usb_dc_attach
 .text.usb_dc_set_address
                0x0000000060004b1c       0x28 zephyr/drivers/usb/device/libdrivers__usb__device.a(usb_dc_mcux.c.obj)
                0x0000000060004b1c                usb_dc_set_address
 .text.usb_dc_ep_configure
                0x0000000060004b44       0xe4 zephyr/drivers/usb/device/libdrivers__usb__device.a(usb_dc_mcux.c.obj)
                0x0000000060004b44                usb_dc_ep_configure
 .text.usb_dc_ep_set_stall
                0x0000000060004c28       0x3c zephyr/drivers/usb/device/libdrivers__usb__device.a(usb_dc_mcux.c.obj)
                0x0000000060004c28                usb_dc_ep_set_stall
 .text.usb_dc_ep_clear_stall
                0x0000000060004c64       0x74 zephyr/drivers/usb/device/libdrivers__usb__device.a(usb_dc_mcux.c.obj)
                0x0000000060004c64                usb_dc_ep_clear_stall
 .text.usb_dc_ep_is_stalled
                0x0000000060004cd8       0x4c zephyr/drivers/usb/device/libdrivers__usb__device.a(usb_dc_mcux.c.obj)
                0x0000000060004cd8                usb_dc_ep_is_stalled
 .text.usb_dc_ep_enable
                0x0000000060004d24       0x74 zephyr/drivers/usb/device/libdrivers__usb__device.a(usb_dc_mcux.c.obj)
                0x0000000060004d24                usb_dc_ep_enable
 .text.usb_dc_ep_disable
                0x0000000060004d98       0x5c zephyr/drivers/usb/device/libdrivers__usb__device.a(usb_dc_mcux.c.obj)
                0x0000000060004d98                usb_dc_ep_disable
 .text.usb_dc_ep_write
                0x0000000060004df4       0x64 zephyr/drivers/usb/device/libdrivers__usb__device.a(usb_dc_mcux.c.obj)
                0x0000000060004df4                usb_dc_ep_write
 .text.usb_dc_ep_read_wait
                0x0000000060004e58       0xc4 zephyr/drivers/usb/device/libdrivers__usb__device.a(usb_dc_mcux.c.obj)
                0x0000000060004e58                usb_dc_ep_read_wait
 .text.usb_dc_ep_read_continue
                0x0000000060004f1c       0x74 zephyr/drivers/usb/device/libdrivers__usb__device.a(usb_dc_mcux.c.obj)
                0x0000000060004f1c                usb_dc_ep_read_continue
 .text.usb_dc_ep_set_callback
                0x0000000060004f90       0x34 zephyr/drivers/usb/device/libdrivers__usb__device.a(usb_dc_mcux.c.obj)
                0x0000000060004f90                usb_dc_ep_set_callback
 .text.usb_dc_set_status_callback
                0x0000000060004fc4        0xc zephyr/drivers/usb/device/libdrivers__usb__device.a(usb_dc_mcux.c.obj)
                0x0000000060004fc4                usb_dc_set_status_callback
 .text.usb_dc_ep_mps
                0x0000000060004fd0       0x2c zephyr/drivers/usb/device/libdrivers__usb__device.a(usb_dc_mcux.c.obj)
                0x0000000060004fd0                usb_dc_ep_mps
 .text.USB_DeviceNotificationTrigger
                0x0000000060004ffc       0x14 zephyr/drivers/usb/device/libdrivers__usb__device.a(usb_dc_mcux.c.obj)
                0x0000000060004ffc                USB_DeviceNotificationTrigger
 .text.mcux_ccm_get_subsys_rate
                0x0000000060005010       0x44 zephyr/drivers/clock_control/libdrivers__clock_control.a(clock_control_mcux_ccm.c.obj)
 .text.uart_console_init
                0x0000000060005054       0x28 zephyr/drivers/console/libdrivers__console.a(uart_console.c.obj)
 .text.console_out
                0x000000006000507c       0x28 zephyr/drivers/console/libdrivers__console.a(uart_console.c.obj)
 .text.z_impl_hwinfo_get_device_id
                0x00000000600050a4       0x70 zephyr/drivers/hwinfo/libdrivers__hwinfo.a(hwinfo_imxrt.c.obj)
                0x00000000600050a4                z_impl_hwinfo_get_device_id
 .text.timer_callback
                0x0000000060005114        0xc zephyr/drivers/lora/libloramac-node.a(hal_common.c.obj)
 .text.RtcGetTimerElapsedTime
                0x0000000060005120       0x14 zephyr/drivers/lora/libloramac-node.a(hal_common.c.obj)
                0x0000000060005120                RtcGetTimerElapsedTime
 .text.RtcStopAlarm
                0x0000000060005134        0xc zephyr/drivers/lora/libloramac-node.a(hal_common.c.obj)
                0x0000000060005134                RtcStopAlarm
 .text.RtcSetAlarm
                0x0000000060005140       0x20 zephyr/drivers/lora/libloramac-node.a(hal_common.c.obj)
                0x0000000060005140                RtcSetAlarm
 .text.RtcSetTimerContext
                0x0000000060005160       0x10 zephyr/drivers/lora/libloramac-node.a(hal_common.c.obj)
                0x0000000060005160                RtcSetTimerContext
 .text.RtcGetTimerContext
                0x0000000060005170        0xc zephyr/drivers/lora/libloramac-node.a(hal_common.c.obj)
                0x0000000060005170                RtcGetTimerContext
 .text.modem_release.constprop.0
                0x000000006000517c       0x54 zephyr/drivers/lora/libloramac-node.a(sx12xx_common.c.obj)
 .text.sx12xx_ev_tx_done
                0x00000000600051d0       0x20 zephyr/drivers/lora/libloramac-node.a(sx12xx_common.c.obj)
 .text.sx12xx_ev_rx_error
                0x00000000600051f0       0x40 zephyr/drivers/lora/libloramac-node.a(sx12xx_common.c.obj)
 .text.sx12xx_ev_rx_done
                0x0000000060005230       0xb0 zephyr/drivers/lora/libloramac-node.a(sx12xx_common.c.obj)
 .text.sx12xx_lora_send_async
                0x00000000600052e0       0x4c zephyr/drivers/lora/libloramac-node.a(sx12xx_common.c.obj)
                0x00000000600052e0                sx12xx_lora_send_async
 .text.sx12xx_lora_send
                0x000000006000532c       0xa4 zephyr/drivers/lora/libloramac-node.a(sx12xx_common.c.obj)
                0x000000006000532c                sx12xx_lora_send
 .text.sx12xx_lora_recv
                0x00000000600053d0       0xb0 zephyr/drivers/lora/libloramac-node.a(sx12xx_common.c.obj)
                0x00000000600053d0                sx12xx_lora_recv
 .text.sx12xx_lora_recv_async
                0x0000000060005480       0x54 zephyr/drivers/lora/libloramac-node.a(sx12xx_common.c.obj)
                0x0000000060005480                sx12xx_lora_recv_async
 .text.sx12xx_lora_config
                0x00000000600054d4       0xbc zephyr/drivers/lora/libloramac-node.a(sx12xx_common.c.obj)
                0x00000000600054d4                sx12xx_lora_config
 .text.sx12xx_lora_test_cw
                0x0000000060005590       0x40 zephyr/drivers/lora/libloramac-node.a(sx12xx_common.c.obj)
                0x0000000060005590                sx12xx_lora_test_cw
 .text.sx12xx_init
                0x00000000600055d0       0x60 zephyr/drivers/lora/libloramac-node.a(sx12xx_common.c.obj)
                0x00000000600055d0                sx12xx_init
 .text.sx127x_dio_work_handle
                0x0000000060005630       0x18 zephyr/drivers/lora/libloramac-node.a(sx127x.c.obj)
 .text.sx127x_irq_callback
                0x0000000060005648       0x20 zephyr/drivers/lora/libloramac-node.a(sx127x.c.obj)
 .text.gpio_pin_set_dt.constprop.0.isra.0
                0x0000000060005668       0x28 zephyr/drivers/lora/libloramac-node.a(sx127x.c.obj)
 .text.SX1276IoIrqInit
                0x0000000060005690       0x80 zephyr/drivers/lora/libloramac-node.a(sx127x.c.obj)
                0x0000000060005690                SX1276IoIrqInit
 .text.sx127x_read
                0x0000000060005710       0x3c zephyr/drivers/lora/libloramac-node.a(sx127x.c.obj)
                0x0000000060005710                sx127x_read
 .text.sx127x_lora_init
                0x000000006000574c       0x78 zephyr/drivers/lora/libloramac-node.a(sx127x.c.obj)
 .text.sx127x_write
                0x00000000600057c4       0x3c zephyr/drivers/lora/libloramac-node.a(sx127x.c.obj)
                0x00000000600057c4                sx127x_write
 .text.TimerInsertNewHeadTimer
                0x0000000060005800       0x18 zephyr/drivers/lora/libloramac-node.a(timer.c.obj)
 .text.TimerStart
                0x0000000060005818       0x70 zephyr/drivers/lora/libloramac-node.a(timer.c.obj)
                0x0000000060005818                TimerStart
 .text.TimerIrqHandler
                0x0000000060005888       0x7c zephyr/drivers/lora/libloramac-node.a(timer.c.obj)
                0x0000000060005888                TimerIrqHandler
 .text.TimerStop
                0x0000000060005904       0x54 zephyr/drivers/lora/libloramac-node.a(timer.c.obj)
                0x0000000060005904                TimerStop
 .text.GetFskBandwidthRegValue
                0x0000000060005958       0x2c zephyr/drivers/lora/libloramac-node.a(sx1276.c.obj)
 .text.SX1276OnDio4Irq
                0x0000000060005984       0x1c zephyr/drivers/lora/libloramac-node.a(sx1276.c.obj)
 .text.SX1276GetStatus
                0x00000000600059a0        0xc zephyr/drivers/lora/libloramac-node.a(sx1276.c.obj)
                0x00000000600059a0                SX1276GetStatus
 .text.SX1276GetTimeOnAir
                0x00000000600059ac       0xdc zephyr/drivers/lora/libloramac-node.a(sx1276.c.obj)
                0x00000000600059ac                SX1276GetTimeOnAir
 .text.SX1276SetChannel
                0x0000000060005a88       0x48 zephyr/drivers/lora/libloramac-node.a(sx1276.c.obj)
                0x0000000060005a88                SX1276SetChannel
 .text.SX1276OnDio3Irq
                0x0000000060005ad0       0x50 zephyr/drivers/lora/libloramac-node.a(sx1276.c.obj)
 .text.SX1276OnDio2Irq
                0x0000000060005b20       0xd4 zephyr/drivers/lora/libloramac-node.a(sx1276.c.obj)
 .text.SX1276OnDio1Irq
                0x0000000060005bf4      0x118 zephyr/drivers/lora/libloramac-node.a(sx1276.c.obj)
 .text.SX1276OnDio0Irq
                0x0000000060005d0c      0x260 zephyr/drivers/lora/libloramac-node.a(sx1276.c.obj)
 .text.RxChainCalibration
                0x0000000060005f6c       0x94 zephyr/drivers/lora/libloramac-node.a(sx1276.c.obj)
 .text.SX1276SetSleep
                0x0000000060006000       0x3c zephyr/drivers/lora/libloramac-node.a(sx1276.c.obj)
                0x0000000060006000                SX1276SetSleep
 .text.SX1276SetStby
                0x000000006000603c       0x34 zephyr/drivers/lora/libloramac-node.a(sx1276.c.obj)
                0x000000006000603c                SX1276SetStby
 .text.SX1276Send
                0x0000000060006070      0x194 zephyr/drivers/lora/libloramac-node.a(sx1276.c.obj)
                0x0000000060006070                SX1276Send
 .text.SX1276SetRx
                0x0000000060006204      0x21c zephyr/drivers/lora/libloramac-node.a(sx1276.c.obj)
                0x0000000060006204                SX1276SetRx
 .text.SX1276ReadRssi
                0x0000000060006420       0x44 zephyr/drivers/lora/libloramac-node.a(sx1276.c.obj)
                0x0000000060006420                SX1276ReadRssi
 .text.SX1276SetModem
                0x0000000060006464       0x74 zephyr/drivers/lora/libloramac-node.a(sx1276.c.obj)
                0x0000000060006464                SX1276SetModem
 .text.SX1276Init
                0x00000000600064d8       0x7c zephyr/drivers/lora/libloramac-node.a(sx1276.c.obj)
                0x00000000600064d8                SX1276Init
 .text.SX1276SetRxConfig
                0x0000000060006554      0x2a4 zephyr/drivers/lora/libloramac-node.a(sx1276.c.obj)
                0x0000000060006554                SX1276SetRxConfig
 .text.SX1276SetTxConfig
                0x00000000600067f8      0x23c zephyr/drivers/lora/libloramac-node.a(sx1276.c.obj)
                0x00000000600067f8                SX1276SetTxConfig
 .text.SX1276SetTxContinuousWave
                0x0000000060006a34       0x84 zephyr/drivers/lora/libloramac-node.a(sx1276.c.obj)
                0x0000000060006a34                SX1276SetTxContinuousWave
 .text.SX1276SetMaxPayloadLength
                0x0000000060006ab8       0x34 zephyr/drivers/lora/libloramac-node.a(sx1276.c.obj)
                0x0000000060006ab8                SX1276SetMaxPayloadLength
 .text.SX1276SetPublicNetwork
                0x0000000060006aec       0x28 zephyr/drivers/lora/libloramac-node.a(sx1276.c.obj)
                0x0000000060006aec                SX1276SetPublicNetwork
 .text.SX1276OnTimeoutIrq
                0x0000000060006b14       0xc4 zephyr/drivers/lora/libloramac-node.a(sx1276.c.obj)
 .text.imx_pinctrl_init
                0x0000000060006bd8       0x50 zephyr/drivers/pinctrl/libdrivers__pinctrl.a(pinctrl_imx.c.obj)
 .text.spi_nxp_init_common
                0x0000000060006c28      0x15c zephyr/drivers/spi/libdrivers__spi.a(spi_nxp_lpspi_common.c.obj)
                0x0000000060006c28                spi_nxp_init_common
 .text.lpspi_isr
                0x0000000060006d84      0x260 zephyr/drivers/spi/libdrivers__spi.a(spi_nxp_lpspi.c.obj)
 .text.elapsed  0x0000000060006fe4       0x4c zephyr/drivers/timer/libdrivers__timer.a(cortex_m_systick.c.obj)
 .text.sys_clock_driver_init
                0x0000000060007030       0x38 zephyr/drivers/timer/libdrivers__timer.a(cortex_m_systick.c.obj)
 .text.sys_clock_isr
                0x0000000060007068       0x60 zephyr/drivers/timer/libdrivers__timer.a(cortex_m_systick.c.obj)
                0x0000000060007068                sys_clock_isr
 .text.sys_clock_set_timeout
                0x00000000600070c8       0xfc zephyr/drivers/timer/libdrivers__timer.a(cortex_m_systick.c.obj)
                0x00000000600070c8                sys_clock_set_timeout
 .text.sys_clock_elapsed
                0x00000000600071c4       0x3c zephyr/drivers/timer/libdrivers__timer.a(cortex_m_systick.c.obj)
                0x00000000600071c4                sys_clock_elapsed
 .text.sys_clock_cycle_get_32
                0x0000000060007200       0x28 zephyr/drivers/timer/libdrivers__timer.a(cortex_m_systick.c.obj)
                0x0000000060007200                sys_clock_cycle_get_32
 .text.USB_DeviceEhciTransfer
                0x0000000060007228      0x224 modules/hal_nxp/libmodules__hal_nxp.a(usb_device_ehci.c.obj)
 .text.USB_DeviceEhciCancelControlPipe
                0x000000006000744c      0x11c modules/hal_nxp/libmodules__hal_nxp.a(usb_device_ehci.c.obj)
 .text.USB_DeviceEhciInit
                0x0000000060007568       0xd8 modules/hal_nxp/libmodules__hal_nxp.a(usb_device_ehci.c.obj)
                0x0000000060007568                USB_DeviceEhciInit
 .text.USB_DeviceEhciDeinit
                0x0000000060007640       0x44 modules/hal_nxp/libmodules__hal_nxp.a(usb_device_ehci.c.obj)
                0x0000000060007640                USB_DeviceEhciDeinit
 .text.USB_DeviceEhciCancel
                0x0000000060007684      0x13c modules/hal_nxp/libmodules__hal_nxp.a(usb_device_ehci.c.obj)
                0x0000000060007684                USB_DeviceEhciCancel
 .text.USB_EhciPhyGetBase
                0x00000000600077c0       0x40 modules/hal_nxp/libmodules__hal_nxp.a(usb_phy.c.obj)
                0x00000000600077c0                USB_EhciPhyGetBase
 .text.SystemInit
                0x0000000060007800       0xcc modules/hal_nxp/libmodules__hal_nxp.a(system_MIMXRT1062.c.obj)
                0x0000000060007800                SystemInit
 .text.CLOCK_GetOscFreq
                0x00000000600078cc       0x20 modules/hal_nxp/libmodules__hal_nxp.a(fsl_clock.c.obj)
 .text.CLOCK_EnableUsbhs0Clock
                0x00000000600078ec       0x50 modules/hal_nxp/libmodules__hal_nxp.a(fsl_clock.c.obj)
                0x00000000600078ec                CLOCK_EnableUsbhs0Clock
 .text.CLOCK_InitArmPll
                0x000000006000793c       0x44 modules/hal_nxp/libmodules__hal_nxp.a(fsl_clock.c.obj)
                0x000000006000793c                CLOCK_InitArmPll
 .text.CLOCK_InitUsb1Pll
                0x0000000060007980       0x44 modules/hal_nxp/libmodules__hal_nxp.a(fsl_clock.c.obj)
                0x0000000060007980                CLOCK_InitUsb1Pll
 .text.CLOCK_EnableUsbhs0PhyPllClock
                0x00000000600079c4       0x48 modules/hal_nxp/libmodules__hal_nxp.a(fsl_clock.c.obj)
                0x00000000600079c4                CLOCK_EnableUsbhs0PhyPllClock
 .text.CLOCK_GetPllFreq
                0x0000000060007a0c      0x1a8 modules/hal_nxp/libmodules__hal_nxp.a(fsl_clock.c.obj)
                0x0000000060007a0c                CLOCK_GetPllFreq
 .text.CLOCK_GetPllUsb1SWFreq
                0x0000000060007bb4       0x20 modules/hal_nxp/libmodules__hal_nxp.a(fsl_clock.c.obj)
 .text.CLOCK_GetSysPfdFreq
                0x0000000060007bd4       0x60 modules/hal_nxp/libmodules__hal_nxp.a(fsl_clock.c.obj)
                0x0000000060007bd4                CLOCK_GetSysPfdFreq
 .text.CLOCK_GetPeriphClkFreq
                0x0000000060007c34       0x90 modules/hal_nxp/libmodules__hal_nxp.a(fsl_clock.c.obj)
 .text.CLOCK_GetAhbFreq
                0x0000000060007cc4       0x1c modules/hal_nxp/libmodules__hal_nxp.a(fsl_clock.c.obj)
                0x0000000060007cc4                CLOCK_GetAhbFreq
 .text.CLOCK_GetIpgFreq
                0x0000000060007ce0       0x1c modules/hal_nxp/libmodules__hal_nxp.a(fsl_clock.c.obj)
                0x0000000060007ce0                CLOCK_GetIpgFreq
 .text.CLOCK_GetPerClkFreq
                0x0000000060007cfc       0x28 modules/hal_nxp/libmodules__hal_nxp.a(fsl_clock.c.obj)
                0x0000000060007cfc                CLOCK_GetPerClkFreq
 .text.CLOCK_GetUsb1PfdFreq
                0x0000000060007d24       0x60 modules/hal_nxp/libmodules__hal_nxp.a(fsl_clock.c.obj)
                0x0000000060007d24                CLOCK_GetUsb1PfdFreq
 .text.CLOCK_GetSemcFreq
                0x0000000060007d84       0x38 modules/hal_nxp/libmodules__hal_nxp.a(fsl_clock.c.obj)
                0x0000000060007d84                CLOCK_GetSemcFreq
 .text.CLOCK_GetFreq
                0x0000000060007dbc       0xf4 modules/hal_nxp/libmodules__hal_nxp.a(fsl_clock.c.obj)
                0x0000000060007dbc                CLOCK_GetFreq
 .text.CLOCK_GetClockRootFreq
                0x0000000060007eb0       0x8c modules/hal_nxp/libmodules__hal_nxp.a(fsl_clock.c.obj)
                0x0000000060007eb0                CLOCK_GetClockRootFreq
 .text.z_fatal_error
                0x0000000060007f3c       0x30 zephyr/kernel/libkernel.a(fatal.c.obj)
                0x0000000060007f3c                z_fatal_error
 .text.z_sys_init_run_level
                0x0000000060007f6c       0x30 zephyr/kernel/libkernel.a(init.c.obj)
 .text.bg_thread_main
                0x0000000060007f9c       0xc0 zephyr/kernel/libkernel.a(init.c.obj)
 .text.z_bss_zero
                0x000000006000805c       0x40 zephyr/kernel/libkernel.a(init.c.obj)
                0x000000006000805c                z_bss_zero
 .text.z_init_cpu
                0x000000006000809c       0x70 zephyr/kernel/libkernel.a(init.c.obj)
                0x000000006000809c                z_init_cpu
 .text.z_cstart
                0x000000006000810c       0xc8 zephyr/kernel/libkernel.a(init.c.obj)
                0x000000006000810c                z_cstart
 .text.statics_init
                0x00000000600081d4       0x24 zephyr/kernel/libkernel.a(kheap.c.obj)
 .text.k_heap_alloc
                0x00000000600081f8       0x1c zephyr/kernel/libkernel.a(kheap.c.obj)
                0x00000000600081f8                k_heap_alloc
 .text.z_impl_k_msgq_put
                0x0000000060008214       0xbc zephyr/kernel/libkernel.a(msg_q.c.obj)
                0x0000000060008214                z_impl_k_msgq_put
 .text.z_impl_k_msgq_get
                0x00000000600082d0       0xc4 zephyr/kernel/libkernel.a(msg_q.c.obj)
                0x00000000600082d0                z_impl_k_msgq_get
 .text.z_impl_k_mutex_lock
                0x0000000060008394       0xf0 zephyr/kernel/libkernel.a(mutex.c.obj)
                0x0000000060008394                z_impl_k_mutex_lock
 .text.z_impl_k_mutex_unlock
                0x0000000060008484       0xa0 zephyr/kernel/libkernel.a(mutex.c.obj)
                0x0000000060008484                z_impl_k_mutex_unlock
 .text.z_impl_k_sem_give
                0x0000000060008524       0x74 zephyr/kernel/libkernel.a(sem.c.obj)
                0x0000000060008524                z_impl_k_sem_give
 .text.z_impl_k_sem_take
                0x0000000060008598       0x4c zephyr/kernel/libkernel.a(sem.c.obj)
                0x0000000060008598                z_impl_k_sem_take
 .text.work_queue_main
                0x00000000600085e4      0x14c zephyr/kernel/libkernel.a(work.c.obj)
 .text.submit_to_queue_locked
                0x0000000060008730       0xb4 zephyr/kernel/libkernel.a(work.c.obj)
 .text.k_work_submit
                0x00000000600087e4        0xc zephyr/kernel/libkernel.a(work.c.obj)
                0x00000000600087e4                k_work_submit
 .text.k_work_queue_start
                0x00000000600087f0       0x80 zephyr/kernel/libkernel.a(work.c.obj)
                0x00000000600087f0                k_work_queue_start
 .text.k_work_schedule_for_queue
                0x0000000060008870       0x54 zephyr/kernel/libkernel.a(work.c.obj)
                0x0000000060008870                k_work_schedule_for_queue
 .text.z_setup_new_thread
                0x00000000600088c4       0x9c zephyr/kernel/libkernel.a(thread.c.obj)
                0x00000000600088c4                z_setup_new_thread
 .text.z_impl_k_thread_create
                0x0000000060008960       0x58 zephyr/kernel/libkernel.a(thread.c.obj)
                0x0000000060008960                z_impl_k_thread_create
 .text.z_dummy_thread_init
                0x00000000600089b8       0x18 zephyr/kernel/libkernel.a(thread.c.obj)
                0x00000000600089b8                z_dummy_thread_init
 .text.z_swap_irqlock
                0x00000000600089d0       0x30 zephyr/kernel/libkernel.a(sched.c.obj)
 .text.ready_thread
                0x0000000060008a00       0x84 zephyr/kernel/libkernel.a(sched.c.obj)
 .text.unready_thread
                0x0000000060008a84       0x54 zephyr/kernel/libkernel.a(sched.c.obj)
 .text.add_thread_timeout
                0x0000000060008ad8       0x1c zephyr/kernel/libkernel.a(sched.c.obj)
 .text.move_thread_to_end_of_prio_q
                0x0000000060008af4       0x90 zephyr/kernel/libkernel.a(sched.c.obj)
                0x0000000060008af4                move_thread_to_end_of_prio_q
 .text.z_pend_curr
                0x0000000060008b84       0x44 zephyr/kernel/libkernel.a(sched.c.obj)
                0x0000000060008b84                z_pend_curr
 .text.z_thread_prio_set
                0x0000000060008bc8       0xe4 zephyr/kernel/libkernel.a(sched.c.obj)
                0x0000000060008bc8                z_thread_prio_set
 .text.z_reschedule
                0x0000000060008cac       0x24 zephyr/kernel/libkernel.a(sched.c.obj)
                0x0000000060008cac                z_reschedule
 .text.z_reschedule_irqlock
                0x0000000060008cd0       0x28 zephyr/kernel/libkernel.a(sched.c.obj)
                0x0000000060008cd0                z_reschedule_irqlock
 .text.k_sched_lock
                0x0000000060008cf8       0x28 zephyr/kernel/libkernel.a(sched.c.obj)
                0x0000000060008cf8                k_sched_lock
 .text.k_sched_unlock
                0x0000000060008d20       0x68 zephyr/kernel/libkernel.a(sched.c.obj)
                0x0000000060008d20                k_sched_unlock
 .text.z_sched_init
                0x0000000060008d88       0x10 zephyr/kernel/libkernel.a(sched.c.obj)
                0x0000000060008d88                z_sched_init
 .text.z_impl_k_yield
                0x0000000060008d98       0x88 zephyr/kernel/libkernel.a(sched.c.obj)
                0x0000000060008d98                z_impl_k_yield
 .text.z_tick_sleep
                0x0000000060008e20       0x78 zephyr/kernel/libkernel.a(sched.c.obj)
 .text.z_impl_k_wakeup
                0x0000000060008e98       0x48 zephyr/kernel/libkernel.a(sched.c.obj)
                0x0000000060008e98                z_impl_k_wakeup
 .text.z_impl_k_sched_current_thread_query
                0x0000000060008ee0        0xc zephyr/kernel/libkernel.a(sched.c.obj)
                0x0000000060008ee0                z_impl_k_sched_current_thread_query
 .text.z_thread_abort
                0x0000000060008eec      0x138 zephyr/kernel/libkernel.a(sched.c.obj)
                0x0000000060008eec                z_thread_abort
 .text.z_sched_wait
                0x0000000060009024       0x24 zephyr/kernel/libkernel.a(sched.c.obj)
                0x0000000060009024                z_sched_wait
 .text.slice_timeout
                0x0000000060009048       0x20 zephyr/kernel/libkernel.a(timeslicing.c.obj)
 .text.thread_is_sliceable
                0x0000000060009068       0x3c zephyr/kernel/libkernel.a(timeslicing.c.obj)
                0x0000000060009068                thread_is_sliceable
 .text.z_reset_time_slice
                0x00000000600090a4       0x50 zephyr/kernel/libkernel.a(timeslicing.c.obj)
                0x00000000600090a4                z_reset_time_slice
 .text.z_time_slice
                0x00000000600090f4       0x60 zephyr/kernel/libkernel.a(timeslicing.c.obj)
                0x00000000600090f4                z_time_slice
 .text.z_data_copy
                0x0000000060009154       0x7c zephyr/kernel/libkernel.a(xip.c.obj)
                0x0000000060009154                z_data_copy
 .text.first    0x00000000600091d0       0x10 zephyr/kernel/libkernel.a(timeout.c.obj)
 .text.elapsed  0x00000000600091e0       0x14 zephyr/kernel/libkernel.a(timeout.c.obj)
 .text.remove_timeout
                0x00000000600091f4       0x38 zephyr/kernel/libkernel.a(timeout.c.obj)
 .text.z_add_timeout
                0x000000006000922c      0x120 zephyr/kernel/libkernel.a(timeout.c.obj)
                0x000000006000922c                z_add_timeout
 .text.sys_clock_announce
                0x000000006000934c       0xc0 zephyr/kernel/libkernel.a(timeout.c.obj)
                0x000000006000934c                sys_clock_announce
 .text.sys_clock_tick_get
                0x000000006000940c       0x30 zephyr/kernel/libkernel.a(timeout.c.obj)
                0x000000006000940c                sys_clock_tick_get
 .text.z_timer_expiration_handler
                0x000000006000943c      0x110 zephyr/kernel/libkernel.a(timer.c.obj)
                0x000000006000943c                z_timer_expiration_handler
 .text.z_impl_k_timer_start
                0x000000006000954c       0x70 zephyr/kernel/libkernel.a(timer.c.obj)
                0x000000006000954c                z_impl_k_timer_start
 .text.clear_event_registrations
                0x00000000600095bc       0x60 zephyr/kernel/libkernel.a(poll.c.obj)
 .text.z_impl_k_poll
                0x000000006000961c       0xb0 zephyr/kernel/libkernel.a(poll.c.obj)
                0x000000006000961c                z_impl_k_poll
 .text.z_impl_k_poll_signal_raise
                0x00000000600096cc       0x50 zephyr/kernel/libkernel.a(poll.c.obj)
                0x00000000600096cc                z_impl_k_poll_signal_raise
 .text.boot_banner
                0x000000006000971c        0xc zephyr/kernel/libkernel.a(banner.c.obj)
                0x000000006000971c                boot_banner
 .text.k_sys_work_q_init
                0x0000000060009728       0x2c zephyr/kernel/libkernel.a(system_work_q.c.obj)
 .text.__l_vfprintf
                0x0000000060009754      0x4b8 /home/lpl/zephyr-sdk-0.17.2/arm-zephyr-eabi/bin/../lib/gcc/../../picolibc/arm-zephyr-eabi/lib/thumb/v7e-m/nofp/libc.a(libc_tinystdio_vflprintf.c.o)
                0x0000000060009754                __l_vfprintf
 .text._OffsetAbsSyms
                0x0000000060009c0c        0x2 zephyr/CMakeFiles/offsets.dir/./arch/arm/core/offsets/offsets.c.obj
                0x0000000060009c0c                _OffsetAbsSyms
 .text.lora_send
                0x0000000060009c0e        0x6 app/libapp.a(main.c.obj)
 .text.lora_config.isra.0
                0x0000000060009c14        0x6 app/libapp.a(main.c.obj)
 .text.chunk_size
                0x0000000060009c1a        0xa zephyr/libzephyr.a(heap.c.obj)
 .text.free_list_add
                0x0000000060009c24       0x4e zephyr/libzephyr.a(heap.c.obj)
 .text.free_list_remove_bidx
                0x0000000060009c72       0x3a zephyr/libzephyr.a(heap.c.obj)
 .text.free_list_remove
                0x0000000060009cac       0x1a zephyr/libzephyr.a(heap.c.obj)
 .text.alloc_chunk
                0x0000000060009cc6       0x6e zephyr/libzephyr.a(heap.c.obj)
 .text.merge_chunks
                0x0000000060009d34       0x2c zephyr/libzephyr.a(heap.c.obj)
 .text.split_chunks
                0x0000000060009d60       0x34 zephyr/libzephyr.a(heap.c.obj)
 .text.free_chunk
                0x0000000060009d94       0x62 zephyr/libzephyr.a(heap.c.obj)
 .text.sys_heap_free
                0x0000000060009df6       0x1e zephyr/libzephyr.a(heap.c.obj)
                0x0000000060009df6                sys_heap_free
 .text.sys_heap_alloc
                0x0000000060009e14       0x5a zephyr/libzephyr.a(heap.c.obj)
                0x0000000060009e14                sys_heap_alloc
 .text.sys_heap_noalign_alloc
                0x0000000060009e6e        0x6 zephyr/libzephyr.a(heap.c.obj)
                0x0000000060009e6e                sys_heap_noalign_alloc
 .text.sys_heap_init
                0x0000000060009e74       0x7a zephyr/libzephyr.a(heap.c.obj)
                0x0000000060009e74                sys_heap_init
 .text.arch_printk_char_out
                0x0000000060009eee        0x4 zephyr/libzephyr.a(printk.c.obj)
                0x0000000060009eee                arch_printk_char_out
 .text.printk   0x0000000060009ef2       0x1a zephyr/libzephyr.a(printk.c.obj)
                0x0000000060009ef2                printk
 .text.ring_buf_area_claim
                0x0000000060009f0c       0x30 zephyr/libzephyr.a(ring_buffer.c.obj)
                0x0000000060009f0c                ring_buf_area_claim
 .text.ring_buf_put_claim
                0x0000000060009f3c       0x1e zephyr/libzephyr.a(ring_buffer.c.obj)
 .text.ring_buf_get_claim
                0x0000000060009f5a       0x1e zephyr/libzephyr.a(ring_buffer.c.obj)
 .text.ring_buf_area_finish
                0x0000000060009f78       0x32 zephyr/libzephyr.a(ring_buffer.c.obj)
                0x0000000060009f78                ring_buf_area_finish
 .text.ring_buf_put
                0x0000000060009faa       0x40 zephyr/libzephyr.a(ring_buffer.c.obj)
                0x0000000060009faa                ring_buf_put
 .text.ring_buf_get
                0x0000000060009fea       0x44 zephyr/libzephyr.a(ring_buffer.c.obj)
                0x0000000060009fea                ring_buf_get
 .text._ConfigAbsSyms
                0x000000006000a02e        0x2 zephyr/libzephyr.a(configs.c.obj)
                0x000000006000a02e                _ConfigAbsSyms
 .text.soc_early_init_hook
                0x000000006000a030       0x10 zephyr/libzephyr.a(soc.c.obj)
                0x000000006000a030                soc_early_init_hook
 .text.soc_reset_hook
                0x000000006000a040        0x4 zephyr/libzephyr.a(soc.c.obj)
                0x000000006000a040                soc_reset_hook
 .text.get_ep_bm_from_addr
                0x000000006000a044       0x1e zephyr/libzephyr.a(usb_device.c.obj)
 .text.usb_write
                0x000000006000a062       0x30 zephyr/libzephyr.a(usb_device.c.obj)
                0x000000006000a062                usb_write
 .text.usb_get_dev_data_by_cfg
                0x000000006000a092       0x16 zephyr/libzephyr.a(usb_descriptor.c.obj)
                0x000000006000a092                usb_get_dev_data_by_cfg
 .text.usb_get_dev_data_by_iface
                0x000000006000a0a8       0x1a zephyr/libzephyr.a(usb_descriptor.c.obj)
                0x000000006000a0a8                usb_get_dev_data_by_iface
 .text.usb_get_dev_data_by_ep
                0x000000006000a0c2       0x2c zephyr/libzephyr.a(usb_descriptor.c.obj)
                0x000000006000a0c2                usb_get_dev_data_by_ep
 .text.usb_transfer_is_busy
                0x000000006000a0ee       0x16 zephyr/libzephyr.a(usb_transfer.c.obj)
                0x000000006000a0ee                usb_transfer_is_busy
 .text.cdc_interface_config
                0x000000006000a104       0x14 zephyr/libzephyr.a(cdc_acm.c.obj)
 .text.cdc_acm_irq_callback_work_handler
                0x000000006000a118        0xa zephyr/libzephyr.a(cdc_acm.c.obj)
 .text.cdc_acm_irq_tx_disable
                0x000000006000a122        0xa zephyr/libzephyr.a(cdc_acm.c.obj)
 .text.cdc_acm_irq_tx_ready
                0x000000006000a12c       0x20 zephyr/libzephyr.a(cdc_acm.c.obj)
 .text.cdc_acm_irq_rx_disable
                0x000000006000a14c        0xa zephyr/libzephyr.a(cdc_acm.c.obj)
 .text.cdc_acm_irq_rx_ready
                0x000000006000a156        0xe zephyr/libzephyr.a(cdc_acm.c.obj)
 .text.cdc_acm_irq_is_pending
                0x000000006000a164       0x1c zephyr/libzephyr.a(cdc_acm.c.obj)
 .text.cdc_acm_irq_callback_set
                0x000000006000a180        0x8 zephyr/libzephyr.a(cdc_acm.c.obj)
 .text.cdc_acm_line_ctrl_get
                0x000000006000a188       0x32 zephyr/libzephyr.a(cdc_acm.c.obj)
 .text.cdc_acm_configure
                0x000000006000a1ba       0x18 zephyr/libzephyr.a(cdc_acm.c.obj)
 .text.cdc_acm_config_get
                0x000000006000a1d2       0x5c zephyr/libzephyr.a(cdc_acm.c.obj)
 .text.cdc_acm_line_ctrl_set
                0x000000006000a22e       0xbe zephyr/libzephyr.a(cdc_acm.c.obj)
 .text.cdc_acm_fifo_read
                0x000000006000a2ec       0x4a zephyr/libzephyr.a(cdc_acm.c.obj)
 .text.cdc_acm_poll_in
                0x000000006000a336       0x12 zephyr/libzephyr.a(cdc_acm.c.obj)
 .text.cdc_acm_irq_update
                0x000000006000a348       0x30 zephyr/libzephyr.a(cdc_acm.c.obj)
 .text.z_arm_fatal_error
                0x000000006000a378        0xc zephyr/arch/arch/arm/core/libarch__arm__core.a(fatal.c.obj)
                0x000000006000a378                z_arm_fatal_error
 .text.z_do_kernel_oops
                0x000000006000a384        0x8 zephyr/arch/arch/arm/core/libarch__arm__core.a(fatal.c.obj)
                0x000000006000a384                z_do_kernel_oops
 .text.z_arm_nmi
                0x000000006000a38c        0xe zephyr/arch/arch/arm/core/libarch__arm__core.a(nmi.c.obj)
                0x000000006000a38c                z_arm_nmi
 .text.z_irq_spurious
                0x000000006000a39a        0x8 zephyr/arch/arch/arm/core/cortex_m/libarch__arm__core__cortex_m.a(irq_manage.c.obj)
                0x000000006000a39a                z_irq_spurious
 .text.arch_irq_unlock_outlined
                0x000000006000a3a2        0xe zephyr/arch/arch/arm/core/cortex_m/libarch__arm__core__cortex_m.a(thread.c.obj)
                0x000000006000a3a2                arch_irq_unlock_outlined
 .text.arch_cpu_idle
                0x000000006000a3b0       0x1a zephyr/arch/arch/arm/core/cortex_m/libarch__arm__core__cortex_m.a(cpu_idle.c.obj)
                0x000000006000a3b0                arch_cpu_idle
 .text.arch_cache_init
                0x000000006000a3ca        0x2 zephyr/arch/arch/arm/core/cortex_m/libarch__arm__core__cortex_m.a(cache.c.obj)
                0x000000006000a3ca                arch_cache_init
 .text.size_to_mpu_rasr_size
                0x000000006000a3cc       0x20 zephyr/arch/arch/arm/core/mpu/libarch__arm__core__mpu.a(arm_mpu.c.obj)
 .text.picolibc_put
                0x000000006000a3ec        0xa zephyr/lib/libc/picolibc/liblib__libc__picolibc.a(stdio.c.obj)
 .text.nxp_flexram_init
                0x000000006000a3f6        0x4 zephyr/drivers/misc/nxp_flexram/libdrivers__misc__nxp_flexram.a(nxp_flexram.c.obj)
 .text.usb_dc_ep_check_cap
                0x000000006000a3fa       0x26 zephyr/drivers/usb/device/libdrivers__usb__device.a(usb_dc_mcux.c.obj)
                0x000000006000a3fa                usb_dc_ep_check_cap
 .text.usb_dc_ep_read
                0x000000006000a420       0x1e zephyr/drivers/usb/device/libdrivers__usb__device.a(usb_dc_mcux.c.obj)
                0x000000006000a420                usb_dc_ep_read
 .text.mcux_ccm_on
                0x000000006000a43e        0x4 zephyr/drivers/clock_control/libdrivers__clock_control.a(clock_control_mcux_ccm.c.obj)
 .text.mcux_ccm_set_subsys_rate
                0x000000006000a442        0x6 zephyr/drivers/clock_control/libdrivers__clock_control.a(clock_control_mcux_ccm.c.obj)
 .text.mcux_ccm_init
                0x000000006000a448        0x4 zephyr/drivers/clock_control/libdrivers__clock_control.a(clock_control_mcux_ccm.c.obj)
 .text.mcux_ccm_off
                0x000000006000a44c        0x4 zephyr/drivers/clock_control/libdrivers__clock_control.a(clock_control_mcux_ccm.c.obj)
 .text.mcux_igpio_port_get_raw
                0x000000006000a450        0xc zephyr/drivers/gpio/libdrivers__gpio.a(gpio_mcux_igpio.c.obj)
 .text.mcux_igpio_port_set_masked_raw
                0x000000006000a45c       0x12 zephyr/drivers/gpio/libdrivers__gpio.a(gpio_mcux_igpio.c.obj)
 .text.mcux_igpio_port_set_bits_raw
                0x000000006000a46e        0xc zephyr/drivers/gpio/libdrivers__gpio.a(gpio_mcux_igpio.c.obj)
 .text.mcux_igpio_port_clear_bits_raw
                0x000000006000a47a        0xc zephyr/drivers/gpio/libdrivers__gpio.a(gpio_mcux_igpio.c.obj)
 .text.mcux_igpio_port_toggle_bits
                0x000000006000a486        0xc zephyr/drivers/gpio/libdrivers__gpio.a(gpio_mcux_igpio.c.obj)
 .text.mcux_igpio_pin_interrupt_configure
                0x000000006000a492       0xd6 zephyr/drivers/gpio/libdrivers__gpio.a(gpio_mcux_igpio.c.obj)
 .text.mcux_igpio_manage_callback
                0x000000006000a568       0x52 zephyr/drivers/gpio/libdrivers__gpio.a(gpio_mcux_igpio.c.obj)
 .text.mcux_igpio_5_init
                0x000000006000a5ba        0x4 zephyr/drivers/gpio/libdrivers__gpio.a(gpio_mcux_igpio.c.obj)
 .text.mcux_igpio_configure
                0x000000006000a5be       0xe6 zephyr/drivers/gpio/libdrivers__gpio.a(gpio_mcux_igpio.c.obj)
 .text.mcux_igpio_0_init
                0x000000006000a6a4       0x26 zephyr/drivers/gpio/libdrivers__gpio.a(gpio_mcux_igpio.c.obj)
 .text.mcux_igpio_1_init
                0x000000006000a6ca       0x26 zephyr/drivers/gpio/libdrivers__gpio.a(gpio_mcux_igpio.c.obj)
 .text.mcux_igpio_2_init
                0x000000006000a6f0       0x26 zephyr/drivers/gpio/libdrivers__gpio.a(gpio_mcux_igpio.c.obj)
 .text.mcux_igpio_3_init
                0x000000006000a716       0x26 zephyr/drivers/gpio/libdrivers__gpio.a(gpio_mcux_igpio.c.obj)
 .text.mcux_igpio_4_init
                0x000000006000a73c       0x26 zephyr/drivers/gpio/libdrivers__gpio.a(gpio_mcux_igpio.c.obj)
 .text.mcux_igpio_7_init
                0x000000006000a762        0x4 zephyr/drivers/gpio/libdrivers__gpio.a(gpio_mcux_igpio.c.obj)
 .text.mcux_igpio_port_isr
                0x000000006000a766       0x32 zephyr/drivers/gpio/libdrivers__gpio.a(gpio_mcux_igpio.c.obj)
 .text.mcux_igpio_8_init
                0x000000006000a798        0x4 zephyr/drivers/gpio/libdrivers__gpio.a(gpio_mcux_igpio.c.obj)
 .text.mcux_igpio_6_init
                0x000000006000a79c        0x4 zephyr/drivers/gpio/libdrivers__gpio.a(gpio_mcux_igpio.c.obj)
 .text.timer_work_handler
                0x000000006000a7a0        0x4 zephyr/drivers/lora/libloramac-node.a(hal_common.c.obj)
 .text.k_uptime_get_32
                0x000000006000a7a4       0x10 zephyr/drivers/lora/libloramac-node.a(hal_common.c.obj)
 .text.RtcGetTimerValue
                0x000000006000a7b4        0x4 zephyr/drivers/lora/libloramac-node.a(hal_common.c.obj)
                0x000000006000a7b4                RtcGetTimerValue
 .text.RtcGetMinimumTimeout
                0x000000006000a7b8        0x4 zephyr/drivers/lora/libloramac-node.a(hal_common.c.obj)
                0x000000006000a7b8                RtcGetMinimumTimeout
 .text.DelayMsMcu
                0x000000006000a7bc        0xa zephyr/drivers/lora/libloramac-node.a(hal_common.c.obj)
                0x000000006000a7bc                DelayMsMcu
 .text.RtcMs2Tick
                0x000000006000a7c6        0x2 zephyr/drivers/lora/libloramac-node.a(hal_common.c.obj)
                0x000000006000a7c6                RtcMs2Tick
 .text.RtcTick2Ms
                0x000000006000a7c8        0x2 zephyr/drivers/lora/libloramac-node.a(hal_common.c.obj)
                0x000000006000a7c8                RtcTick2Ms
 .text.BoardCriticalSectionBegin
                0x000000006000a7ca       0x12 zephyr/drivers/lora/libloramac-node.a(hal_common.c.obj)
                0x000000006000a7ca                BoardCriticalSectionBegin
 .text.BoardCriticalSectionEnd
                0x000000006000a7dc        0xc zephyr/drivers/lora/libloramac-node.a(hal_common.c.obj)
                0x000000006000a7dc                BoardCriticalSectionEnd
 .text.sx12xx_ev_tx_timed_out
                0x000000006000a7e8        0x4 zephyr/drivers/lora/libloramac-node.a(sx12xx_common.c.obj)
 .text.__sx12xx_configure_pin
                0x000000006000a7ec       0x54 zephyr/drivers/lora/libloramac-node.a(sx12xx_common.c.obj)
                0x000000006000a7ec                __sx12xx_configure_pin
 .text.SX1276CheckRfFrequency
                0x000000006000a840        0x4 zephyr/drivers/lora/libloramac-node.a(sx127x.c.obj)
                0x000000006000a840                SX1276CheckRfFrequency
 .text.SX1276GetBoardTcxoWakeupTime
                0x000000006000a844        0x4 zephyr/drivers/lora/libloramac-node.a(sx127x.c.obj)
                0x000000006000a844                SX1276GetBoardTcxoWakeupTime
 .text.SX1276SetAntSwLowPower
                0x000000006000a848        0x2 zephyr/drivers/lora/libloramac-node.a(sx127x.c.obj)
                0x000000006000a848                SX1276SetAntSwLowPower
 .text.SX1276SetBoardTcxo
                0x000000006000a84a        0x2 zephyr/drivers/lora/libloramac-node.a(sx127x.c.obj)
                0x000000006000a84a                SX1276SetBoardTcxo
 .text.SX1276SetAntSw
                0x000000006000a84c        0x2 zephyr/drivers/lora/libloramac-node.a(sx127x.c.obj)
                0x000000006000a84c                SX1276SetAntSw
 .text.SX1276Reset
                0x000000006000a84e       0x22 zephyr/drivers/lora/libloramac-node.a(sx127x.c.obj)
                0x000000006000a84e                SX1276Reset
 .text.SX1276ReadBuffer
                0x000000006000a870        0x6 zephyr/drivers/lora/libloramac-node.a(sx127x.c.obj)
                0x000000006000a870                SX1276ReadBuffer
 .text.SX1276WriteBuffer
                0x000000006000a876        0x6 zephyr/drivers/lora/libloramac-node.a(sx127x.c.obj)
                0x000000006000a876                SX1276WriteBuffer
 .text.SX1276SetRfTxPower
                0x000000006000a87c       0x7c zephyr/drivers/lora/libloramac-node.a(sx127x.c.obj)
                0x000000006000a87c                SX1276SetRfTxPower
 .text.SX1276GetDio1PinState
                0x000000006000a8f8        0x4 zephyr/drivers/lora/libloramac-node.a(sx127x.c.obj)
                0x000000006000a8f8                SX1276GetDio1PinState
 .text.memcpy1  0x000000006000a8fc       0x14 zephyr/drivers/lora/libloramac-node.a(utilities.c.obj)
                0x000000006000a8fc                memcpy1
 .text.TimerSetTimeout
                0x000000006000a910       0x2c zephyr/drivers/lora/libloramac-node.a(timer.c.obj)
 .text.TimerInit
                0x000000006000a93c       0x10 zephyr/drivers/lora/libloramac-node.a(timer.c.obj)
                0x000000006000a93c                TimerInit
 .text.TimerSetValue
                0x000000006000a94c       0x22 zephyr/drivers/lora/libloramac-node.a(timer.c.obj)
                0x000000006000a94c                TimerSetValue
 .text.TimerGetCurrentTime
                0x000000006000a96e        0xe zephyr/drivers/lora/libloramac-node.a(timer.c.obj)
                0x000000006000a96e                TimerGetCurrentTime
 .text.TimerGetElapsedTime
                0x000000006000a97c       0x1e zephyr/drivers/lora/libloramac-node.a(timer.c.obj)
                0x000000006000a97c                TimerGetElapsedTime
 .text.DelayMs  0x000000006000a99a        0x4 zephyr/drivers/lora/libloramac-node.a(delay.c.obj)
                0x000000006000a99a                DelayMs
 .text.SX1276Write
                0x000000006000a99e       0x16 zephyr/drivers/lora/libloramac-node.a(sx1276.c.obj)
                0x000000006000a99e                SX1276Write
 .text.SX1276Read
                0x000000006000a9b4       0x16 zephyr/drivers/lora/libloramac-node.a(sx1276.c.obj)
                0x000000006000a9b4                SX1276Read
 .text.SX1276SetOpMode
                0x000000006000a9ca       0x34 zephyr/drivers/lora/libloramac-node.a(sx1276.c.obj)
 .text.SX1276IsChannelFree
                0x000000006000a9fe       0x66 zephyr/drivers/lora/libloramac-node.a(sx1276.c.obj)
                0x000000006000a9fe                SX1276IsChannelFree
 .text.SX1276Random
                0x000000006000aa64       0x3e zephyr/drivers/lora/libloramac-node.a(sx1276.c.obj)
                0x000000006000aa64                SX1276Random
 .text.SX1276GetWakeupTime
                0x000000006000aaa2        0xa zephyr/drivers/lora/libloramac-node.a(sx1276.c.obj)
                0x000000006000aaa2                SX1276GetWakeupTime
 .text.pinctrl_lookup_state
                0x000000006000aaac       0x26 zephyr/drivers/pinctrl/libdrivers__pinctrl.a(common.c.obj)
                0x000000006000aaac                pinctrl_lookup_state
 .text.pinctrl_configure_pins
                0x000000006000aad2       0x8a zephyr/drivers/pinctrl/libdrivers__pinctrl.a(pinctrl_imx.c.obj)
                0x000000006000aad2                pinctrl_configure_pins
 .text.lpspi_wait_tx_fifo_empty
                0x000000006000ab5c       0x1c zephyr/drivers/spi/libdrivers__spi.a(spi_nxp_lpspi_common.c.obj)
                0x000000006000ab5c                lpspi_wait_tx_fifo_empty
 .text.spi_lpspi_release
                0x000000006000ab78       0x3e zephyr/drivers/spi/libdrivers__spi.a(spi_nxp_lpspi_common.c.obj)
                0x000000006000ab78                spi_lpspi_release
 .text.spi_context_get_next_buf
                0x000000006000abb6       0x2c zephyr/drivers/spi/libdrivers__spi.a(spi_nxp_lpspi.c.obj)
 .text.lpspi_config_func_0
                0x000000006000abe2       0x16 zephyr/drivers/spi/libdrivers__spi.a(spi_nxp_lpspi.c.obj)
 .text.lpspi_config_func_1
                0x000000006000abf8       0x16 zephyr/drivers/spi/libdrivers__spi.a(spi_nxp_lpspi.c.obj)
 .text.lpspi_next_tx_fill
                0x000000006000ac0e      0x128 zephyr/drivers/spi/libdrivers__spi.a(spi_nxp_lpspi.c.obj)
 .text.gpio_pin_set_dt.isra.0
                0x000000006000ad36       0x28 zephyr/drivers/spi/libdrivers__spi.a(spi_nxp_lpspi.c.obj)
 .text.lpspi_transceive_sync
                0x000000006000ad5e      0x25a zephyr/drivers/spi/libdrivers__spi.a(spi_nxp_lpspi.c.obj)
 .text.lpspi_init
                0x000000006000afb8       0x4a zephyr/drivers/spi/libdrivers__spi.a(spi_nxp_lpspi.c.obj)
 .text.USB_DeviceEhciSetDefaultState
                0x000000006000b002       0xac modules/hal_nxp/libmodules__hal_nxp.a(usb_device_ehci.c.obj)
 .text.USB_DeviceEhciNotification.isra.0
                0x000000006000b0ae        0x4 modules/hal_nxp/libmodules__hal_nxp.a(usb_device_ehci.c.obj)
 .text.USB_DeviceEhciSend
                0x000000006000b0b2        0xc modules/hal_nxp/libmodules__hal_nxp.a(usb_device_ehci.c.obj)
                0x000000006000b0b2                USB_DeviceEhciSend
 .text.USB_DeviceEhciRecv
                0x000000006000b0be        0x8 modules/hal_nxp/libmodules__hal_nxp.a(usb_device_ehci.c.obj)
                0x000000006000b0be                USB_DeviceEhciRecv
 .text.USB_DeviceEhciEndpointDeinit
                0x000000006000b0c6       0x7c modules/hal_nxp/libmodules__hal_nxp.a(usb_device_ehci.c.obj)
 .text.USB_DeviceEhciControl
                0x000000006000b142      0x3e4 modules/hal_nxp/libmodules__hal_nxp.a(usb_device_ehci.c.obj)
                0x000000006000b142                USB_DeviceEhciControl
 .text.USB_DeviceEhciIsrFunction
                0x000000006000b526      0x3a2 modules/hal_nxp/libmodules__hal_nxp.a(usb_device_ehci.c.obj)
                0x000000006000b526                USB_DeviceEhciIsrFunction
 .text.USB_EhciPhyInit
                0x000000006000b8c8       0x86 modules/hal_nxp/libmodules__hal_nxp.a(usb_phy.c.obj)
                0x000000006000b8c8                USB_EhciPhyInit
 .text.OSA_EnterCritical
                0x000000006000b94e       0x12 modules/hal_nxp/libmodules__hal_nxp.a(fsl_os_abstraction_zephyr.c.obj)
                0x000000006000b94e                OSA_EnterCritical
 .text.OSA_ExitCritical
                0x000000006000b960        0xa modules/hal_nxp/libmodules__hal_nxp.a(fsl_os_abstraction_zephyr.c.obj)
                0x000000006000b960                OSA_ExitCritical
 .text.GPIO_PinWrite
                0x000000006000b96a       0x14 modules/hal_nxp/libmodules__hal_nxp.a(fsl_gpio.c.obj)
                0x000000006000b96a                GPIO_PinWrite
 .text.SystemInitHook
                0x000000006000b97e        0x2 modules/hal_nxp/libmodules__hal_nxp.a(system_MIMXRT1062.c.obj)
                0x000000006000b97e                SystemInitHook
 .text.z_impl_k_busy_wait
                0x000000006000b980       0x1e zephyr/kernel/libkernel.a(busy_wait.c.obj)
                0x000000006000b980                z_impl_k_busy_wait
 .text.z_device_state_init
                0x000000006000b99e        0x2 zephyr/kernel/libkernel.a(device.c.obj)
                0x000000006000b99e                z_device_state_init
 .text.z_impl_device_is_ready
                0x000000006000b9a0       0x16 zephyr/kernel/libkernel.a(device.c.obj)
                0x000000006000b9a0                z_impl_device_is_ready
 .text.arch_system_halt
                0x000000006000b9b6       0x10 zephyr/kernel/libkernel.a(fatal.c.obj)
                0x000000006000b9b6                arch_system_halt
 .text.k_sys_fatal_error_handler
                0x000000006000b9c6        0x6 zephyr/kernel/libkernel.a(fatal.c.obj)
                0x000000006000b9c6                k_sys_fatal_error_handler
 .text.do_device_init
                0x000000006000b9cc       0x2e zephyr/kernel/libkernel.a(init.c.obj)
 .text.z_early_memset
                0x000000006000b9fa        0x4 zephyr/kernel/libkernel.a(init.c.obj)
                0x000000006000b9fa                z_early_memset
 .text.z_early_memcpy
                0x000000006000b9fe        0x4 zephyr/kernel/libkernel.a(init.c.obj)
                0x000000006000b9fe                z_early_memcpy
 .text.z_heap_alloc_helper
                0x000000006000ba02       0x84 zephyr/kernel/libkernel.a(kheap.c.obj)
 .text.k_heap_init
                0x000000006000ba86       0x10 zephyr/kernel/libkernel.a(kheap.c.obj)
                0x000000006000ba86                k_heap_init
 .text.k_heap_free
                0x000000006000ba96       0x38 zephyr/kernel/libkernel.a(kheap.c.obj)
                0x000000006000ba96                k_heap_free
 .text.idle     0x000000006000bace       0x16 zephyr/kernel/libkernel.a(idle.c.obj)
                0x000000006000bace                idle
 .text.unpend_thread_no_timeout
                0x000000006000bae4       0x1a zephyr/kernel/libkernel.a(msg_q.c.obj)
 .text.adjust_owner_prio.isra.0
                0x000000006000bafe       0x10 zephyr/kernel/libkernel.a(mutex.c.obj)
 .text.z_impl_k_sem_init
                0x000000006000bb0e       0x20 zephyr/kernel/libkernel.a(sem.c.obj)
                0x000000006000bb0e                z_impl_k_sem_init
 .text.flag_test_and_clear
                0x000000006000bb2e       0x16 zephyr/kernel/libkernel.a(work.c.obj)
 .text.notify_queue_locked.isra.0
                0x000000006000bb44        0xe zephyr/kernel/libkernel.a(work.c.obj)
 .text.work_timeout
                0x000000006000bb52       0x3c zephyr/kernel/libkernel.a(work.c.obj)
 .text.k_work_init
                0x000000006000bb8e       0x12 zephyr/kernel/libkernel.a(work.c.obj)
                0x000000006000bb8e                k_work_init
 .text.z_work_submit_to_queue
                0x000000006000bba0       0x26 zephyr/kernel/libkernel.a(work.c.obj)
                0x000000006000bba0                z_work_submit_to_queue
 .text.k_work_submit_to_queue
                0x000000006000bbc6       0x20 zephyr/kernel/libkernel.a(work.c.obj)
                0x000000006000bbc6                k_work_submit_to_queue
 .text.k_work_init_delayable
                0x000000006000bbe6       0x18 zephyr/kernel/libkernel.a(work.c.obj)
                0x000000006000bbe6                k_work_init_delayable
 .text.k_is_in_isr
                0x000000006000bbfe        0xc zephyr/kernel/libkernel.a(thread.c.obj)
                0x000000006000bbfe                k_is_in_isr
 .text.z_impl_k_thread_name_set
                0x000000006000bc0a        0x6 zephyr/kernel/libkernel.a(thread.c.obj)
                0x000000006000bc0a                z_impl_k_thread_name_set
 .text.sys_dlist_remove
                0x000000006000bc10       0x10 zephyr/kernel/libkernel.a(sched.c.obj)
 .text.unpend_thread_no_timeout
                0x000000006000bc20       0x14 zephyr/kernel/libkernel.a(sched.c.obj)
 .text.add_to_waitq_locked
                0x000000006000bc34       0x50 zephyr/kernel/libkernel.a(sched.c.obj)
 .text.z_ready_thread
                0x000000006000bc84       0x1e zephyr/kernel/libkernel.a(sched.c.obj)
                0x000000006000bc84                z_ready_thread
 .text.z_unpend_thread_no_timeout
                0x000000006000bca2       0x22 zephyr/kernel/libkernel.a(sched.c.obj)
                0x000000006000bca2                z_unpend_thread_no_timeout
 .text.z_sched_wake_thread
                0x000000006000bcc4       0x3a zephyr/kernel/libkernel.a(sched.c.obj)
                0x000000006000bcc4                z_sched_wake_thread
 .text.z_thread_timeout
                0x000000006000bcfe        0x8 zephyr/kernel/libkernel.a(sched.c.obj)
                0x000000006000bcfe                z_thread_timeout
 .text.z_unpend1_no_timeout
                0x000000006000bd06       0x2c zephyr/kernel/libkernel.a(sched.c.obj)
                0x000000006000bd06                z_unpend1_no_timeout
 .text.z_unpend_thread
                0x000000006000bd32       0x10 zephyr/kernel/libkernel.a(sched.c.obj)
                0x000000006000bd32                z_unpend_thread
 .text.z_unpend_all
                0x000000006000bd42       0x26 zephyr/kernel/libkernel.a(sched.c.obj)
                0x000000006000bd42                z_unpend_all
 .text.z_impl_k_sleep
                0x000000006000bd68       0x50 zephyr/kernel/libkernel.a(sched.c.obj)
                0x000000006000bd68                z_impl_k_sleep
 .text.z_impl_k_usleep
                0x000000006000bdb8       0x20 zephyr/kernel/libkernel.a(sched.c.obj)
                0x000000006000bdb8                z_impl_k_usleep
 .text.z_sched_wake
                0x000000006000bdd8       0x44 zephyr/kernel/libkernel.a(sched.c.obj)
                0x000000006000bdd8                z_sched_wake
 .text.next_timeout
                0x000000006000be1c       0x2e zephyr/kernel/libkernel.a(timeout.c.obj)
 .text.z_abort_timeout
                0x000000006000be4a       0x50 zephyr/kernel/libkernel.a(timeout.c.obj)
                0x000000006000be4a                z_abort_timeout
 .text.sys_clock_tick_get_32
                0x000000006000be9a        0x8 zephyr/kernel/libkernel.a(timeout.c.obj)
                0x000000006000be9a                sys_clock_tick_get_32
 .text.z_impl_k_uptime_ticks
                0x000000006000bea2        0x4 zephyr/kernel/libkernel.a(timeout.c.obj)
                0x000000006000bea2                z_impl_k_uptime_ticks
 .text.sys_timepoint_calc
                0x000000006000bea6       0x4a zephyr/kernel/libkernel.a(timeout.c.obj)
                0x000000006000bea6                sys_timepoint_calc
 .text.sys_timepoint_timeout
                0x000000006000bef0       0x42 zephyr/kernel/libkernel.a(timeout.c.obj)
                0x000000006000bef0                sys_timepoint_timeout
 .text.z_impl_k_timer_stop
                0x000000006000bf32       0x38 zephyr/kernel/libkernel.a(timer.c.obj)
                0x000000006000bf32                z_impl_k_timer_stop
 .text.add_event
                0x000000006000bf6a       0x54 zephyr/kernel/libkernel.a(poll.c.obj)
 .text.register_events
                0x000000006000bfbe      0x106 zephyr/kernel/libkernel.a(poll.c.obj)
 .text.signal_poll_event
                0x000000006000c0c4       0x86 zephyr/kernel/libkernel.a(poll.c.obj)
 .text.z_handle_obj_poll_events
                0x000000006000c14a       0x3e zephyr/kernel/libkernel.a(poll.c.obj)
                0x000000006000c14a                z_handle_obj_poll_events
 .text.memcpy   0x000000006000c188       0x1c /home/lpl/zephyr-sdk-0.17.2/arm-zephyr-eabi/bin/../lib/gcc/../../picolibc/arm-zephyr-eabi/lib/thumb/v7e-m/nofp/libc.a(memcpy.c.o)
                0x000000006000c188                memcpy
                0x000000006000c188                __aeabi_memcpy
                0x000000006000c188                __aeabi_memcpy4
                0x000000006000c188                __aeabi_memcpy8
 .text.memset   0x000000006000c1a4       0x10 /home/lpl/zephyr-sdk-0.17.2/arm-zephyr-eabi/bin/../lib/gcc/../../picolibc/arm-zephyr-eabi/lib/thumb/v7e-m/nofp/libc.a(memset.c.o)
                0x000000006000c1a4                memset
 .text.strnlen  0x000000006000c1b4       0x18 /home/lpl/zephyr-sdk-0.17.2/arm-zephyr-eabi/bin/../lib/gcc/../../picolibc/arm-zephyr-eabi/lib/thumb/v7e-m/nofp/libc.a(libc_string_strnlen.c.o)
                0x000000006000c1b4                strnlen
 .text.__ultoa_invert
                0x000000006000c1cc       0xae /home/lpl/zephyr-sdk-0.17.2/arm-zephyr-eabi/bin/../lib/gcc/../../picolibc/arm-zephyr-eabi/lib/thumb/v7e-m/nofp/libc.a(libc_tinystdio_vflprintf.c.o)
 *(SORT_BY_ALIGNMENT(.TEXT.*))
 *fill*         0x000000006000c27a        0x2 
 .TEXT.__aeabi_read_tp
                0x000000006000c27c        0xc zephyr/arch/arch/arm/core/cortex_m/libarch__arm__core__cortex_m.a(__aeabi_read_tp.S.obj)
                0x000000006000c27c                __aeabi_read_tp
 *(SORT_BY_ALIGNMENT(.gnu.linkonce.t.*))
 *(SORT_BY_ALIGNMENT(.glue_7t))
 .glue_7t       0x000000006000c288        0x0 linker stubs
 *(SORT_BY_ALIGNMENT(.glue_7))
 .glue_7        0x000000006000c288        0x0 linker stubs
 *(SORT_BY_ALIGNMENT(.vfp11_veneer))
 .vfp11_veneer  0x000000006000c288        0x0 linker stubs
 *(SORT_BY_ALIGNMENT(.v4_bx))
 .v4_bx         0x000000006000c288        0x0 linker stubs
                0x000000006000c288                . = ALIGN (0x4)
                0x000000006000c288                __text_region_end = .

.ARM.exidx      0x000000006000c288        0x8
                0x000000006000c288                __exidx_start = .
 *(SORT_BY_ALIGNMENT(.ARM.exidx*) SORT_BY_ALIGNMENT(gnu.linkonce.armexidx.*))
 .ARM.exidx     0x000000006000c288        0x8 /home/lpl/zephyr-sdk-0.17.2/arm-zephyr-eabi/bin/../lib/gcc/../../picolibc/arm-zephyr-eabi/lib/thumb/v7e-m/nofp/libc.a(strlen.S.o)
 .ARM.exidx     0x000000006000c290        0x0 /home/lpl/zephyr-sdk-0.17.2/arm-zephyr-eabi/bin/../lib/gcc/arm-zephyr-eabi/12.2.0/thumb/v7e-m/nofp/libgcc.a(_udivmoddi4.o)
                                          0x8 (size before relaxing)
                0x000000006000c290                __exidx_end = .
                0x000000006000c290                __rodata_region_start = .

initlevel       0x000000006000c290       0xb8
                0x000000006000c290                __init_start = .
                0x000000006000c290                __init_EARLY_start = .
 *(SORT_BY_NAME(SORT_BY_ALIGNMENT(.z_init_EARLY_P_?_*)))
 .z_init_EARLY_P_0_SUB_0_
                0x000000006000c290        0x8 zephyr/drivers/misc/nxp_flexram/libdrivers__misc__nxp_flexram.a(nxp_flexram.c.obj)
 *(SORT_BY_NAME(SORT_BY_ALIGNMENT(.z_init_EARLY_P_??_*)))
 *(SORT_BY_NAME(SORT_BY_ALIGNMENT(.z_init_EARLY_P_???_*)))
                0x000000006000c298                __init_PRE_KERNEL_1_start = .
 *(SORT_BY_NAME(SORT_BY_ALIGNMENT(.z_init_PRE_KERNEL_1_P_?_*)))
 .z_init_PRE_KERNEL_1_P_0_SUB_0_
                0x000000006000c298        0x8 zephyr/drivers/pinctrl/libdrivers__pinctrl.a(pinctrl_imx.c.obj)
 *(SORT_BY_NAME(SORT_BY_ALIGNMENT(.z_init_PRE_KERNEL_1_P_??_*)))
 .z_init_PRE_KERNEL_1_P_30_SUB_00053_
                0x000000006000c2a0        0x8 zephyr/drivers/clock_control/libdrivers__clock_control.a(clock_control_mcux_ccm.c.obj)
 .z_init_PRE_KERNEL_1_P_30_SUB_0_
                0x000000006000c2a8        0x8 zephyr/kernel/libkernel.a(kheap.c.obj)
 .z_init_PRE_KERNEL_1_P_50_SUB_00538_
                0x000000006000c2b0        0x8 zephyr/libzephyr.a(cdc_acm.c.obj)
 .z_init_PRE_KERNEL_1_P_60_SUB_0_
                0x000000006000c2b8        0x8 zephyr/drivers/console/libdrivers__console.a(uart_console.c.obj)
 *(SORT_BY_NAME(SORT_BY_ALIGNMENT(.z_init_PRE_KERNEL_1_P_???_*)))
                0x000000006000c2c0                __init_PRE_KERNEL_2_start = .
 *(SORT_BY_NAME(SORT_BY_ALIGNMENT(.z_init_PRE_KERNEL_2_P_?_*)))
 .z_init_PRE_KERNEL_2_P_0_SUB_0_
                0x000000006000c2c0        0x8 zephyr/drivers/timer/libdrivers__timer.a(cortex_m_systick.c.obj)
 *(SORT_BY_NAME(SORT_BY_ALIGNMENT(.z_init_PRE_KERNEL_2_P_??_*)))
 *(SORT_BY_NAME(SORT_BY_ALIGNMENT(.z_init_PRE_KERNEL_2_P_???_*)))
                0x000000006000c2c8                __init_POST_KERNEL_start = .
 *(SORT_BY_NAME(SORT_BY_ALIGNMENT(.z_init_POST_KERNEL_P_?_*)))
 *(SORT_BY_NAME(SORT_BY_ALIGNMENT(.z_init_POST_KERNEL_P_??_*)))
 .z_init_POST_KERNEL_P_35_SUB_0_
                0x000000006000c2c8        0x8 zephyr/lib/libc/common/liblib__libc__common.a(malloc.c.obj)
 .z_init_POST_KERNEL_P_40_SUB_00046_
                0x000000006000c2d0        0x8 zephyr/drivers/gpio/libdrivers__gpio.a(gpio_mcux_igpio.c.obj)
 .z_init_POST_KERNEL_P_40_SUB_00132_
                0x000000006000c2d8        0x8 zephyr/drivers/gpio/libdrivers__gpio.a(gpio_mcux_igpio.c.obj)
 .z_init_POST_KERNEL_P_40_SUB_00160_
                0x000000006000c2e0        0x8 zephyr/drivers/gpio/libdrivers__gpio.a(gpio_mcux_igpio.c.obj)
 .z_init_POST_KERNEL_P_40_SUB_00189_
                0x000000006000c2e8        0x8 zephyr/drivers/gpio/libdrivers__gpio.a(gpio_mcux_igpio.c.obj)
 .z_init_POST_KERNEL_P_40_SUB_00222_
                0x000000006000c2f0        0x8 zephyr/drivers/gpio/libdrivers__gpio.a(gpio_mcux_igpio.c.obj)
 .z_init_POST_KERNEL_P_40_SUB_00255_
                0x000000006000c2f8        0x8 zephyr/drivers/gpio/libdrivers__gpio.a(gpio_mcux_igpio.c.obj)
 .z_init_POST_KERNEL_P_40_SUB_00284_
                0x000000006000c300        0x8 zephyr/drivers/gpio/libdrivers__gpio.a(gpio_mcux_igpio.c.obj)
 .z_init_POST_KERNEL_P_40_SUB_00317_
                0x000000006000c308        0x8 zephyr/drivers/gpio/libdrivers__gpio.a(gpio_mcux_igpio.c.obj)
 .z_init_POST_KERNEL_P_40_SUB_00534_
                0x000000006000c310        0x8 zephyr/drivers/gpio/libdrivers__gpio.a(gpio_mcux_igpio.c.obj)
 .z_init_POST_KERNEL_P_40_SUB_0_
                0x000000006000c318        0x8 zephyr/libzephyr.a(usb_work_q.c.obj)
 .z_init_POST_KERNEL_P_40_SUB_0_
                0x000000006000c320        0x8 zephyr/kernel/libkernel.a(system_work_q.c.obj)
 .z_init_POST_KERNEL_P_50_SUB_00345_
                0x000000006000c328        0x8 zephyr/drivers/spi/libdrivers__spi.a(spi_nxp_lpspi.c.obj)
 .z_init_POST_KERNEL_P_50_SUB_00535_
                0x000000006000c330        0x8 zephyr/drivers/spi/libdrivers__spi.a(spi_nxp_lpspi.c.obj)
 .z_init_POST_KERNEL_P_50_SUB_0_
                0x000000006000c338        0x8 zephyr/drivers/usb/device/libdrivers__usb__device.a(usb_dc_mcux.c.obj)
 .z_init_POST_KERNEL_P_90_SUB_00536_
                0x000000006000c340        0x8 zephyr/drivers/lora/libloramac-node.a(sx127x.c.obj)
 *(SORT_BY_NAME(SORT_BY_ALIGNMENT(.z_init_POST_KERNEL_P_???_*)))
                0x000000006000c348                __init_APPLICATION_start = .
 *(SORT_BY_NAME(SORT_BY_ALIGNMENT(.z_init_APPLICATION_P_?_*)))
 *(SORT_BY_NAME(SORT_BY_ALIGNMENT(.z_init_APPLICATION_P_??_*)))
 *(SORT_BY_NAME(SORT_BY_ALIGNMENT(.z_init_APPLICATION_P_???_*)))
                0x000000006000c348                __init_SMP_start = .
 *(SORT_BY_NAME(SORT_BY_ALIGNMENT(.z_init_SMP_P_?_*)))
 *(SORT_BY_NAME(SORT_BY_ALIGNMENT(.z_init_SMP_P_??_*)))
 *(SORT_BY_NAME(SORT_BY_ALIGNMENT(.z_init_SMP_P_???_*)))
                0x000000006000c348                __init_end = .

device_area     0x000000006000c348      0x1c0
                0x000000006000c348                _device_list_start = .
 *(SORT_BY_NAME(SORT_BY_ALIGNMENT(._device.static.*_?_*)))
 *(SORT_BY_NAME(SORT_BY_ALIGNMENT(._device.static.*_??_*)))
 ._device.static.1_30_
                0x000000006000c348       0x20 zephyr/drivers/clock_control/libdrivers__clock_control.a(clock_control_mcux_ccm.c.obj)
                0x000000006000c348                __device_dts_ord_53
 ._device.static.1_50_
                0x000000006000c368       0x20 zephyr/libzephyr.a(cdc_acm.c.obj)
                0x000000006000c368                __device_dts_ord_538
 ._device.static.3_40_
                0x000000006000c388      0x120 zephyr/drivers/gpio/libdrivers__gpio.a(gpio_mcux_igpio.c.obj)
                0x000000006000c388                __device_dts_ord_317
                0x000000006000c3a8                __device_dts_ord_284
                0x000000006000c3c8                __device_dts_ord_255
                0x000000006000c3e8                __device_dts_ord_222
                0x000000006000c408                __device_dts_ord_132
                0x000000006000c428                __device_dts_ord_534
                0x000000006000c448                __device_dts_ord_189
                0x000000006000c468                __device_dts_ord_46
                0x000000006000c488                __device_dts_ord_160
 ._device.static.3_50_
                0x000000006000c4a8       0x40 zephyr/drivers/spi/libdrivers__spi.a(spi_nxp_lpspi.c.obj)
                0x000000006000c4a8                __device_dts_ord_535
                0x000000006000c4c8                __device_dts_ord_345
 ._device.static.3_90_
                0x000000006000c4e8       0x20 zephyr/drivers/lora/libloramac-node.a(sx127x.c.obj)
                0x000000006000c4e8                __device_dts_ord_536
 *(SORT_BY_NAME(SORT_BY_ALIGNMENT(._device.static.*_???_*)))
 *(SORT_BY_NAME(SORT_BY_ALIGNMENT(._device.static.*_????_*)))
 *(SORT_BY_NAME(SORT_BY_ALIGNMENT(._device.static.*_?????_*)))
                0x000000006000c508                _device_list_end = .

sw_isr_table    0x000000006000c508      0x500
                0x000000006000c508                . = ALIGN (0x4)
 *(SORT_BY_ALIGNMENT(.gnu.linkonce.sw_isr_table*))
 .gnu.linkonce.sw_isr_table
                0x000000006000c508      0x500 zephyr/CMakeFiles/zephyr_final.dir/isr_tables.c.obj
                0x000000006000c508                _sw_isr_table

initlevel_error
                0x000000006000c290        0x0
 *(SORT_BY_NAME(SORT_BY_ALIGNMENT(.z_init_*)))
                0x0000000000000001                ASSERT ((SIZEOF (initlevel_error) == 0x0), Undefined initialization levels used.)

app_shmem_regions
                0x000000006000ca08        0x0
                0x000000006000ca08                __app_shmem_regions_start = .
 *(SORT_BY_NAME(SORT_BY_ALIGNMENT(.app_regions.*)))
                0x000000006000ca08                __app_shmem_regions_end = .

k_p4wq_initparam_area
                0x000000006000ca08        0x0
                0x000000006000ca08                _k_p4wq_initparam_list_start = .
 *(SORT_BY_NAME(SORT_BY_ALIGNMENT(._k_p4wq_initparam.static.*)))
                0x000000006000ca08                _k_p4wq_initparam_list_end = .

_static_thread_data_area
                0x000000006000ca08        0x0
                0x000000006000ca08                __static_thread_data_list_start = .
 *(SORT_BY_NAME(SORT_BY_ALIGNMENT(.__static_thread_data.static.*)))
                0x000000006000ca08                __static_thread_data_list_end = .

device_deps     0x000000006000ca08        0x0
                0x000000006000ca08                __device_deps_start = .
 *(SORT_BY_NAME(SORT_BY_ALIGNMENT(.__device_deps_pass2*)))
                0x000000006000ca08                __device_deps_end = .

gpio_driver_api_area
                0x000000006000ca08       0x24
                0x000000006000ca08                _gpio_driver_api_list_start = .
 *(SORT_BY_NAME(SORT_BY_ALIGNMENT(._gpio_driver_api.static.*)))
 ._gpio_driver_api.static.mcux_igpio_driver_api_
                0x000000006000ca08       0x24 zephyr/drivers/gpio/libdrivers__gpio.a(gpio_mcux_igpio.c.obj)
                0x000000006000ca2c                _gpio_driver_api_list_end = .

spi_driver_api_area
                0x000000006000ca2c        0x8
                0x000000006000ca2c                _spi_driver_api_list_start = .
 *(SORT_BY_NAME(SORT_BY_ALIGNMENT(._spi_driver_api.static.*)))
 ._spi_driver_api.static.lpspi_driver_api_
                0x000000006000ca2c        0x8 zephyr/drivers/spi/libdrivers__spi.a(spi_nxp_lpspi.c.obj)
                0x000000006000ca34                _spi_driver_api_list_end = .

blink_driver_api_area
                0x000000006000ca34        0x0
                0x000000006000ca34                _blink_driver_api_list_start = .
 *(SORT_BY_NAME(SORT_BY_ALIGNMENT(._blink_driver_api.static.*)))
                0x000000006000ca34                _blink_driver_api_list_end = .

shared_irq_driver_api_area
                0x000000006000ca34        0x0
                0x000000006000ca34                _shared_irq_driver_api_list_start = .
 *(SORT_BY_NAME(SORT_BY_ALIGNMENT(._shared_irq_driver_api.static.*)))
                0x000000006000ca34                _shared_irq_driver_api_list_end = .

crypto_driver_api_area
                0x000000006000ca34        0x0
                0x000000006000ca34                _crypto_driver_api_list_start = .
 *(SORT_BY_NAME(SORT_BY_ALIGNMENT(._crypto_driver_api.static.*)))
                0x000000006000ca34                _crypto_driver_api_list_end = .

adc_driver_api_area
                0x000000006000ca34        0x0
                0x000000006000ca34                _adc_driver_api_list_start = .
 *(SORT_BY_NAME(SORT_BY_ALIGNMENT(._adc_driver_api.static.*)))
                0x000000006000ca34                _adc_driver_api_list_end = .

auxdisplay_driver_api_area
                0x000000006000ca34        0x0
                0x000000006000ca34                _auxdisplay_driver_api_list_start = .
 *(SORT_BY_NAME(SORT_BY_ALIGNMENT(._auxdisplay_driver_api.static.*)))
                0x000000006000ca34                _auxdisplay_driver_api_list_end = .

bbram_driver_api_area
                0x000000006000ca34        0x0
                0x000000006000ca34                _bbram_driver_api_list_start = .
 *(SORT_BY_NAME(SORT_BY_ALIGNMENT(._bbram_driver_api.static.*)))
                0x000000006000ca34                _bbram_driver_api_list_end = .

bt_hci_driver_api_area
                0x000000006000ca34        0x0
                0x000000006000ca34                _bt_hci_driver_api_list_start = .
 *(SORT_BY_NAME(SORT_BY_ALIGNMENT(._bt_hci_driver_api.static.*)))
                0x000000006000ca34                _bt_hci_driver_api_list_end = .

can_driver_api_area
                0x000000006000ca34        0x0
                0x000000006000ca34                _can_driver_api_list_start = .
 *(SORT_BY_NAME(SORT_BY_ALIGNMENT(._can_driver_api.static.*)))
                0x000000006000ca34                _can_driver_api_list_end = .

cellular_driver_api_area
                0x000000006000ca34        0x0
                0x000000006000ca34                _cellular_driver_api_list_start = .
 *(SORT_BY_NAME(SORT_BY_ALIGNMENT(._cellular_driver_api.static.*)))
                0x000000006000ca34                _cellular_driver_api_list_end = .

charger_driver_api_area
                0x000000006000ca34        0x0
                0x000000006000ca34                _charger_driver_api_list_start = .
 *(SORT_BY_NAME(SORT_BY_ALIGNMENT(._charger_driver_api.static.*)))
                0x000000006000ca34                _charger_driver_api_list_end = .

clock_control_driver_api_area
                0x000000006000ca34       0x1c
                0x000000006000ca34                _clock_control_driver_api_list_start = .
 *(SORT_BY_NAME(SORT_BY_ALIGNMENT(._clock_control_driver_api.static.*)))
 ._clock_control_driver_api.static.mcux_ccm_driver_api_
                0x000000006000ca34       0x1c zephyr/drivers/clock_control/libdrivers__clock_control.a(clock_control_mcux_ccm.c.obj)
                0x000000006000ca50                _clock_control_driver_api_list_end = .

comparator_driver_api_area
                0x000000006000ca50        0x0
                0x000000006000ca50                _comparator_driver_api_list_start = .
 *(SORT_BY_NAME(SORT_BY_ALIGNMENT(._comparator_driver_api.static.*)))
                0x000000006000ca50                _comparator_driver_api_list_end = .

coredump_driver_api_area
                0x000000006000ca50        0x0