Archive member included to satisfy reference by file (symbol)

app/libapp.a(main.c.obj)      (--whole-archive)
zephyr/libzephyr.a(heap.c.obj)
                              (--whole-archive)
zephyr/libzephyr.a(cbprintf_packaged.c.obj)
                              (--whole-archive)
zephyr/libzephyr.a(clock.c.obj)
                              (--whole-archive)
zephyr/libzephyr.a(printk.c.obj)
                              (--whole-archive)
zephyr/libzephyr.a(sem.c.obj)
                              (--whole-archive)
zephyr/libzephyr.a(thread_entry.c.obj)
                              (--whole-archive)
zephyr/libzephyr.a(cbprintf_complete.c.obj)
                              (--whole-archive)
zephyr/libzephyr.a(assert.c.obj)
                              (--whole-archive)
zephyr/libzephyr.a(dec.c.obj)
                              (--whole-archive)
zephyr/libzephyr.a(hex.c.obj)
                              (--whole-archive)
zephyr/libzephyr.a(rb.c.obj)  (--whole-archive)
zephyr/libzephyr.a(timeutil.c.obj)
                              (--whole-archive)
zephyr/libzephyr.a(bitarray.c.obj)
                              (--whole-archive)
zephyr/libzephyr.a(ring_buffer.c.obj)
                              (--whole-archive)
zephyr/libzephyr.a(last_section_id.c.obj)
                              (--whole-archive)
zephyr/libzephyr.a(configs.c.obj)
                              (--whole-archive)
zephyr/libzephyr.a(soc.c.obj)
                              (--whole-archive)
zephyr/libzephyr.a(mpu_regions.c.obj)
                              (--whole-archive)
zephyr/libzephyr.a(log_core.c.obj)
                              (--whole-archive)
zephyr/libzephyr.a(log_mgmt.c.obj)
                              (--whole-archive)
zephyr/libzephyr.a(log_cache.c.obj)
                              (--whole-archive)
zephyr/libzephyr.a(log_msg.c.obj)
                              (--whole-archive)
zephyr/libzephyr.a(log_output.c.obj)
                              (--whole-archive)
zephyr/libzephyr.a(log_backend_uart.c.obj)
                              (--whole-archive)
zephyr/libzephyr.a(mem_attr.c.obj)
                              (--whole-archive)
zephyr/libzephyr.a(tracing_none.c.obj)
                              (--whole-archive)
zephyr/libzephyr.a(usb_device.c.obj)
                              (--whole-archive)
zephyr/libzephyr.a(usb_descriptor.c.obj)
                              (--whole-archive)
zephyr/libzephyr.a(usb_transfer.c.obj)
                              (--whole-archive)
zephyr/libzephyr.a(cdc_acm.c.obj)
                              (--whole-archive)
zephyr/libzephyr.a(usb_work_q.c.obj)
                              (--whole-archive)
zephyr/arch/common/libarch__common.a(sw_isr_common.c.obj)
                              (--whole-archive)
zephyr/arch/arch/arm/core/libarch__arm__core.a(fatal.c.obj)
                              (--whole-archive)
zephyr/arch/arch/arm/core/libarch__arm__core.a(nmi.c.obj)
                              (--whole-archive)
zephyr/arch/arch/arm/core/libarch__arm__core.a(nmi_on_reset.S.obj)
                              (--whole-archive)
zephyr/arch/arch/arm/core/libarch__arm__core.a(tls.c.obj)
                              (--whole-archive)
zephyr/arch/arch/arm/core/cortex_m/libarch__arm__core__cortex_m.a(exc_exit.c.obj)
                              (--whole-archive)
zephyr/arch/arch/arm/core/cortex_m/libarch__arm__core__cortex_m.a(fault.c.obj)
                              (--whole-archive)
zephyr/arch/arch/arm/core/cortex_m/libarch__arm__core__cortex_m.a(fault_s.S.obj)
                              (--whole-archive)
zephyr/arch/arch/arm/core/cortex_m/libarch__arm__core__cortex_m.a(fpu.c.obj)
                              (--whole-archive)
zephyr/arch/arch/arm/core/cortex_m/libarch__arm__core__cortex_m.a(reset.S.obj)
                              (--whole-archive)
zephyr/arch/arch/arm/core/cortex_m/libarch__arm__core__cortex_m.a(scb.c.obj)
                              (--whole-archive)
zephyr/arch/arch/arm/core/cortex_m/libarch__arm__core__cortex_m.a(thread_abort.c.obj)
                              (--whole-archive)
zephyr/arch/arch/arm/core/cortex_m/libarch__arm__core__cortex_m.a(vector_table.S.obj)
                              (--whole-archive)
zephyr/arch/arch/arm/core/cortex_m/libarch__arm__core__cortex_m.a(swap_helper.S.obj)
                              (--whole-archive)
zephyr/arch/arch/arm/core/cortex_m/libarch__arm__core__cortex_m.a(irq_manage.c.obj)
                              (--whole-archive)
zephyr/arch/arch/arm/core/cortex_m/libarch__arm__core__cortex_m.a(prep_c.c.obj)
                              (--whole-archive)
zephyr/arch/arch/arm/core/cortex_m/libarch__arm__core__cortex_m.a(thread.c.obj)
                              (--whole-archive)
zephyr/arch/arch/arm/core/cortex_m/libarch__arm__core__cortex_m.a(cpu_idle.c.obj)
                              (--whole-archive)
zephyr/arch/arch/arm/core/cortex_m/libarch__arm__core__cortex_m.a(irq_init.c.obj)
[...]
Memory Configuration

Name             Origin             Length             Attributes
FLASH            0x0000000060000000 0x0000000000800000 xr
RAM              0x0000000020280000 0x0000000000040000 xw
ITCM             0x0000000000000000 0x0000000000020000 rw
DTCM             0x0000000020000000 0x0000000000020000 rw
OCRAM            0x0000000020280000 0x0000000000040000 rw
OCRAM2           0x0000000020200000 0x0000000000080000 rw
IDT_LIST         0x00000000ffff7fff 0x0000000000008000 xw
*default*        0x0000000000000000 0xffffffffffffffff

Linker script and memory map

                0x0000000060009cfc                vfprintf = __d_vfprintf
                0x0000000000000000                vfscanf = __d_vfscanf
LOAD zephyr/CMakeFiles/zephyr_final.dir/misc/empty_file.c.obj
LOAD zephyr/CMakeFiles/zephyr_final.dir/isr_tables.c.obj
LOAD zephyr/CMakeFiles/offsets.dir/./arch/arm/core/offsets/offsets.c.obj
LOAD app/libapp.a
LOAD zephyr/libzephyr.a
LOAD zephyr/arch/common/libarch__common.a
LOAD zephyr/arch/arch/arm/core/libarch__arm__core.a
LOAD zephyr/arch/arch/arm/core/cortex_m/libarch__arm__core__cortex_m.a
LOAD zephyr/arch/arch/arm/core/mpu/libarch__arm__core__mpu.a
LOAD zephyr/lib/libc/picolibc/liblib__libc__picolibc.a
LOAD zephyr/lib/libc/common/liblib__libc__common.a
LOAD zephyr/boards/boards/arm/ranger_1/lib..__arty__boards__lpl__teensy_hive.a
LOAD zephyr/drivers/misc/nxp_flexram/libdrivers__misc__nxp_flexram.a
LOAD zephyr/drivers/usb/device/libdrivers__usb__device.a
LOAD zephyr/drivers/adc/libdrivers__adc.a
LOAD zephyr/drivers/clock_control/libdrivers__clock_control.a
LOAD zephyr/drivers/console/libdrivers__console.a
LOAD zephyr/drivers/counter/libdrivers__counter.a
LOAD zephyr/drivers/gpio/libdrivers__gpio.a
LOAD zephyr/drivers/hwinfo/libdrivers__hwinfo.a
LOAD zephyr/drivers/i2c/libdrivers__i2c.a
LOAD zephyr/drivers/pinctrl/libdrivers__pinctrl.a
LOAD zephyr/drivers/serial/libdrivers__serial.a
LOAD zephyr/drivers/timer/libdrivers__timer.a
LOAD modules/hal_nxp/libmodules__hal_nxp.a
LOAD zephyr/kernel/libkernel.a
LOAD zephyr/arch/common/libisr_tables.a
LOAD /home/lpl/zephyr-sdk-0.17.2/arm-zephyr-eabi/bin/../lib/gcc/../../picolibc/arm-zephyr-eabi/lib/thumb/v7e-m+dp/hard/libc.a
LOAD /home/lpl/zephyr-sdk-0.17.2/arm-zephyr-eabi/bin/../lib/gcc/arm-zephyr-eabi/12.2.0/thumb/v7e-m+dp/hard/libgcc.a
                0x0000000000000080                _region_min_align = 0x80

.rel.plt        0x0000000060000000        0x0
 *(SORT_BY_ALIGNMENT(.rel.plt))
                [!provide]                        PROVIDE (__rel_iplt_start = .)
 *(SORT_BY_ALIGNMENT(.rel.iplt))
 .rel.iplt      0x0000000060000000        0x0 zephyr/CMakeFiles/zephyr_final.dir/isr_tables.c.obj
                [!provide]                        PROVIDE (__rel_iplt_end = .)

.rela.plt       0x0000000000000000        0x0
 *(SORT_BY_ALIGNMENT(.rela.plt))
                [!provide]                        PROVIDE (__rela_iplt_start = .)
 *(SORT_BY_ALIGNMENT(.rela.iplt))
                [!provide]                        PROVIDE (__rela_iplt_end = .)

.rel.dyn
 *(SORT_BY_ALIGNMENT(.rel.*))

.rela.dyn
 *(SORT_BY_ALIGNMENT(.rela.*))

/DISCARD/
 *(SORT_BY_ALIGNMENT(.plt))

/DISCARD/
 *(SORT_BY_ALIGNMENT(.iplt))
                0x0000000060000000                __rom_region_start = 0x60000000

rom_start       0x0000000060000000     0x22c0
                0x0000000060000000                __rom_start_address = .
 FILL mask 0x00
                0x0000000060000000                . = (. + (0x0 - (. - __rom_start_address)))
 *(SORT_BY_ALIGNMENT(.boot_hdr.conf))
 .boot_hdr.conf
                0x0000000060000000      0x200 zephyr/boards/boards/arm/ranger_1/lib..__arty__boards__lpl__teensy_hive.a(flexspi_nor_config.c.obj)
                0x0000000060000000                Qspiflash_config
                0x0000000060001000                . = (. + (0x1000 - (. - __rom_start_address)))
 *fill*         0x0000000060000200      0xe00 00
 *(SORT_BY_ALIGNMENT(.boot_hdr.ivt))
 .boot_hdr.ivt  0x0000000060001000       0x20 zephyr/libzephyr.a(soc.c.obj)
                0x0000000060001000                image_vector_table
 *(SORT_BY_ALIGNMENT(.boot_hdr.data))
 .boot_hdr.data
                0x0000000060001020       0x10 zephyr/libzephyr.a(soc.c.obj)
                0x0000000060001020                boot_data
                0x0000000060002000                . = (. + (0x2000 - (. - __rom_start_address)))
 *fill*         0x0000000060001030      0xfd0 00
                0x0000000060002000                . = ALIGN (0x4)
                0x0000000060002000                . = ALIGN (0x80)
                0x0000000060002000                . = ALIGN (0x400)
                0x0000000060002000                _vector_start = .
 *(SORT_BY_ALIGNMENT(.exc_vector_table))
 *(SORT_BY_ALIGNMENT(.exc_vector_table.*))
 .exc_vector_table._vector_table_section
                0x0000000060002000       0x40 zephyr/arch/arch/arm/core/cortex_m/libarch__arm__core__cortex_m.a(vector_table.S.obj)
                0x0000000060002000                _vector_table
 *(SORT_BY_ALIGNMENT(.vectors))
                0x00000000600022c0                _vector_end = .
                0x0000000060002040                . = ALIGN (0x4)
 *(SORT_BY_ALIGNMENT(.gnu.linkonce.irq_vector_table*))
 .gnu.linkonce.irq_vector_table
                0x0000000060002040      0x280 zephyr/CMakeFiles/zephyr_final.dir/isr_tables.c.obj
                0x0000000060002040                _irq_vector_table
                0x00000000600022c0                _vector_end = .

text            0x00000000600022c0     0xbe8c
                0x00000000600022c0                __text_region_start = .
 *(SORT_BY_ALIGNMENT(.text))
 .text          0x00000000600022c0       0x30 /home/lpl/zephyr-sdk-0.17.2/arm-zephyr-eabi/bin/../lib/gcc/arm-zephyr-eabi/12.2.0/thumb/v7e-m+dp/hard/libgcc.a(_aeabi_uldivmod.o)
                0x00000000600022c0                __aeabi_uldivmod
 .text          0x00000000600022f0        0x4 /home/lpl/zephyr-sdk-0.17.2/arm-zephyr-eabi/bin/../lib/gcc/arm-zephyr-eabi/12.2.0/thumb/v7e-m+dp/hard/libgcc.a(_dvmd_tls.o)
                0x00000000600022f0                __aeabi_ldiv0
                0x00000000600022f0                __aeabi_idiv0
 .text          0x00000000600022f4       0x10 /home/lpl/zephyr-sdk-0.17.2/arm-zephyr-eabi/bin/../lib/gcc/../../picolibc/arm-zephyr-eabi/lib/thumb/v7e-m+dp/hard/libc.a(strlen.S.o)
                0x00000000600022f4                strlen
 .text          0x0000000060002304      0x2a0 /home/lpl/zephyr-sdk-0.17.2/arm-zephyr-eabi/bin/../lib/gcc/arm-zephyr-eabi/12.2.0/thumb/v7e-m+dp/hard/libgcc.a(_udivmoddi4.o)
                0x0000000060002304                __udivmoddi4
 *(SORT_BY_ALIGNMENT(.text.*))
 .text.i2c_write_read.constprop.0
                0x00000000600025a4       0x40 app/libapp.a(main.c.obj)
 .text.reg_write.constprop.0
                0x00000000600025e4       0x38 app/libapp.a(main.c.obj)
 .text.main     0x000000006000261c      0x30c app/libapp.a(main.c.obj)
                0x000000006000261c                main
 .text.cbvprintf_package
                0x0000000060002928      0x3a4 zephyr/libzephyr.a(cbprintf_packaged.c.obj)
                0x0000000060002928                cbvprintf_package
 .text.__printk_hook_install
                0x0000000060002ccc        0xc zephyr/libzephyr.a(printk.c.obj)
                0x0000000060002ccc                __printk_hook_install
 .text.z_thread_entry
                0x0000000060002cd8       0x34 zephyr/libzephyr.a(thread_entry.c.obj)
                0x0000000060002cd8                z_thread_entry
 .text.clock_init
                0x0000000060002d0c       0xf4 zephyr/libzephyr.a(soc.c.obj)
                0x0000000060002d0c                clock_init
 .text.z_log_init.isra.0
                0x0000000060002e00       0xd4 zephyr/libzephyr.a(log_core.c.obj)
 .text.log_format_func_t_get
                0x0000000060002ed4        0xc zephyr/libzephyr.a(log_core.c.obj)
                0x0000000060002ed4                log_format_func_t_get
 .text.log_set_timestamp_func
                0x0000000060002ee0       0x20 zephyr/libzephyr.a(log_core.c.obj)
                0x0000000060002ee0                log_set_timestamp_func
 .text.log_core_init
                0x0000000060002f00       0x4c zephyr/libzephyr.a(log_core.c.obj)
                0x0000000060002f00                log_core_init
 .text.z_impl_log_panic
                0x0000000060002f4c       0x3c zephyr/libzephyr.a(log_core.c.obj)
                0x0000000060002f4c                z_impl_log_panic
 .text.z_log_dropped
                0x0000000060002f88       0x30 zephyr/libzephyr.a(log_core.c.obj)
                0x0000000060002f88                z_log_dropped
 .text.z_log_msg_commit
                0x0000000060002fb8       0x38 zephyr/libzephyr.a(log_core.c.obj)
                0x0000000060002fb8                z_log_msg_commit
 .text.log_source_name_get
                0x0000000060002ff0       0x1c zephyr/libzephyr.a(log_mgmt.c.obj)
                0x0000000060002ff0                log_source_name_get
 .text.z_log_msg_runtime_vcreate
                0x000000006000300c       0xac zephyr/libzephyr.a(log_msg.c.obj)
                0x000000006000300c                z_log_msg_runtime_vcreate
 .text.log_msg_get_source_id
                0x00000000600030b8       0x18 zephyr/libzephyr.a(log_msg.c.obj)
                0x00000000600030b8                log_msg_get_source_id
 .text.print_formatted
                0x00000000600030d0       0x24 zephyr/libzephyr.a(log_output.c.obj)
 .text.newline_print
                0x00000000600030f4       0x1c zephyr/libzephyr.a(log_output.c.obj)
 .text.log_output_process
                0x0000000060003110      0x2e0 zephyr/libzephyr.a(log_output.c.obj)
                0x0000000060003110                log_output_process
 .text.log_output_timestamp_freq_set
                0x00000000600033f0       0x2c zephyr/libzephyr.a(log_output.c.obj)
                0x00000000600033f0                log_output_timestamp_freq_set
 .text.char_out
                0x000000006000341c       0x24 zephyr/libzephyr.a(log_backend_uart.c.obj)
 .text.mem_attr_get_regions
                0x0000000060003440        0xc zephyr/libzephyr.a(mem_attr.c.obj)
                0x0000000060003440                mem_attr_get_regions
 .text.class_handler
                0x000000006000344c       0x44 zephyr/libzephyr.a(usb_device.c.obj)
 .text.custom_handler
                0x0000000060003490       0x64 zephyr/libzephyr.a(usb_device.c.obj)
 .text.vendor_handler
                0x00000000600034f4       0x3c zephyr/libzephyr.a(usb_device.c.obj)
 .text.usb_reset_alt_setting
                0x0000000060003530       0x10 zephyr/libzephyr.a(usb_device.c.obj)
 .text.is_ep_valid.part.0
                0x0000000060003540       0x38 zephyr/libzephyr.a(usb_device.c.obj)
 .text.usb_halt_endpoint_req
                0x0000000060003578       0x54 zephyr/libzephyr.a(usb_device.c.obj)
 .text.usb_handle_request.constprop.0
                0x00000000600035cc       0x2c zephyr/libzephyr.a(usb_device.c.obj)
 .text.get_ep_bm_from_addr
                0x00000000600035f8       0x44 zephyr/libzephyr.a(usb_device.c.obj)
 .text.disable_endpoint
                0x000000006000363c       0x54 zephyr/libzephyr.a(usb_device.c.obj)
 .text.forward_status_cb
                0x0000000060003690       0xb0 zephyr/libzephyr.a(usb_device.c.obj)
 .text.set_endpoint
                0x0000000060003740       0xb4 zephyr/libzephyr.a(usb_device.c.obj)
 .text.usb_handle_standard_request
                0x00000000600037f4      0x2f4 zephyr/libzephyr.a(usb_device.c.obj)
 .text.usb_data_to_host
                0x0000000060003ae8       0x60 zephyr/libzephyr.a(usb_device.c.obj)
 .text.usb_handle_control_transfer
                0x0000000060003b48      0x100 zephyr/libzephyr.a(usb_device.c.obj)
 .text.usb_set_config
                0x0000000060003c48       0x2c zephyr/libzephyr.a(usb_device.c.obj)
                0x0000000060003c48                usb_set_config
 .text.usb_enable
                0x0000000060003c74      0x16c zephyr/libzephyr.a(usb_device.c.obj)
                0x0000000060003c74                usb_enable
 .text.usb_update_sn_string_descriptor
                0x0000000060003de0       0x8c zephyr/libzephyr.a(usb_descriptor.c.obj)
                0x0000000060003de0                usb_update_sn_string_descriptor
 .text.usb_get_device_descriptor
                0x0000000060003e6c      0x25c zephyr/libzephyr.a(usb_descriptor.c.obj)
                0x0000000060003e6c                usb_get_device_descriptor
 .text.usb_ep_get_transfer
                0x00000000600040c8       0x28 zephyr/libzephyr.a(usb_transfer.c.obj)
 .text.usb_transfer_work
                0x00000000600040f0      0x130 zephyr/libzephyr.a(usb_transfer.c.obj)
 .text.usb_transfer_ep_callback
                0x0000000060004220       0x78 zephyr/libzephyr.a(usb_transfer.c.obj)
                0x0000000060004220                usb_transfer_ep_callback
 .text.usb_transfer
                0x0000000060004298      0x12c zephyr/libzephyr.a(usb_transfer.c.obj)
                0x0000000060004298                usb_transfer
 .text.usb_cancel_transfer
                0x00000000600043c4       0x3c zephyr/libzephyr.a(usb_transfer.c.obj)
                0x00000000600043c4                usb_cancel_transfer
 .text.usb_cancel_transfers
                0x0000000060004400       0x44 zephyr/libzephyr.a(usb_transfer.c.obj)
                0x0000000060004400                usb_cancel_transfers
 .text.usb_transfer_init
                0x0000000060004444       0x30 zephyr/libzephyr.a(usb_transfer.c.obj)
                0x0000000060004444                usb_transfer_init
 .text.cdc_acm_irq_rx_enable
                0x0000000060004474       0x20 zephyr/libzephyr.a(cdc_acm.c.obj)
 .text.cdc_acm_irq_tx_enable
                0x0000000060004494       0x20 zephyr/libzephyr.a(cdc_acm.c.obj)
 .text.cdc_acm_fifo_fill
                0x00000000600044b4       0x3c zephyr/libzephyr.a(cdc_acm.c.obj)
 .text.cdc_acm_write_cb
                0x00000000600044f0       0x54 zephyr/libzephyr.a(cdc_acm.c.obj)
 .text.cdc_acm_class_handle_req
                0x0000000060004544       0x64 zephyr/libzephyr.a(cdc_acm.c.obj)
                0x0000000060004544                cdc_acm_class_handle_req
 .text.cdc_acm_int_in
                0x00000000600045a8       0x18 zephyr/libzephyr.a(cdc_acm.c.obj)
 .text.cdc_acm_reset_port
                0x00000000600045c0       0x3c zephyr/libzephyr.a(cdc_acm.c.obj)
 .text.cdc_acm_init
                0x00000000600045fc       0x48 zephyr/libzephyr.a(cdc_acm.c.obj)
 .text.cdc_acm_send_notification.isra.0
                0x0000000060004644       0x44 zephyr/libzephyr.a(cdc_acm.c.obj)
 .text.cdc_acm_poll_out
                0x0000000060004688       0x70 zephyr/libzephyr.a(cdc_acm.c.obj)
 .text.tx_work_handler
                0x00000000600046f8       0x7c zephyr/libzephyr.a(cdc_acm.c.obj)
 .text.cdc_acm_read_cb
                0x0000000060004774       0x78 zephyr/libzephyr.a(cdc_acm.c.obj)
 .text.cdc_acm_dev_status_cb
                0x00000000600047ec       0x80 zephyr/libzephyr.a(cdc_acm.c.obj)
 .text.z_usb_work_q_init
                0x000000006000486c       0x34 zephyr/libzephyr.a(usb_work_q.c.obj)
 .text.z_arm_fatal_error
                0x00000000600048a0      0x12c zephyr/arch/arch/arm/core/libarch__arm__core.a(fatal.c.obj)
                0x00000000600048a0                z_arm_fatal_error
 .text.z_SysNmiOnReset
                0x00000000600049cc        0x8 zephyr/arch/arch/arm/core/libarch__arm__core.a(nmi_on_reset.S.obj)
                0x00000000600049cc                z_SysNmiOnReset
 .text.arch_tls_stack_setup
                0x00000000600049d4       0x40 zephyr/arch/arch/arm/core/libarch__arm__core.a(tls.c.obj)
                0x00000000600049d4                arch_tls_stack_setup
 .text._HandlerModeExit
                0x0000000060004a14       0x20 zephyr/arch/arch/arm/core/cortex_m/libarch__arm__core__cortex_m.a(exc_exit.c.obj)
                0x0000000060004a14                z_arm_exc_exit
                0x0000000060004a14                z_arm_int_exit
 .text.bus_fault.constprop.0
                0x0000000060004a34      0x13c zephyr/arch/arch/arm/core/cortex_m/libarch__arm__core__cortex_m.a(fault.c.obj)
 .text.usage_fault.constprop.0
                0x0000000060004b70      0x108 zephyr/arch/arch/arm/core/cortex_m/libarch__arm__core__cortex_m.a(fault.c.obj)
 .text.mem_manage_fault
                0x0000000060004c78      0x164 zephyr/arch/arch/arm/core/cortex_m/libarch__arm__core__cortex_m.a(fault.c.obj)
 .text.z_arm_fault
                0x0000000060004ddc      0x200 zephyr/arch/arch/arm/core/cortex_m/libarch__arm__core__cortex_m.a(fault.c.obj)
                0x0000000060004ddc                z_arm_fault
 .text.z_arm_fault_init
                0x0000000060004fdc       0x18 zephyr/arch/arch/arm/core/cortex_m/libarch__arm__core__cortex_m.a(fault.c.obj)
                0x0000000060004fdc                z_arm_fault_init
 .text.__fault  0x0000000060004ff4       0x14 zephyr/arch/arch/arm/core/cortex_m/libarch__arm__core__cortex_m.a(fault_s.S.obj)
                0x0000000060004ff4                z_arm_bus_fault
                0x0000000060004ff4                z_arm_usage_fault
                0x0000000060004ff4                z_arm_mpu_fault
                0x0000000060004ff4                z_arm_exc_spurious
                0x0000000060004ff4                z_arm_debug_monitor
                0x0000000060004ff4                z_arm_hard_fault
 .text._reset_section
                0x0000000060005008       0x38 zephyr/arch/arch/arm/core/cortex_m/libarch__arm__core__cortex_m.a(reset.S.obj)
                0x0000000060005008                z_arm_reset
                0x0000000060005008                __start
 .text.z_impl_k_thread_abort
                0x0000000060005040       0x2c zephyr/arch/arch/arm/core/cortex_m/libarch__arm__core__cortex_m.a(thread_abort.c.obj)
                0x0000000060005040                z_impl_k_thread_abort
 .text.z_arm_pendsv
                0x000000006000506c       0x9c zephyr/arch/arch/arm/core/cortex_m/libarch__arm__core__cortex_m.a(swap_helper.S.obj)
                0x000000006000506c                z_arm_pendsv
 .text.z_arm_svc
                0x0000000060005108       0x24 zephyr/arch/arch/arm/core/cortex_m/libarch__arm__core__cortex_m.a(swap_helper.S.obj)
                0x0000000060005108                z_arm_svc
 .text.arm_irq_enable
                0x000000006000512c       0x1c zephyr/arch/arch/arm/core/cortex_m/libarch__arm__core__cortex_m.a(irq_manage.c.obj)
                0x000000006000512c                arm_irq_enable
 .text.arm_irq_priority_set
                0x0000000060005148       0x2c zephyr/arch/arch/arm/core/cortex_m/libarch__arm__core__cortex_m.a(irq_manage.c.obj)
                0x0000000060005148                arm_irq_priority_set
 .text.relocate_vector_table
                0x0000000060005174       0x1c zephyr/arch/arch/arm/core/cortex_m/libarch__arm__core__cortex_m.a(prep_c.c.obj)
                0x0000000060005174                relocate_vector_table
 .text.z_prep_c
                0x0000000060005190       0x50 zephyr/arch/arch/arm/core/cortex_m/libarch__arm__core__cortex_m.a(prep_c.c.obj)
                0x0000000060005190                z_prep_c
 .text.arch_new_thread
                0x00000000600051e0       0x34 zephyr/arch/arch/arm/core/cortex_m/libarch__arm__core__cortex_m.a(thread.c.obj)
                0x00000000600051e0                arch_new_thread
 .text.z_arm_mpu_stack_guard_and_fpu_adjust
                0x0000000060005214       0x54 zephyr/arch/arch/arm/core/cortex_m/libarch__arm__core__cortex_m.a(thread.c.obj)
                0x0000000060005214                z_arm_mpu_stack_guard_and_fpu_adjust
 .text.z_check_thread_stack_fail
                0x0000000060005268       0x2c zephyr/arch/arch/arm/core/cortex_m/libarch__arm__core__cortex_m.a(thread.c.obj)
                0x0000000060005268                z_check_thread_stack_fail
 .text.arch_float_disable
                0x0000000060005294       0x48 zephyr/arch/arch/arm/core/cortex_m/libarch__arm__core__cortex_m.a(thread.c.obj)
                0x0000000060005294                arch_float_disable
 .text.arch_switch_to_main_thread
                0x00000000600052dc       0x58 zephyr/arch/arch/arm/core/cortex_m/libarch__arm__core__cortex_m.a(thread.c.obj)
                0x00000000600052dc                arch_switch_to_main_thread
 .text.z_arm_cpu_idle_init
                0x0000000060005334        0xc zephyr/arch/arch/arm/core/cortex_m/libarch__arm__core__cortex_m.a(cpu_idle.c.obj)
                0x0000000060005334                z_arm_cpu_idle_init
 .text.z_arm_interrupt_init
                0x0000000060005340       0x18 zephyr/arch/arch/arm/core/cortex_m/libarch__arm__core__cortex_m.a(irq_init.c.obj)
                0x0000000060005340                z_arm_interrupt_init
 .text._isr_wrapper
                0x0000000060005358       0x24 zephyr/arch/arch/arm/core/cortex_m/libarch__arm__core__cortex_m.a(isr_wrapper.c.obj)
                0x0000000060005358                _isr_wrapper
 .text.arch_dcache_enable
                0x000000006000537c       0x5c zephyr/arch/arch/arm/core/cortex_m/libarch__arm__core__cortex_m.a(cache.c.obj)
                0x000000006000537c                arch_dcache_enable
 .text.arch_icache_enable
                0x00000000600053d8       0x34 zephyr/arch/arch/arm/core/cortex_m/libarch__arm__core__cortex_m.a(cache.c.obj)
                0x00000000600053d8                arch_icache_enable
 .text.z_arm_configure_static_mpu_regions
                0x000000006000540c       0x18 zephyr/arch/arch/arm/core/mpu/libarch__arm__core__mpu.a(arm_core_mpu.c.obj)
                0x000000006000540c                z_arm_configure_static_mpu_regions
 .text.z_arm_configure_dynamic_mpu_regions
                0x0000000060005424       0x2c zephyr/arch/arch/arm/core/mpu/libarch__arm__core__mpu.a(arm_core_mpu.c.obj)
                0x0000000060005424                z_arm_configure_dynamic_mpu_regions
 .text.region_allocate_and_init
                0x0000000060005450       0x60 zephyr/arch/arch/arm/core/mpu/libarch__arm__core__mpu.a(arm_mpu.c.obj)
 .text.mpu_configure_regions
                0x00000000600054b0       0x74 zephyr/arch/arch/arm/core/mpu/libarch__arm__core__mpu.a(arm_mpu.c.obj)
 .text.arm_core_mpu_enable
                0x0000000060005524       0x18 zephyr/arch/arch/arm/core/mpu/libarch__arm__core__mpu.a(arm_mpu.c.obj)
                0x0000000060005524                arm_core_mpu_enable
 .text.arm_core_mpu_disable
                0x000000006000553c       0x14 zephyr/arch/arch/arm/core/mpu/libarch__arm__core__mpu.a(arm_mpu.c.obj)
                0x000000006000553c                arm_core_mpu_disable
 .text.arm_core_mpu_configure_static_mpu_regions
                0x0000000060005550       0x14 zephyr/arch/arch/arm/core/mpu/libarch__arm__core__mpu.a(arm_mpu.c.obj)
                0x0000000060005550                arm_core_mpu_configure_static_mpu_regions
 .text.arm_core_mpu_configure_dynamic_mpu_regions
                0x0000000060005564       0x38 zephyr/arch/arch/arm/core/mpu/libarch__arm__core__mpu.a(arm_mpu.c.obj)
                0x0000000060005564                arm_core_mpu_configure_dynamic_mpu_regions
 .text.z_arm_mpu_init
                0x000000006000559c      0x1c4 zephyr/arch/arch/arm/core/mpu/libarch__arm__core__mpu.a(arm_mpu.c.obj)
                0x000000006000559c                z_arm_mpu_init
 .text.cbvprintf
                0x0000000060005760       0x38 zephyr/lib/libc/picolibc/liblib__libc__picolibc.a(cbprintf.c.obj)
                0x0000000060005760                cbvprintf
 .text.z_impl_zephyr_fputc
                0x0000000060005798       0x10 zephyr/lib/libc/picolibc/liblib__libc__picolibc.a(stdio.c.obj)
                0x0000000060005798                z_impl_zephyr_fputc
 .text.__stdout_hook_install
                0x00000000600057a8       0x18 zephyr/lib/libc/picolibc/liblib__libc__picolibc.a(stdio.c.obj)
                0x00000000600057a8                __stdout_hook_install
 .text.malloc_prepare
                0x00000000600057c0       0x24 zephyr/lib/libc/common/liblib__libc__common.a(malloc.c.obj)
 .text.usb_isr_handler
                0x00000000600057e4        0xc zephyr/drivers/usb/device/libdrivers__usb__device.a(usb_dc_mcux.c.obj)
 .text.usb_mcux_init
                0x00000000600057f0       0x68 zephyr/drivers/usb/device/libdrivers__usb__device.a(usb_dc_mcux.c.obj)
 .text.usb_mcux_thread_main
                0x0000000060005858      0x254 zephyr/drivers/usb/device/libdrivers__usb__device.a(usb_dc_mcux.c.obj)
 .text.usb_dc_attach
                0x0000000060005aac       0x5c zephyr/drivers/usb/device/libdrivers__usb__device.a(usb_dc_mcux.c.obj)
                0x0000000060005aac                usb_dc_attach
 .text.usb_dc_set_address
                0x0000000060005b08       0x40 zephyr/drivers/usb/device/libdrivers__usb__device.a(usb_dc_mcux.c.obj)
                0x0000000060005b08                usb_dc_set_address
 .text.usb_dc_ep_check_cap
                0x0000000060005b48       0x50 zephyr/drivers/usb/device/libdrivers__usb__device.a(usb_dc_mcux.c.obj)
                0x0000000060005b48                usb_dc_ep_check_cap
 .text.usb_dc_ep_configure
                0x0000000060005b98      0x12c zephyr/drivers/usb/device/libdrivers__usb__device.a(usb_dc_mcux.c.obj)
                0x0000000060005b98                usb_dc_ep_configure
 .text.usb_dc_ep_set_stall
                0x0000000060005cc4       0x70 zephyr/drivers/usb/device/libdrivers__usb__device.a(usb_dc_mcux.c.obj)
                0x0000000060005cc4                usb_dc_ep_set_stall
 .text.usb_dc_ep_clear_stall
                0x0000000060005d34       0xd0 zephyr/drivers/usb/device/libdrivers__usb__device.a(usb_dc_mcux.c.obj)
                0x0000000060005d34                usb_dc_ep_clear_stall
 .text.usb_dc_ep_is_stalled
                0x0000000060005e04       0x84 zephyr/drivers/usb/device/libdrivers__usb__device.a(usb_dc_mcux.c.obj)
                0x0000000060005e04                usb_dc_ep_is_stalled
 .text.usb_dc_ep_enable
                0x0000000060005e88       0xb4 zephyr/drivers/usb/device/libdrivers__usb__device.a(usb_dc_mcux.c.obj)
                0x0000000060005e88                usb_dc_ep_enable
 .text.usb_dc_ep_disable
                0x0000000060005f3c       0x94 zephyr/drivers/usb/device/libdrivers__usb__device.a(usb_dc_mcux.c.obj)
                0x0000000060005f3c                usb_dc_ep_disable
 .text.usb_dc_ep_write
                0x0000000060005fd0       0xb0 zephyr/drivers/usb/device/libdrivers__usb__device.a(usb_dc_mcux.c.obj)
                0x0000000060005fd0                usb_dc_ep_write
 .text.usb_dc_ep_read_wait
                0x0000000060006080      0x10c zephyr/drivers/usb/device/libdrivers__usb__device.a(usb_dc_mcux.c.obj)
                0x0000000060006080                usb_dc_ep_read_wait
 .text.usb_dc_ep_read_continue
                0x000000006000618c       0xb0 zephyr/drivers/usb/device/libdrivers__usb__device.a(usb_dc_mcux.c.obj)
                0x000000006000618c                usb_dc_ep_read_continue
 .text.usb_dc_ep_set_callback
                0x000000006000623c       0x58 zephyr/drivers/usb/device/libdrivers__usb__device.a(usb_dc_mcux.c.obj)
                0x000000006000623c                usb_dc_ep_set_callback
 .text.usb_dc_set_status_callback
                0x0000000060006294        0xc zephyr/drivers/usb/device/libdrivers__usb__device.a(usb_dc_mcux.c.obj)
                0x0000000060006294                usb_dc_set_status_callback
 .text.usb_dc_ep_mps
                0x00000000600062a0       0x4c zephyr/drivers/usb/device/libdrivers__usb__device.a(usb_dc_mcux.c.obj)
                0x00000000600062a0                usb_dc_ep_mps
 .text.USB_DeviceNotificationTrigger
                0x00000000600062ec       0x14 zephyr/drivers/usb/device/libdrivers__usb__device.a(usb_dc_mcux.c.obj)
                0x00000000600062ec                USB_DeviceNotificationTrigger
 .text.mcux_12b1msps_sar_adc_channel_setup
                0x0000000060006300       0x78 zephyr/drivers/adc/libdrivers__adc.a(adc_mcux_12b1msps_sar.c.obj)
 .text.mcux_12b1msps_sar_adc_init
                0x0000000060006378       0xb4 zephyr/drivers/adc/libdrivers__adc.a(adc_mcux_12b1msps_sar.c.obj)
 .text.mcux_12b1msps_sar_adc_read
                0x000000006000642c      0x13c zephyr/drivers/adc/libdrivers__adc.a(adc_mcux_12b1msps_sar.c.obj)
 .text.mcux_ccm_get_subsys_rate
                0x0000000060006568       0xc4 zephyr/drivers/clock_control/libdrivers__clock_control.a(clock_control_mcux_ccm.c.obj)
 .text.uart_console_init
                0x000000006000662c       0x28 zephyr/drivers/console/libdrivers__console.a(uart_console.c.obj)
 .text.console_out
                0x0000000060006654       0x28 zephyr/drivers/console/libdrivers__console.a(uart_console.c.obj)
 .text.mcux_gpt_init
                0x000000006000667c       0xb8 zephyr/drivers/counter/libdrivers__counter.a(counter_mcux_gpt.c.obj)
 .text.mcux_gpt_set_alarm
                0x0000000060006734       0x5c zephyr/drivers/counter/libdrivers__counter.a(counter_mcux_gpt.c.obj)
 .text.mcux_gpt_cancel_alarm
                0x0000000060006790       0x40 zephyr/drivers/counter/libdrivers__counter.a(counter_mcux_gpt.c.obj)
 .text.mcux_gpt_set_top_value
                0x00000000600067d0       0x4c zephyr/drivers/counter/libdrivers__counter.a(counter_mcux_gpt.c.obj)
 .text.mcux_snvs_set_alarm
                0x000000006000681c       0xc0 zephyr/drivers/counter/libdrivers__counter.a(counter_mcux_snvs.c.obj)
 .text.mcux_snvs_cancel_alarm
                0x00000000600068dc       0x64 zephyr/drivers/counter/libdrivers__counter.a(counter_mcux_snvs.c.obj)
 .text.nxp_pit_get_frequency
                0x0000000060006940       0x40 zephyr/drivers/counter/libdrivers__counter.a(counter_nxp_pit.c.obj)
 .text.nxp_pit_init
                0x0000000060006980       0x90 zephyr/drivers/counter/libdrivers__counter.a(counter_nxp_pit.c.obj)
 .text.z_impl_hwinfo_get_device_id
                0x0000000060006a10       0x70 zephyr/drivers/hwinfo/libdrivers__hwinfo.a(hwinfo_imxrt.c.obj)
                0x0000000060006a10                z_impl_hwinfo_get_device_id
 .text.mcux_lpi2c_transfer
                0x0000000060006a80       0xe8 zephyr/drivers/i2c/libdrivers__i2c.a(i2c_mcux_lpi2c.c.obj)
 .text.mcux_lpi2c_configure
                0x0000000060006b68       0x6c zephyr/drivers/i2c/libdrivers__i2c.a(i2c_mcux_lpi2c.c.obj)
 .text.mcux_lpi2c_init
                0x0000000060006bd4      0x134 zephyr/drivers/i2c/libdrivers__i2c.a(i2c_mcux_lpi2c.c.obj)
 .text.imx_pinctrl_init
                0x0000000060006d08       0x50 zephyr/drivers/pinctrl/libdrivers__pinctrl.a(pinctrl_imx.c.obj)
 .text.elapsed  0x0000000060006d58       0x4c zephyr/drivers/timer/libdrivers__timer.a(cortex_m_systick.c.obj)
 .text.sys_clock_driver_init
                0x0000000060006da4       0x38 zephyr/drivers/timer/libdrivers__timer.a(cortex_m_systick.c.obj)
 .text.sys_clock_isr
                0x0000000060006ddc       0x60 zephyr/drivers/timer/libdrivers__timer.a(cortex_m_systick.c.obj)
                0x0000000060006ddc                sys_clock_isr
 .text.sys_clock_set_timeout
                0x0000000060006e3c       0xfc zephyr/drivers/timer/libdrivers__timer.a(cortex_m_systick.c.obj)
                0x0000000060006e3c                sys_clock_set_timeout
 .text.sys_clock_elapsed
                0x0000000060006f38       0x3c zephyr/drivers/timer/libdrivers__timer.a(cortex_m_systick.c.obj)
                0x0000000060006f38                sys_clock_elapsed
 .text.sys_clock_cycle_get_32
                0x0000000060006f74       0x28 zephyr/drivers/timer/libdrivers__timer.a(cortex_m_systick.c.obj)
                0x0000000060006f74                sys_clock_cycle_get_32
 .text.USB_DeviceEhciTransfer
                0x0000000060006f9c      0x224 modules/hal_nxp/libmodules__hal_nxp.a(usb_device_ehci.c.obj)
 .text.USB_DeviceEhciCancelControlPipe
                0x00000000600071c0      0x11c modules/hal_nxp/libmodules__hal_nxp.a(usb_device_ehci.c.obj)
 .text.USB_DeviceEhciInit
                0x00000000600072dc       0xd8 modules/hal_nxp/libmodules__hal_nxp.a(usb_device_ehci.c.obj)
                0x00000000600072dc                USB_DeviceEhciInit
 .text.USB_DeviceEhciDeinit
                0x00000000600073b4       0x44 modules/hal_nxp/libmodules__hal_nxp.a(usb_device_ehci.c.obj)
                0x00000000600073b4                USB_DeviceEhciDeinit
 .text.USB_DeviceEhciCancel
                0x00000000600073f8      0x140 modules/hal_nxp/libmodules__hal_nxp.a(usb_device_ehci.c.obj)
                0x00000000600073f8                USB_DeviceEhciCancel
 .text.USB_EhciPhyGetBase
                0x0000000060007538       0x40 modules/hal_nxp/libmodules__hal_nxp.a(usb_phy.c.obj)
                0x0000000060007538                USB_EhciPhyGetBase
 .text.CLOCK_ControlGate
                0x0000000060007578       0x2c modules/hal_nxp/libmodules__hal_nxp.a(fsl_adc.c.obj)
 .text.ADC_Init
                0x00000000600075a4       0xac modules/hal_nxp/libmodules__hal_nxp.a(fsl_adc.c.obj)
                0x00000000600075a4                ADC_Init
 .text.CLOCK_ControlGate
                0x0000000060007650       0x2c modules/hal_nxp/libmodules__hal_nxp.a(fsl_gpt.c.obj)
 .text.GPT_Init
                0x000000006000767c       0xa8 modules/hal_nxp/libmodules__hal_nxp.a(fsl_gpt.c.obj)
                0x000000006000767c                GPT_Init
 .text.__NVIC_EnableIRQ
                0x0000000060007724       0x1c modules/hal_nxp/libmodules__hal_nxp.a(fsl_lpi2c.c.obj)
 .text.CLOCK_ControlGate
                0x0000000060007740       0x2c modules/hal_nxp/libmodules__hal_nxp.a(fsl_lpi2c.c.obj)
 .text.LPI2C_GetCyclesForWidth
                0x000000006000776c       0x48 modules/hal_nxp/libmodules__hal_nxp.a(fsl_lpi2c.c.obj)
 .text.LPI2C_GetInstance
                0x00000000600077b4       0x38 modules/hal_nxp/libmodules__hal_nxp.a(fsl_lpi2c.c.obj)
                0x00000000600077b4                LPI2C_GetInstance
 .text.LPI2C_MasterGetDefaultConfig
                0x00000000600077ec       0x24 modules/hal_nxp/libmodules__hal_nxp.a(fsl_lpi2c.c.obj)
                0x00000000600077ec                LPI2C_MasterGetDefaultConfig
 .text.LPI2C_MasterInit
                0x0000000060007810      0x110 modules/hal_nxp/libmodules__hal_nxp.a(fsl_lpi2c.c.obj)
                0x0000000060007810                LPI2C_MasterInit
 .text.LPI2C_MasterTransferCreateHandle
                0x0000000060007920       0x5c modules/hal_nxp/libmodules__hal_nxp.a(fsl_lpi2c.c.obj)
                0x0000000060007920                LPI2C_MasterTransferCreateHandle
 .text.LPI2C_MasterTransferAbort
                0x000000006000797c       0x34 modules/hal_nxp/libmodules__hal_nxp.a(fsl_lpi2c.c.obj)
                0x000000006000797c                LPI2C_MasterTransferAbort
 .text.CLOCK_ControlGate
                0x00000000600079b0       0x2c modules/hal_nxp/libmodules__hal_nxp.a(fsl_lpuart.c.obj)
 .text.LPUART_GetInstance
                0x00000000600079dc       0x1c modules/hal_nxp/libmodules__hal_nxp.a(fsl_lpuart.c.obj)
                0x00000000600079dc                LPUART_GetInstance
 .text.LPUART_Init
                0x00000000600079f8      0x19c modules/hal_nxp/libmodules__hal_nxp.a(fsl_lpuart.c.obj)
                0x00000000600079f8                LPUART_Init
 .text.LPUART_Deinit
                0x0000000060007b94       0x38 modules/hal_nxp/libmodules__hal_nxp.a(fsl_lpuart.c.obj)
                0x0000000060007b94                LPUART_Deinit
 .text.LPUART_GetEnabledInterrupts
                0x0000000060007bcc       0x2c modules/hal_nxp/libmodules__hal_nxp.a(fsl_lpuart.c.obj)
                0x0000000060007bcc                LPUART_GetEnabledInterrupts
 .text.LPUART_GetStatusFlags
                0x0000000060007bf8       0x18 modules/hal_nxp/libmodules__hal_nxp.a(fsl_lpuart.c.obj)
                0x0000000060007bf8                LPUART_GetStatusFlags
 .text.LPUART_ClearStatusFlags
                0x0000000060007c10       0x3c modules/hal_nxp/libmodules__hal_nxp.a(fsl_lpuart.c.obj)
                0x0000000060007c10                LPUART_ClearStatusFlags
 .text.PIT_Init
                0x0000000060007c4c       0x54 modules/hal_nxp/libmodules__hal_nxp.a(fsl_pit.c.obj)
                0x0000000060007c4c                PIT_Init
 .text.SNVS_LP_Init
                0x0000000060007ca0       0x10 modules/hal_nxp/libmodules__hal_nxp.a(fsl_snvs_lp.c.obj)
                0x0000000060007ca0                SNVS_LP_Init
 .text.SNVS_LP_SRTC_Init
                0x0000000060007cb0       0x2c modules/hal_nxp/libmodules__hal_nxp.a(fsl_snvs_lp.c.obj)
                0x0000000060007cb0                SNVS_LP_SRTC_Init
 .text.SystemInit
                0x0000000060007cdc       0xdc modules/hal_nxp/libmodules__hal_nxp.a(system_MIMXRT1062.c.obj)
                0x0000000060007cdc                SystemInit
 .text.CLOCK_GetOscFreq
                0x0000000060007db8       0x20 modules/hal_nxp/libmodules__hal_nxp.a(fsl_clock.c.obj)
 .text.CLOCK_EnableUsbhs0Clock
                0x0000000060007dd8       0x50 modules/hal_nxp/libmodules__hal_nxp.a(fsl_clock.c.obj)
                0x0000000060007dd8                CLOCK_EnableUsbhs0Clock
 .text.CLOCK_InitArmPll
                0x0000000060007e28       0x44 modules/hal_nxp/libmodules__hal_nxp.a(fsl_clock.c.obj)
                0x0000000060007e28                CLOCK_InitArmPll
 .text.CLOCK_InitUsb1Pll
                0x0000000060007e6c       0x44 modules/hal_nxp/libmodules__hal_nxp.a(fsl_clock.c.obj)
                0x0000000060007e6c                CLOCK_InitUsb1Pll
 .text.CLOCK_EnableUsbhs0PhyPllClock
                0x0000000060007eb0       0x48 modules/hal_nxp/libmodules__hal_nxp.a(fsl_clock.c.obj)
                0x0000000060007eb0                CLOCK_EnableUsbhs0PhyPllClock
 .text.CLOCK_GetPllFreq
                0x0000000060007ef8      0x1e8 modules/hal_nxp/libmodules__hal_nxp.a(fsl_clock.c.obj)
                0x0000000060007ef8                CLOCK_GetPllFreq
 .text.CLOCK_GetPllUsb1SWFreq
                0x00000000600080e0       0x20 modules/hal_nxp/libmodules__hal_nxp.a(fsl_clock.c.obj)
 .text.CLOCK_GetSysPfdFreq
                0x0000000060008100       0x60 modules/hal_nxp/libmodules__hal_nxp.a(fsl_clock.c.obj)
                0x0000000060008100                CLOCK_GetSysPfdFreq
 .text.CLOCK_GetPeriphClkFreq
                0x0000000060008160       0x90 modules/hal_nxp/libmodules__hal_nxp.a(fsl_clock.c.obj)
 .text.CLOCK_GetAhbFreq
                0x00000000600081f0       0x1c modules/hal_nxp/libmodules__hal_nxp.a(fsl_clock.c.obj)
                0x00000000600081f0                CLOCK_GetAhbFreq
 .text.CLOCK_GetIpgFreq
                0x000000006000820c       0x1c modules/hal_nxp/libmodules__hal_nxp.a(fsl_clock.c.obj)
                0x000000006000820c                CLOCK_GetIpgFreq
 .text.CLOCK_GetPerClkFreq
                0x0000000060008228       0x28 modules/hal_nxp/libmodules__hal_nxp.a(fsl_clock.c.obj)
                0x0000000060008228                CLOCK_GetPerClkFreq
 .text.CLOCK_GetUsb1PfdFreq
                0x0000000060008250       0x60 modules/hal_nxp/libmodules__hal_nxp.a(fsl_clock.c.obj)
                0x0000000060008250                CLOCK_GetUsb1PfdFreq
 .text.CLOCK_GetSemcFreq
                0x00000000600082b0       0x38 modules/hal_nxp/libmodules__hal_nxp.a(fsl_clock.c.obj)
                0x00000000600082b0                CLOCK_GetSemcFreq
 .text.CLOCK_GetFreq
                0x00000000600082e8       0xf4 modules/hal_nxp/libmodules__hal_nxp.a(fsl_clock.c.obj)
                0x00000000600082e8                CLOCK_GetFreq
 .text.CLOCK_GetClockRootFreq
                0x00000000600083dc       0x8c modules/hal_nxp/libmodules__hal_nxp.a(fsl_clock.c.obj)
                0x00000000600083dc                CLOCK_GetClockRootFreq
 .text.k_sys_fatal_error_handler
                0x0000000060008468       0x2c zephyr/kernel/libkernel.a(fatal.c.obj)
                0x0000000060008468                k_sys_fatal_error_handler
 .text.z_fatal_error
                0x0000000060008494       0xd0 zephyr/kernel/libkernel.a(fatal.c.obj)
                0x0000000060008494                z_fatal_error
 .text.z_sys_init_run_level
                0x0000000060008564       0x30 zephyr/kernel/libkernel.a(init.c.obj)
 .text.bg_thread_main
                0x0000000060008594       0xc0 zephyr/kernel/libkernel.a(init.c.obj)
 .text.z_bss_zero
                0x0000000060008654       0x40 zephyr/kernel/libkernel.a(init.c.obj)
                0x0000000060008654                z_bss_zero
 .text.z_init_cpu
                0x0000000060008694       0x6c zephyr/kernel/libkernel.a(init.c.obj)
                0x0000000060008694                z_init_cpu
 .text.z_cstart
                0x0000000060008700       0xcc zephyr/kernel/libkernel.a(init.c.obj)
                0x0000000060008700                z_cstart
 .text.statics_init
                0x00000000600087cc       0x24 zephyr/kernel/libkernel.a(kheap.c.obj)
 .text.k_heap_alloc
                0x00000000600087f0       0x1c zephyr/kernel/libkernel.a(kheap.c.obj)
                0x00000000600087f0                k_heap_alloc
 .text.z_impl_k_msgq_put
                0x000000006000880c       0xb0 zephyr/kernel/libkernel.a(msg_q.c.obj)
                0x000000006000880c                z_impl_k_msgq_put
 .text.z_impl_k_msgq_get
                0x00000000600088bc       0xc4 zephyr/kernel/libkernel.a(msg_q.c.obj)
                0x00000000600088bc                z_impl_k_msgq_get
 .text.z_impl_k_mutex_lock
                0x0000000060008980       0xf0 zephyr/kernel/libkernel.a(mutex.c.obj)
                0x0000000060008980                z_impl_k_mutex_lock
 .text.z_impl_k_mutex_unlock
                0x0000000060008a70       0xa0 zephyr/kernel/libkernel.a(mutex.c.obj)
                0x0000000060008a70                z_impl_k_mutex_unlock
 .text.z_impl_k_sem_give
                0x0000000060008b10       0x68 zephyr/kernel/libkernel.a(sem.c.obj)
                0x0000000060008b10                z_impl_k_sem_give
 .text.z_impl_k_sem_take
                0x0000000060008b78       0x4c zephyr/kernel/libkernel.a(sem.c.obj)
                0x0000000060008b78                z_impl_k_sem_take
 .text.work_queue_main
                0x0000000060008bc4      0x14c zephyr/kernel/libkernel.a(work.c.obj)
 .text.submit_to_queue_locked
                0x0000000060008d10       0xb4 zephyr/kernel/libkernel.a(work.c.obj)
 .text.k_work_queue_start
                0x0000000060008dc4       0x80 zephyr/kernel/libkernel.a(work.c.obj)
                0x0000000060008dc4                k_work_queue_start
 .text.k_work_schedule_for_queue
                0x0000000060008e44       0x54 zephyr/kernel/libkernel.a(work.c.obj)
                0x0000000060008e44                k_work_schedule_for_queue
 .text.z_setup_new_thread
                0x0000000060008e98       0x9c zephyr/kernel/libkernel.a(thread.c.obj)
                0x0000000060008e98                z_setup_new_thread
 .text.z_impl_k_thread_create
                0x0000000060008f34       0x58 zephyr/kernel/libkernel.a(thread.c.obj)
                0x0000000060008f34                z_impl_k_thread_create
 .text.z_dummy_thread_init
                0x0000000060008f8c       0x18 zephyr/kernel/libkernel.a(thread.c.obj)
                0x0000000060008f8c                z_dummy_thread_init
 .text.z_swap_irqlock
                0x0000000060008fa4       0x30 zephyr/kernel/libkernel.a(sched.c.obj)
 .text.ready_thread
                0x0000000060008fd4       0x84 zephyr/kernel/libkernel.a(sched.c.obj)
 .text.unready_thread
                0x0000000060009058       0x54 zephyr/kernel/libkernel.a(sched.c.obj)
 .text.add_thread_timeout
                0x00000000600090ac       0x1c zephyr/kernel/libkernel.a(sched.c.obj)
 .text.move_thread_to_end_of_prio_q
                0x00000000600090c8       0x90 zephyr/kernel/libkernel.a(sched.c.obj)
                0x00000000600090c8                move_thread_to_end_of_prio_q
 .text.z_pend_curr
                0x0000000060009158       0x44 zephyr/kernel/libkernel.a(sched.c.obj)
                0x0000000060009158                z_pend_curr
 .text.z_thread_prio_set
                0x000000006000919c       0xe4 zephyr/kernel/libkernel.a(sched.c.obj)
                0x000000006000919c                z_thread_prio_set
 .text.z_reschedule
                0x0000000060009280       0x24 zephyr/kernel/libkernel.a(sched.c.obj)
                0x0000000060009280                z_reschedule
 .text.z_reschedule_irqlock
                0x00000000600092a4       0x28 zephyr/kernel/libkernel.a(sched.c.obj)
                0x00000000600092a4                z_reschedule_irqlock
 .text.k_sched_lock
                0x00000000600092cc       0x28 zephyr/kernel/libkernel.a(sched.c.obj)
                0x00000000600092cc                k_sched_lock
 .text.k_sched_unlock
                0x00000000600092f4       0x68 zephyr/kernel/libkernel.a(sched.c.obj)
                0x00000000600092f4                k_sched_unlock
 .text.z_sched_init
                0x000000006000935c       0x10 zephyr/kernel/libkernel.a(sched.c.obj)
                0x000000006000935c                z_sched_init
 .text.z_impl_k_yield
                0x000000006000936c       0x88 zephyr/kernel/libkernel.a(sched.c.obj)
                0x000000006000936c                z_impl_k_yield
 .text.z_tick_sleep
                0x00000000600093f4       0x78 zephyr/kernel/libkernel.a(sched.c.obj)
 .text.z_impl_k_wakeup
                0x000000006000946c       0x48 zephyr/kernel/libkernel.a(sched.c.obj)
                0x000000006000946c                z_impl_k_wakeup
 .text.z_impl_k_sched_current_thread_query
                0x00000000600094b4        0xc zephyr/kernel/libkernel.a(sched.c.obj)
                0x00000000600094b4                z_impl_k_sched_current_thread_query
 .text.z_thread_abort
                0x00000000600094c0      0x140 zephyr/kernel/libkernel.a(sched.c.obj)
                0x00000000600094c0                z_thread_abort
 .text.z_sched_wait
                0x0000000060009600       0x24 zephyr/kernel/libkernel.a(sched.c.obj)
                0x0000000060009600                z_sched_wait
 .text.slice_timeout
                0x0000000060009624       0x20 zephyr/kernel/libkernel.a(timeslicing.c.obj)
 .text.thread_is_sliceable
                0x0000000060009644       0x3c zephyr/kernel/libkernel.a(timeslicing.c.obj)
                0x0000000060009644                thread_is_sliceable
 .text.z_reset_time_slice
                0x0000000060009680       0x50 zephyr/kernel/libkernel.a(timeslicing.c.obj)
                0x0000000060009680                z_reset_time_slice
 .text.z_time_slice
                0x00000000600096d0       0x60 zephyr/kernel/libkernel.a(timeslicing.c.obj)
                0x00000000600096d0                z_time_slice
 .text.z_data_copy
                0x0000000060009730       0x7c zephyr/kernel/libkernel.a(xip.c.obj)
                0x0000000060009730                z_data_copy
 .text.first    0x00000000600097ac       0x10 zephyr/kernel/libkernel.a(timeout.c.obj)
 .text.elapsed  0x00000000600097bc       0x14 zephyr/kernel/libkernel.a(timeout.c.obj)
 .text.remove_timeout
                0x00000000600097d0       0x38 zephyr/kernel/libkernel.a(timeout.c.obj)
 .text.z_add_timeout
                0x0000000060009808      0x120 zephyr/kernel/libkernel.a(timeout.c.obj)
                0x0000000060009808                z_add_timeout
 .text.sys_clock_announce
                0x0000000060009928       0xb4 zephyr/kernel/libkernel.a(timeout.c.obj)
                0x0000000060009928                sys_clock_announce
 .text.sys_clock_tick_get
                0x00000000600099dc       0x30 zephyr/kernel/libkernel.a(timeout.c.obj)
                0x00000000600099dc                sys_clock_tick_get
 .text.z_timer_expiration_handler
                0x0000000060009a0c      0x110 zephyr/kernel/libkernel.a(timer.c.obj)
                0x0000000060009a0c                z_timer_expiration_handler
 .text.z_impl_k_timer_start
                0x0000000060009b1c       0x70 zephyr/kernel/libkernel.a(timer.c.obj)
                0x0000000060009b1c                z_impl_k_timer_start
 .text.boot_banner
                0x0000000060009b8c        0xc zephyr/kernel/libkernel.a(banner.c.obj)
                0x0000000060009b8c                boot_banner
 .text.k_sys_work_q_init
                0x0000000060009b98       0x2c zephyr/kernel/libkernel.a(system_work_q.c.obj)
 .text.skip_to_arg
                0x0000000060009bc4      0x138 /home/lpl/zephyr-sdk-0.17.2/arm-zephyr-eabi/bin/../lib/gcc/../../picolibc/arm-zephyr-eabi/lib/thumb/v7e-m+dp/hard/libc.a(libc_tinystdio_vfprintf.c.o)
 .text.vfprintf
                0x0000000060009cfc      0x9bc /home/lpl/zephyr-sdk-0.17.2/arm-zephyr-eabi/bin/../lib/gcc/../../picolibc/arm-zephyr-eabi/lib/thumb/v7e-m+dp/hard/libc.a(libc_tinystdio_vfprintf.c.o)
                0x0000000060009cfc                __d_vfprintf
 .text.div10    0x000000006000a6b8       0x28 /home/lpl/zephyr-sdk-0.17.2/arm-zephyr-eabi/bin/../lib/gcc/../../picolibc/arm-zephyr-eabi/lib/thumb/v7e-m+dp/hard/libc.a(libc_tinystdio_dtoa_ryu.c.o)
 .text.__dtoa_engine
                0x000000006000a6e0      0x4b0 /home/lpl/zephyr-sdk-0.17.2/arm-zephyr-eabi/bin/../lib/gcc/../../picolibc/arm-zephyr-eabi/lib/thumb/v7e-m+dp/hard/libc.a(libc_tinystdio_dtoa_ryu.c.o)
                0x000000006000a6e0                __dtoa_engine
 .text.__log10Pow2
                0x000000006000ab90        0xc /home/lpl/zephyr-sdk-0.17.2/arm-zephyr-eabi/bin/../lib/gcc/../../picolibc/arm-zephyr-eabi/lib/thumb/v7e-m+dp/hard/libc.a(libc_tinystdio_ryu_log10.c.o)
                0x000000006000ab90                __log10Pow2
 .text.__log10Pow5
                0x000000006000ab9c        0xc /home/lpl/zephyr-sdk-0.17.2/arm-zephyr-eabi/bin/../lib/gcc/../../picolibc/arm-zephyr-eabi/lib/thumb/v7e-m+dp/hard/libc.a(libc_tinystdio_ryu_log10.c.o)
                0x000000006000ab9c                __log10Pow5
 .text.__pow5bits
                0x000000006000aba8       0x10 /home/lpl/zephyr-sdk-0.17.2/arm-zephyr-eabi/bin/../lib/gcc/../../picolibc/arm-zephyr-eabi/lib/thumb/v7e-m+dp/hard/libc.a(libc_tinystdio_ryu_pow5bits.c.o)
                0x000000006000aba8                __pow5bits
 .text.__pow5Factor
                0x000000006000abb8       0x30 /home/lpl/zephyr-sdk-0.17.2/arm-zephyr-eabi/bin/../lib/gcc/../../picolibc/arm-zephyr-eabi/lib/thumb/v7e-m+dp/hard/libc.a(libc_tinystdio_ryu_table.c.o)
                0x000000006000abb8                __pow5Factor
 .text.__double_computePow5
                0x000000006000abe8       0xe8 /home/lpl/zephyr-sdk-0.17.2/arm-zephyr-eabi/bin/../lib/gcc/../../picolibc/arm-zephyr-eabi/lib/thumb/v7e-m+dp/hard/libc.a(libc_tinystdio_ryu_table.c.o)
                0x000000006000abe8                __double_computePow5
 .text.__double_computeInvPow5
                0x000000006000acd0       0xf8 /home/lpl/zephyr-sdk-0.17.2/arm-zephyr-eabi/bin/../lib/gcc/../../picolibc/arm-zephyr-eabi/lib/thumb/v7e-m+dp/hard/libc.a(libc_tinystdio_ryu_table.c.o)
                0x000000006000acd0                __double_computeInvPow5
 .text._OffsetAbsSyms
                0x000000006000adc8        0x2 zephyr/CMakeFiles/offsets.dir/./arch/arm/core/offsets/offsets.c.obj
                0x000000006000adc8                _OffsetAbsSyms
 .text.reg_read.constprop.0
                0x000000006000adca       0x1a app/libapp.a(main.c.obj)
 .text.k_msleep.isra.0
                0x000000006000ade4        0xa app/libapp.a(main.c.obj)
 .text.chunk_size
                0x000000006000adee        0xa zephyr/libzephyr.a(heap.c.obj)
 .text.free_list_add
                0x000000006000adf8       0x4e zephyr/libzephyr.a(heap.c.obj)
 .text.free_list_remove_bidx
                0x000000006000ae46       0x3a zephyr/libzephyr.a(heap.c.obj)
 .text.free_list_remove
                0x000000006000ae80       0x1a zephyr/libzephyr.a(heap.c.obj)
 .text.alloc_chunk
                0x000000006000ae9a       0x6e zephyr/libzephyr.a(heap.c.obj)
 .text.merge_chunks
                0x000000006000af08       0x2c zephyr/libzephyr.a(heap.c.obj)
 .text.split_chunks
                0x000000006000af34       0x34 zephyr/libzephyr.a(heap.c.obj)
 .text.free_chunk
                0x000000006000af68       0x62 zephyr/libzephyr.a(heap.c.obj)
 .text.sys_heap_free
                0x000000006000afca       0x1e zephyr/libzephyr.a(heap.c.obj)
                0x000000006000afca                sys_heap_free
 .text.sys_heap_alloc
                0x000000006000afe8       0x5a zephyr/libzephyr.a(heap.c.obj)
                0x000000006000afe8                sys_heap_alloc
 .text.sys_heap_noalign_alloc
                0x000000006000b042        0x6 zephyr/libzephyr.a(heap.c.obj)
                0x000000006000b042                sys_heap_noalign_alloc
 .text.sys_heap_init
                0x000000006000b048       0x7a zephyr/libzephyr.a(heap.c.obj)
                0x000000006000b048                sys_heap_init
 .text.cbpprintf_external
                0x000000006000b0c2       0x62 zephyr/libzephyr.a(cbprintf_packaged.c.obj)
                0x000000006000b0c2                cbpprintf_external
 .text.arch_printk_char_out
                0x000000006000b124        0x4 zephyr/libzephyr.a(printk.c.obj)
                0x000000006000b124                arch_printk_char_out
 .text.printk   0x000000006000b128       0x1a zephyr/libzephyr.a(printk.c.obj)
                0x000000006000b128                printk
 .text.ring_buf_area_claim
                0x000000006000b142       0x30 zephyr/libzephyr.a(ring_buffer.c.obj)
                0x000000006000b142                ring_buf_area_claim
 .text.ring_buf_put_claim
                0x000000006000b172       0x1e zephyr/libzephyr.a(ring_buffer.c.obj)
 .text.ring_buf_get_claim
                0x000000006000b190       0x1e zephyr/libzephyr.a(ring_buffer.c.obj)
 .text.ring_buf_area_finish
                0x000000006000b1ae       0x32 zephyr/libzephyr.a(ring_buffer.c.obj)
                0x000000006000b1ae                ring_buf_area_finish
 .text.ring_buf_put
                0x000000006000b1e0       0x40 zephyr/libzephyr.a(ring_buffer.c.obj)
                0x000000006000b1e0                ring_buf_put
 .text.ring_buf_get
                0x000000006000b220       0x44 zephyr/libzephyr.a(ring_buffer.c.obj)
                0x000000006000b220                ring_buf_get
 .text._ConfigAbsSyms
                0x000000006000b264        0x2 zephyr/libzephyr.a(configs.c.obj)
                0x000000006000b264                _ConfigAbsSyms
 .text.soc_early_init_hook
                0x000000006000b266       0x10 zephyr/libzephyr.a(soc.c.obj)
                0x000000006000b266                soc_early_init_hook
 .text.soc_reset_hook
                0x000000006000b276        0x4 zephyr/libzephyr.a(soc.c.obj)
                0x000000006000b276                soc_reset_hook
 .text.dummy_timestamp
                0x000000006000b27a        0x4 zephyr/libzephyr.a(log_core.c.obj)
 .text.default_lf_get_timestamp
                0x000000006000b27e       0x10 zephyr/libzephyr.a(log_core.c.obj)
 .text.atomic_inc
                0x000000006000b28e       0x1a zephyr/libzephyr.a(log_core.c.obj)
 .text.enable_logger
                0x000000006000b2a8        0xe zephyr/libzephyr.a(log_core.c.obj)
 .text.z_log_vprintk
                0x000000006000b2b6       0x1c zephyr/libzephyr.a(log_core.c.obj)
                0x000000006000b2b6                z_log_vprintk
 .text.z_log_notify_backend_enabled
                0x000000006000b2d2        0x2 zephyr/libzephyr.a(log_core.c.obj)
                0x000000006000b2d2                z_log_notify_backend_enabled
 .text.z_log_get_tag
                0x000000006000b2d4        0x4 zephyr/libzephyr.a(log_core.c.obj)
                0x000000006000b2d4                z_log_get_tag
 .text.log_backend_enable
                0x000000006000b2d8       0x12 zephyr/libzephyr.a(log_mgmt.c.obj)
                0x000000006000b2d8                log_backend_enable
 .text.z_log_msg_finalize
                0x000000006000b2ea       0x32 zephyr/libzephyr.a(log_msg.c.obj)
                0x000000006000b2ea                z_log_msg_finalize
 .text.z_log_msg_runtime_create.constprop.0
                0x000000006000b31c       0x20 zephyr/libzephyr.a(log_msg.c.obj)
 .text.log_output_write
                0x000000006000b33c       0x1c zephyr/libzephyr.a(log_output.c.obj)
 .text.out_func
                0x000000006000b358       0x1c zephyr/libzephyr.a(log_output.c.obj)
 .text.cr_out_func
                0x000000006000b374       0x1c zephyr/libzephyr.a(log_output.c.obj)
 .text.log_output_msg_process
                0x000000006000b390       0x6c zephyr/libzephyr.a(log_output.c.obj)
                0x000000006000b390                log_output_msg_process
 .text.format_set
                0x000000006000b3fc        0xc zephyr/libzephyr.a(log_backend_uart.c.obj)
 .text.log_backend_uart_init
                0x000000006000b408        0xc zephyr/libzephyr.a(log_backend_uart.c.obj)
 .text.panic    0x000000006000b414       0x32 zephyr/libzephyr.a(log_backend_uart.c.obj)
 .text.process  0x000000006000b446       0x1e zephyr/libzephyr.a(log_backend_uart.c.obj)
 .text.z_log_msg_runtime_create.constprop.0
                0x000000006000b464       0x20 zephyr/libzephyr.a(usb_device.c.obj)
 .text.usb_write
                0x000000006000b484       0x30 zephyr/libzephyr.a(usb_device.c.obj)
                0x000000006000b484                usb_write
 .text.usb_device_init
                0x000000006000b4b4        0x6 zephyr/libzephyr.a(usb_device.c.obj)
 .text.z_log_msg_runtime_create.constprop.0
                0x000000006000b4ba       0x20 zephyr/libzephyr.a(usb_descriptor.c.obj)
 .text.usb_get_dev_data_by_cfg
                0x000000006000b4da       0x16 zephyr/libzephyr.a(usb_descriptor.c.obj)
                0x000000006000b4da                usb_get_dev_data_by_cfg
 .text.usb_get_dev_data_by_iface
                0x000000006000b4f0       0x1a zephyr/libzephyr.a(usb_descriptor.c.obj)
                0x000000006000b4f0                usb_get_dev_data_by_iface
 .text.usb_get_dev_data_by_ep
                0x000000006000b50a       0x2c zephyr/libzephyr.a(usb_descriptor.c.obj)
                0x000000006000b50a                usb_get_dev_data_by_ep
 .text.z_log_msg_runtime_create.constprop.0
                0x000000006000b536       0x20 zephyr/libzephyr.a(usb_transfer.c.obj)
 .text.usb_transfer_is_busy
                0x000000006000b556       0x16 zephyr/libzephyr.a(usb_transfer.c.obj)
                0x000000006000b556                usb_transfer_is_busy
 .text.cdc_interface_config
                0x000000006000b56c       0x14 zephyr/libzephyr.a(cdc_acm.c.obj)
 .text.cdc_acm_irq_callback_work_handler
                0x000000006000b580        0xa zephyr/libzephyr.a(cdc_acm.c.obj)
 .text.cdc_acm_irq_tx_disable
                0x000000006000b58a        0xa zephyr/libzephyr.a(cdc_acm.c.obj)
 .text.cdc_acm_irq_tx_ready
                0x000000006000b594       0x20 zephyr/libzephyr.a(cdc_acm.c.obj)
 .text.cdc_acm_irq_rx_disable
                0x000000006000b5b4        0xa zephyr/libzephyr.a(cdc_acm.c.obj)
 .text.cdc_acm_irq_rx_ready
                0x000000006000b5be        0xe zephyr/libzephyr.a(cdc_acm.c.obj)
 .text.cdc_acm_irq_is_pending
                0x000000006000b5cc       0x1c zephyr/libzephyr.a(cdc_acm.c.obj)
 .text.cdc_acm_irq_callback_set
                0x000000006000b5e8        0x8 zephyr/libzephyr.a(cdc_acm.c.obj)
 .text.cdc_acm_line_ctrl_get
                0x000000006000b5f0       0x32 zephyr/libzephyr.a(cdc_acm.c.obj)
 .text.cdc_acm_configure
                0x000000006000b622       0x18 zephyr/libzephyr.a(cdc_acm.c.obj)
 .text.cdc_acm_config_get
                0x000000006000b63a       0x5c zephyr/libzephyr.a(cdc_acm.c.obj)
 .text.cdc_acm_line_ctrl_set
                0x000000006000b696       0xbe zephyr/libzephyr.a(cdc_acm.c.obj)
 .text.cdc_acm_fifo_read
                0x000000006000b754       0x4a zephyr/libzephyr.a(cdc_acm.c.obj)
 .text.cdc_acm_poll_in
                0x000000006000b79e       0x12 zephyr/libzephyr.a(cdc_acm.c.obj)
 .text.cdc_acm_irq_update
                0x000000006000b7b0       0x30 zephyr/libzephyr.a(cdc_acm.c.obj)
 .text.z_log_msg_runtime_create.constprop.0
                0x000000006000b7e0       0x20 zephyr/arch/arch/arm/core/libarch__arm__core.a(fatal.c.obj)
 .text.z_do_kernel_oops
                0x000000006000b800        0x8 zephyr/arch/arch/arm/core/libarch__arm__core.a(fatal.c.obj)
                0x000000006000b800                z_do_kernel_oops
 .text.z_arm_nmi
                0x000000006000b808        0xe zephyr/arch/arch/arm/core/libarch__arm__core.a(nmi.c.obj)
                0x000000006000b808                z_arm_nmi
 .text.z_log_msg_runtime_create.constprop.0
                0x000000006000b816       0x20 zephyr/arch/arch/arm/core/cortex_m/libarch__arm__core__cortex_m.a(fault.c.obj)
 .text.z_irq_spurious
                0x000000006000b836        0x8 zephyr/arch/arch/arm/core/cortex_m/libarch__arm__core__cortex_m.a(irq_manage.c.obj)
                0x000000006000b836                z_irq_spurious
 .text.arch_irq_unlock_outlined
                0x000000006000b83e        0xe zephyr/arch/arch/arm/core/cortex_m/libarch__arm__core__cortex_m.a(thread.c.obj)
                0x000000006000b83e                arch_irq_unlock_outlined
 .text.arch_cpu_idle
                0x000000006000b84c       0x1a zephyr/arch/arch/arm/core/cortex_m/libarch__arm__core__cortex_m.a(cpu_idle.c.obj)
                0x000000006000b84c                arch_cpu_idle
 .text.arch_cache_init
                0x000000006000b866        0x2 zephyr/arch/arch/arm/core/cortex_m/libarch__arm__core__cortex_m.a(cache.c.obj)
                0x000000006000b866                arch_cache_init
 .text.size_to_mpu_rasr_size
                0x000000006000b868       0x20 zephyr/arch/arch/arm/core/mpu/libarch__arm__core__mpu.a(arm_mpu.c.obj)
 .text.z_log_msg_runtime_create.constprop.0
                0x000000006000b888       0x20 zephyr/arch/arch/arm/core/mpu/libarch__arm__core__mpu.a(arm_mpu.c.obj)
 .text.cbputc   0x000000006000b8a8        0xc zephyr/lib/libc/picolibc/liblib__libc__picolibc.a(cbprintf.c.obj)
 .text.picolibc_put
                0x000000006000b8b4        0xa zephyr/lib/libc/picolibc/liblib__libc__picolibc.a(stdio.c.obj)
 .text.nxp_flexram_init
                0x000000006000b8be        0x4 zephyr/drivers/misc/nxp_flexram/libdrivers__misc__nxp_flexram.a(nxp_flexram.c.obj)
 .text.z_log_msg_runtime_create.constprop.0
                0x000000006000b8c2       0x20 zephyr/drivers/usb/device/libdrivers__usb__device.a(usb_dc_mcux.c.obj)
 .text.usb_dc_ep_read
                0x000000006000b8e2       0x1e zephyr/drivers/usb/device/libdrivers__usb__device.a(usb_dc_mcux.c.obj)
                0x000000006000b8e2                usb_dc_ep_read
 .text.mcux_12b1msps_sar_adc_start_channel
                0x000000006000b900       0x32 zephyr/drivers/adc/libdrivers__adc.a(adc_mcux_12b1msps_sar.c.obj)
 .text.adc_context_start_sampling
                0x000000006000b932       0x16 zephyr/drivers/adc/libdrivers__adc.a(adc_mcux_12b1msps_sar.c.obj)
 .text.mcux_12b1msps_sar_adc_config_func_0
                0x000000006000b948       0x16 zephyr/drivers/adc/libdrivers__adc.a(adc_mcux_12b1msps_sar.c.obj)
 .text.z_log_msg_runtime_create.constprop.0
                0x000000006000b95e       0x1e zephyr/drivers/adc/libdrivers__adc.a(adc_mcux_12b1msps_sar.c.obj)
 .text.adc_context_on_timer_expired
                0x000000006000b97c       0x32 zephyr/drivers/adc/libdrivers__adc.a(adc_mcux_12b1msps_sar.c.obj)
 .text.mcux_12b1msps_sar_adc_isr
                0x000000006000b9ae       0xb4 zephyr/drivers/adc/libdrivers__adc.a(adc_mcux_12b1msps_sar.c.obj)
 .text.mcux_ccm_on
                0x000000006000ba62        0x4 zephyr/drivers/clock_control/libdrivers__clock_control.a(clock_control_mcux_ccm.c.obj)
 .text.mcux_ccm_set_subsys_rate
                0x000000006000ba66        0x6 zephyr/drivers/clock_control/libdrivers__clock_control.a(clock_control_mcux_ccm.c.obj)
 .text.mcux_ccm_init
                0x000000006000ba6c        0x4 zephyr/drivers/clock_control/libdrivers__clock_control.a(clock_control_mcux_ccm.c.obj)
 .text.mcux_ccm_off
                0x000000006000ba70        0x4 zephyr/drivers/clock_control/libdrivers__clock_control.a(clock_control_mcux_ccm.c.obj)
 .text.mcux_gpt_start
                0x000000006000ba74       0x10 zephyr/drivers/counter/libdrivers__counter.a(counter_mcux_gpt.c.obj)
 .text.mcux_gpt_stop
                0x000000006000ba84       0x10 zephyr/drivers/counter/libdrivers__counter.a(counter_mcux_gpt.c.obj)
 .text.mcux_gpt_get_value
                0x000000006000ba94        0xc zephyr/drivers/counter/libdrivers__counter.a(counter_mcux_gpt.c.obj)
 .text.mcux_gpt_isr
                0x000000006000baa0       0x4a zephyr/drivers/counter/libdrivers__counter.a(counter_mcux_gpt.c.obj)
                0x000000006000baa0                mcux_gpt_isr
 .text.mcux_gpt_get_pending_int
                0x000000006000baea        0xc zephyr/drivers/counter/libdrivers__counter.a(counter_mcux_gpt.c.obj)
 .text.mcux_gpt_get_top_value
                0x000000006000baf6        0x6 zephyr/drivers/counter/libdrivers__counter.a(counter_mcux_gpt.c.obj)
 .text.mcux_gpt_irq_config_0
                0x000000006000bafc       0x16 zephyr/drivers/counter/libdrivers__counter.a(counter_mcux_gpt.c.obj)
 .text.z_log_msg_runtime_create.constprop.0
                0x000000006000bb12       0x20 zephyr/drivers/counter/libdrivers__counter.a(counter_mcux_gpt.c.obj)
 .text.mcux_snvs_start
                0x000000006000bb32        0x6 zephyr/drivers/counter/libdrivers__counter.a(counter_mcux_snvs.c.obj)
 .text.mcux_snvs_stop
                0x000000006000bb38        0x6 zephyr/drivers/counter/libdrivers__counter.a(counter_mcux_snvs.c.obj)
 .text.mcux_snvs_get_value
                0x000000006000bb3e       0x1e zephyr/drivers/counter/libdrivers__counter.a(counter_mcux_snvs.c.obj)
 .text.mcux_snvs_set_top_value
                0x000000006000bb5c        0x6 zephyr/drivers/counter/libdrivers__counter.a(counter_mcux_snvs.c.obj)
 .text.mcux_snvs_get_top_value
                0x000000006000bb62        0x6 zephyr/drivers/counter/libdrivers__counter.a(counter_mcux_snvs.c.obj)
 .text.mcux_snvs_get_pending_int
                0x000000006000bb68       0x1a zephyr/drivers/counter/libdrivers__counter.a(counter_mcux_snvs.c.obj)
 .text.mcux_snvs_init
                0x000000006000bb82       0x66 zephyr/drivers/counter/libdrivers__counter.a(counter_mcux_snvs.c.obj)
 .text.mcux_snvs_irq_config_0
                0x000000006000bbe8       0x16 zephyr/drivers/counter/libdrivers__counter.a(counter_mcux_snvs.c.obj)
 .text.z_log_msg_runtime_create.constprop.0
                0x000000006000bbfe       0x20 zephyr/drivers/counter/libdrivers__counter.a(counter_mcux_snvs.c.obj)
 .text.mcux_snvs_isr
                0x000000006000bc1e       0x6c zephyr/drivers/counter/libdrivers__counter.a(counter_mcux_snvs.c.obj)
                0x000000006000bc1e                mcux_snvs_isr
 .text.nxp_pit_get_top_value
                0x000000006000bc8a       0x18 zephyr/drivers/counter/libdrivers__counter.a(counter_nxp_pit.c.obj)
 .text.nxp_pit_get_value
                0x000000006000bca2       0x1e zephyr/drivers/counter/libdrivers__counter.a(counter_nxp_pit.c.obj)
 .text.nxp_pit_set_top_value
                0x000000006000bcc0       0x76 zephyr/drivers/counter/libdrivers__counter.a(counter_nxp_pit.c.obj)
 .text.nxp_pit_get_pending_int
                0x000000006000bd36       0x1c zephyr/drivers/counter/libdrivers__counter.a(counter_nxp_pit.c.obj)
 .text.nxp_pit_isr
                0x000000006000bd52       0x3c zephyr/drivers/counter/libdrivers__counter.a(counter_nxp_pit.c.obj)
 .text.nxp_pit_irq_config_func_0
                0x000000006000bd8e       0x16 zephyr/drivers/counter/libdrivers__counter.a(counter_nxp_pit.c.obj)
 .text.z_log_msg_runtime_create.constprop.0
                0x000000006000bda4       0x20 zephyr/drivers/counter/libdrivers__counter.a(counter_nxp_pit.c.obj)
 .text.nxp_pit_stop
                0x000000006000bdc4       0x34 zephyr/drivers/counter/libdrivers__counter.a(counter_nxp_pit.c.obj)
 .text.nxp_pit_start
                0x000000006000bdf8       0x34 zephyr/drivers/counter/libdrivers__counter.a(counter_nxp_pit.c.obj)
 .text.mcux_igpio_port_get_raw
                0x000000006000be2c        0xc zephyr/drivers/gpio/libdrivers__gpio.a(gpio_mcux_igpio.c.obj)
 .text.mcux_igpio_port_set_masked_raw
                0x000000006000be38       0x12 zephyr/drivers/gpio/libdrivers__gpio.a(gpio_mcux_igpio.c.obj)
 .text.mcux_igpio_port_set_bits_raw
                0x000000006000be4a        0xc zephyr/drivers/gpio/libdrivers__gpio.a(gpio_mcux_igpio.c.obj)
 .text.mcux_igpio_port_clear_bits_raw
                0x000000006000be56        0xc zephyr/drivers/gpio/libdrivers__gpio.a(gpio_mcux_igpio.c.obj)
 .text.mcux_igpio_port_toggle_bits
                0x000000006000be62        0xc zephyr/drivers/gpio/libdrivers__gpio.a(gpio_mcux_igpio.c.obj)
 .text.mcux_igpio_pin_interrupt_configure
                0x000000006000be6e       0xd6 zephyr/drivers/gpio/libdrivers__gpio.a(gpio_mcux_igpio.c.obj)
 .text.mcux_igpio_manage_callback
                0x000000006000bf44       0x52 zephyr/drivers/gpio/libdrivers__gpio.a(gpio_mcux_igpio.c.obj)
 .text.mcux_igpio_5_init
                0x000000006000bf96        0x4 zephyr/drivers/gpio/libdrivers__gpio.a(gpio_mcux_igpio.c.obj)
 .text.mcux_igpio_configure
                0x000000006000bf9a       0xe6 zephyr/drivers/gpio/libdrivers__gpio.a(gpio_mcux_igpio.c.obj)
 .text.mcux_igpio_0_init
                0x000000006000c080       0x26 zephyr/drivers/gpio/libdrivers__gpio.a(gpio_mcux_igpio.c.obj)
 .text.mcux_igpio_1_init
                0x000000006000c0a6       0x26 zephyr/drivers/gpio/libdrivers__gpio.a(gpio_mcux_igpio.c.obj)
 .text.mcux_igpio_2_init
                0x000000006000c0cc       0x26 zephyr/drivers/gpio/libdrivers__gpio.a(gpio_mcux_igpio.c.obj)
 .text.mcux_igpio_3_init
                0x000000006000c0f2       0x26 zephyr/drivers/gpio/libdrivers__gpio.a(gpio_mcux_igpio.c.obj)
 .text.mcux_igpio_4_init
                0x000000006000c118       0x26 zephyr/drivers/gpio/libdrivers__gpio.a(gpio_mcux_igpio.c.obj)
 .text.mcux_igpio_7_init
                0x000000006000c13e        0x4 zephyr/drivers/gpio/libdrivers__gpio.a(gpio_mcux_igpio.c.obj)
 .text.mcux_igpio_port_isr
                0x000000006000c142       0x32 zephyr/drivers/gpio/libdrivers__gpio.a(gpio_mcux_igpio.c.obj)
 .text.mcux_igpio_8_init
                0x000000006000c174        0x4 zephyr/drivers/gpio/libdrivers__gpio.a(gpio_mcux_igpio.c.obj)
 .text.mcux_igpio_6_init
                0x000000006000c178        0x4 zephyr/drivers/gpio/libdrivers__gpio.a(gpio_mcux_igpio.c.obj)
 .text.mcux_lpi2c_config_func_0
                0x000000006000c17c       0x16 zephyr/drivers/i2c/libdrivers__i2c.a(i2c_mcux_lpi2c.c.obj)
 .text.mcux_lpi2c_isr
                0x000000006000c192        0xa zephyr/drivers/i2c/libdrivers__i2c.a(i2c_mcux_lpi2c.c.obj)
 .text.z_log_msg_runtime_create.constprop.0
                0x000000006000c19c       0x20 zephyr/drivers/i2c/libdrivers__i2c.a(i2c_mcux_lpi2c.c.obj)
 .text.mcux_lpi2c_master_transfer_callback
                0x000000006000c1bc        0xa zephyr/drivers/i2c/libdrivers__i2c.a(i2c_mcux_lpi2c.c.obj)
 .text.pinctrl_lookup_state
                0x000000006000c1c6       0x26 zephyr/drivers/pinctrl/libdrivers__pinctrl.a(common.c.obj)
                0x000000006000c1c6                pinctrl_lookup_state
 .text.pinctrl_configure_pins
                0x000000006000c1ec       0x8a zephyr/drivers/pinctrl/libdrivers__pinctrl.a(pinctrl_imx.c.obj)
                0x000000006000c1ec                pinctrl_configure_pins
 .text.mcux_lpuart_irq_update
                0x000000006000c276        0x4 zephyr/drivers/serial/libdrivers__serial.a(uart_mcux_lpuart.c.obj)
 .text.mcux_lpuart_irq_callback_set
                0x000000006000c27a        0x8 zephyr/drivers/serial/libdrivers__serial.a(uart_mcux_lpuart.c.obj)
 .text.mcux_lpuart_config_get
                0x000000006000c282       0x10 zephyr/drivers/serial/libdrivers__serial.a(uart_mcux_lpuart.c.obj)
 .text.mcux_lpuart_line_ctrl_get
                0x000000006000c292        0x6 zephyr/drivers/serial/libdrivers__serial.a(uart_mcux_lpuart.c.obj)
 .text.mcux_lpuart_irq_err_disable
                0x000000006000c298        0xc zephyr/drivers/serial/libdrivers__serial.a(uart_mcux_lpuart.c.obj)
 .text.mcux_lpuart_irq_rx_disable
                0x000000006000c2a4        0xc zephyr/drivers/serial/libdrivers__serial.a(uart_mcux_lpuart.c.obj)
 .text.mcux_lpuart_irq_tx_disable
                0x000000006000c2b0        0xc zephyr/drivers/serial/libdrivers__serial.a(uart_mcux_lpuart.c.obj)
 .text.mcux_lpuart_irq_err_enable
                0x000000006000c2bc        0xc zephyr/drivers/serial/libdrivers__serial.a(uart_mcux_lpuart.c.obj)
 .text.mcux_lpuart_irq_rx_enable
                0x000000006000c2c8        0xc zephyr/drivers/serial/libdrivers__serial.a(uart_mcux_lpuart.c.obj)
 .text.mcux_lpuart_irq_tx_enable
                0x000000006000c2d4        0xc zephyr/drivers/serial/libdrivers__serial.a(uart_mcux_lpuart.c.obj)
 .text.mcux_lpuart_irq_rx_full
                0x000000006000c2e0       0x10 zephyr/drivers/serial/libdrivers__serial.a(uart_mcux_lpuart.c.obj)
 .text.mcux_lpuart_irq_tx_complete
                0x000000006000c2f0       0x10 zephyr/drivers/serial/libdrivers__serial.a(uart_mcux_lpuart.c.obj)
 .text.mcux_lpuart_irq_tx_ready
                0x000000006000c300       0x1e zephyr/drivers/serial/libdrivers__serial.a(uart_mcux_lpuart.c.obj)
 .text.mcux_lpuart_irq_is_pending
                0x000000006000c31e       0x2c zephyr/drivers/serial/libdrivers__serial.a(uart_mcux_lpuart.c.obj)
 .text.mcux_lpuart_fifo_read
                0x000000006000c34a       0x48 zephyr/drivers/serial/libdrivers__serial.a(uart_mcux_lpuart.c.obj)
 .text.mcux_lpuart_fifo_fill
                0x000000006000c392       0x28 zephyr/drivers/serial/libdrivers__serial.a(uart_mcux_lpuart.c.obj)
 .text.mcux_lpuart_poll_out
                0x000000006000c3ba       0x2c zephyr/drivers/serial/libdrivers__serial.a(uart_mcux_lpuart.c.obj)
 .text.mcux_lpuart_err_check
                0x000000006000c3e6       0x34 zephyr/drivers/serial/libdrivers__serial.a(uart_mcux_lpuart.c.obj)
 .text.mcux_lpuart_isr
                0x000000006000c41a       0x2e zephyr/drivers/serial/libdrivers__serial.a(uart_mcux_lpuart.c.obj)
 .text.mcux_lpuart_config_func_0
                0x000000006000c448       0x16 zephyr/drivers/serial/libdrivers__serial.a(uart_mcux_lpuart.c.obj)
 .text.mcux_lpuart_config_func_1
                0x000000006000c45e       0x16 zephyr/drivers/serial/libdrivers__serial.a(uart_mcux_lpuart.c.obj)
 .text.mcux_lpuart_config_func_2
                0x000000006000c474       0x16 zephyr/drivers/serial/libdrivers__serial.a(uart_mcux_lpuart.c.obj)
 .text.mcux_lpuart_config_func_3
                0x000000006000c48a       0x16 zephyr/drivers/serial/libdrivers__serial.a(uart_mcux_lpuart.c.obj)
 .text.mcux_lpuart_config_func_4
                0x000000006000c4a0       0x16 zephyr/drivers/serial/libdrivers__serial.a(uart_mcux_lpuart.c.obj)
 .text.pinctrl_apply_state
                0x000000006000c4b6       0x1e zephyr/drivers/serial/libdrivers__serial.a(uart_mcux_lpuart.c.obj)
 .text.mcux_lpuart_line_ctrl_set
                0x000000006000c4d4       0x4a zephyr/drivers/serial/libdrivers__serial.a(uart_mcux_lpuart.c.obj)
 .text.mcux_lpuart_config_pinctrl.isra.0
                0x000000006000c51e       0x20 zephyr/drivers/serial/libdrivers__serial.a(uart_mcux_lpuart.c.obj)
 .text.mcux_lpuart_configure_init
                0x000000006000c53e      0x15a zephyr/drivers/serial/libdrivers__serial.a(uart_mcux_lpuart.c.obj)
 .text.mcux_lpuart_init
                0x000000006000c698       0x38 zephyr/drivers/serial/libdrivers__serial.a(uart_mcux_lpuart.c.obj)
 .text.mcux_lpuart_configure
                0x000000006000c6d0       0x30 zephyr/drivers/serial/libdrivers__serial.a(uart_mcux_lpuart.c.obj)
 .text.mcux_lpuart_poll_in
                0x000000006000c700       0x40 zephyr/drivers/serial/libdrivers__serial.a(uart_mcux_lpuart.c.obj)
 .text.USB_DeviceEhciSetDefaultState
                0x000000006000c740       0xac modules/hal_nxp/libmodules__hal_nxp.a(usb_device_ehci.c.obj)
 .text.USB_DeviceEhciNotification.isra.0
                0x000000006000c7ec        0x4 modules/hal_nxp/libmodules__hal_nxp.a(usb_device_ehci.c.obj)
 .text.USB_DeviceEhciSend
                0x000000006000c7f0        0xc modules/hal_nxp/libmodules__hal_nxp.a(usb_device_ehci.c.obj)
                0x000000006000c7f0                USB_DeviceEhciSend
 .text.USB_DeviceEhciRecv
                0x000000006000c7fc        0x8 modules/hal_nxp/libmodules__hal_nxp.a(usb_device_ehci.c.obj)
                0x000000006000c7fc                USB_DeviceEhciRecv
 .text.USB_DeviceEhciEndpointDeinit
                0x000000006000c804       0x7c modules/hal_nxp/libmodules__hal_nxp.a(usb_device_ehci.c.obj)
 .text.USB_DeviceEhciControl
                0x000000006000c880      0x3e4 modules/hal_nxp/libmodules__hal_nxp.a(usb_device_ehci.c.obj)
                0x000000006000c880                USB_DeviceEhciControl
 .text.USB_DeviceEhciIsrFunction
                0x000000006000cc64      0x3a6 modules/hal_nxp/libmodules__hal_nxp.a(usb_device_ehci.c.obj)
                0x000000006000cc64                USB_DeviceEhciIsrFunction
 .text.USB_EhciPhyInit
                0x000000006000d00a       0x86 modules/hal_nxp/libmodules__hal_nxp.a(usb_phy.c.obj)
                0x000000006000d00a                USB_EhciPhyInit
 .text.OSA_EnterCritical
                0x000000006000d090       0x12 modules/hal_nxp/libmodules__hal_nxp.a(fsl_os_abstraction_zephyr.c.obj)
                0x000000006000d090                OSA_EnterCritical
 .text.OSA_ExitCritical
                0x000000006000d0a2        0xa modules/hal_nxp/libmodules__hal_nxp.a(fsl_os_abstraction_zephyr.c.obj)
                0x000000006000d0a2                OSA_ExitCritical
 .text.ADC_GetDefaultConfig
                0x000000006000d0ac       0x18 modules/hal_nxp/libmodules__hal_nxp.a(fsl_adc.c.obj)
                0x000000006000d0ac                ADC_GetDefaultConfig
 .text.ADC_SetChannelConfig
                0x000000006000d0c4       0x14 modules/hal_nxp/libmodules__hal_nxp.a(fsl_adc.c.obj)
                0x000000006000d0c4                ADC_SetChannelConfig
 .text.ADC_DoAutoCalibration
                0x000000006000d0d8       0x54 modules/hal_nxp/libmodules__hal_nxp.a(fsl_adc.c.obj)
                0x000000006000d0d8                ADC_DoAutoCalibration
 .text.ADC_SetHardwareAverageConfig
                0x000000006000d12c       0x24 modules/hal_nxp/libmodules__hal_nxp.a(fsl_adc.c.obj)
                0x000000006000d12c                ADC_SetHardwareAverageConfig
 .text.GPT_GetDefaultConfig
                0x000000006000d150       0x1c modules/hal_nxp/libmodules__hal_nxp.a(fsl_gpt.c.obj)
                0x000000006000d150                GPT_GetDefaultConfig
 .text.GPIO_PinWrite
                0x000000006000d16c       0x14 modules/hal_nxp/libmodules__hal_nxp.a(fsl_gpio.c.obj)
                0x000000006000d16c                GPIO_PinWrite
 .text.LPI2C_MasterCheckAndClearError
                0x000000006000d180       0x46 modules/hal_nxp/libmodules__hal_nxp.a(fsl_lpi2c.c.obj)
                0x000000006000d180                LPI2C_MasterCheckAndClearError
 .text.LPI2C_CheckForBusyBus
                0x000000006000d1c6       0x14 modules/hal_nxp/libmodules__hal_nxp.a(fsl_lpi2c.c.obj)
                0x000000006000d1c6                LPI2C_CheckForBusyBus
 .text.LPI2C_MasterSetBaudRate
                0x000000006000d1da      0x152 modules/hal_nxp/libmodules__hal_nxp.a(fsl_lpi2c.c.obj)
                0x000000006000d1da                LPI2C_MasterSetBaudRate
 .text.LPI2C_MasterTransferNonBlocking
                0x000000006000d32c      0x104 modules/hal_nxp/libmodules__hal_nxp.a(fsl_lpi2c.c.obj)
                0x000000006000d32c                LPI2C_MasterTransferNonBlocking
 .text.LPI2C_MasterTransferHandleIRQ
                0x000000006000d430      0x20a modules/hal_nxp/libmodules__hal_nxp.a(fsl_lpi2c.c.obj)
                0x000000006000d430                LPI2C_MasterTransferHandleIRQ
 .text.LPUART_GetDefaultConfig
                0x000000006000d63a       0x16 modules/hal_nxp/libmodules__hal_nxp.a(fsl_lpuart.c.obj)
                0x000000006000d63a                LPUART_GetDefaultConfig
 .text.LPUART_EnableInterrupts
                0x000000006000d650       0x52 modules/hal_nxp/libmodules__hal_nxp.a(fsl_lpuart.c.obj)
                0x000000006000d650                LPUART_EnableInterrupts
 .text.LPUART_DisableInterrupts
                0x000000006000d6a2       0x58 modules/hal_nxp/libmodules__hal_nxp.a(fsl_lpuart.c.obj)
                0x000000006000d6a2                LPUART_DisableInterrupts
 .text.SNVS_HP_RTC_Init
                0x000000006000d6fa       0x38 modules/hal_nxp/libmodules__hal_nxp.a(fsl_snvs_hp.c.obj)
                0x000000006000d6fa                SNVS_HP_RTC_Init
 .text.SNVS_HP_RTC_GetDefaultConfig
                0x000000006000d732        0xa modules/hal_nxp/libmodules__hal_nxp.a(fsl_snvs_hp.c.obj)
                0x000000006000d732                SNVS_HP_RTC_GetDefaultConfig
 .text.SNVS_HP_RTC_TimeSynchronize
                0x000000006000d73c       0x2c modules/hal_nxp/libmodules__hal_nxp.a(fsl_snvs_hp.c.obj)
                0x000000006000d73c                SNVS_HP_RTC_TimeSynchronize
 .text.SNVS_HP_RTC_GetStatusFlags
                0x000000006000d768       0x14 modules/hal_nxp/libmodules__hal_nxp.a(fsl_snvs_hp.c.obj)
                0x000000006000d768                SNVS_HP_RTC_GetStatusFlags
 .text.SNVS_LP_SRTC_GetDefaultConfig
                0x000000006000d77c        0x8 modules/hal_nxp/libmodules__hal_nxp.a(fsl_snvs_lp.c.obj)
                0x000000006000d77c                SNVS_LP_SRTC_GetDefaultConfig
 .text.SNVS_LP_SRTC_GetStatusFlags
                0x000000006000d784        0x8 modules/hal_nxp/libmodules__hal_nxp.a(fsl_snvs_lp.c.obj)
                0x000000006000d784                SNVS_LP_SRTC_GetStatusFlags
 .text.SystemInitHook
                0x000000006000d78c        0x2 modules/hal_nxp/libmodules__hal_nxp.a(system_MIMXRT1062.c.obj)
                0x000000006000d78c                SystemInitHook
 .text.z_impl_k_busy_wait
                0x000000006000d78e       0x1e zephyr/kernel/libkernel.a(busy_wait.c.obj)
                0x000000006000d78e                z_impl_k_busy_wait
 .text.z_device_state_init
                0x000000006000d7ac        0x2 zephyr/kernel/libkernel.a(device.c.obj)
                0x000000006000d7ac                z_device_state_init
 .text.z_impl_device_is_ready
                0x000000006000d7ae       0x16 zephyr/kernel/libkernel.a(device.c.obj)
                0x000000006000d7ae                z_impl_device_is_ready
 .text.z_log_msg_runtime_create.constprop.0
                0x000000006000d7c4       0x20 zephyr/kernel/libkernel.a(fatal.c.obj)
 .text.arch_system_halt
                0x000000006000d7e4       0x10 zephyr/kernel/libkernel.a(fatal.c.obj)
                0x000000006000d7e4                arch_system_halt
 .text.do_device_init
                0x000000006000d7f4       0x2e zephyr/kernel/libkernel.a(init.c.obj)
 .text.z_early_memset
                0x000000006000d822        0x4 zephyr/kernel/libkernel.a(init.c.obj)
                0x000000006000d822                z_early_memset
 .text.z_early_memcpy
                0x000000006000d826        0x4 zephyr/kernel/libkernel.a(init.c.obj)
                0x000000006000d826                z_early_memcpy
 .text.z_heap_alloc_helper
                0x000000006000d82a       0x84 zephyr/kernel/libkernel.a(kheap.c.obj)
 .text.k_heap_init
                0x000000006000d8ae       0x12 zephyr/kernel/libkernel.a(kheap.c.obj)
                0x000000006000d8ae                k_heap_init
 .text.k_heap_free
                0x000000006000d8c0       0x38 zephyr/kernel/libkernel.a(kheap.c.obj)
                0x000000006000d8c0                k_heap_free
 .text.idle     0x000000006000d8f8       0x16 zephyr/kernel/libkernel.a(idle.c.obj)
                0x000000006000d8f8                idle
 .text.unpend_thread_no_timeout
                0x000000006000d90e       0x1a zephyr/kernel/libkernel.a(msg_q.c.obj)
 .text.adjust_owner_prio.isra.0
                0x000000006000d928       0x10 zephyr/kernel/libkernel.a(mutex.c.obj)
 .text.z_impl_k_sem_init
                0x000000006000d938       0x18 zephyr/kernel/libkernel.a(sem.c.obj)
                0x000000006000d938                z_impl_k_sem_init
 .text.flag_test_and_clear
                0x000000006000d950       0x16 zephyr/kernel/libkernel.a(work.c.obj)
 .text.notify_queue_locked.isra.0
                0x000000006000d966        0xe zephyr/kernel/libkernel.a(work.c.obj)
 .text.work_timeout
                0x000000006000d974       0x3c zephyr/kernel/libkernel.a(work.c.obj)
 .text.k_work_init
                0x000000006000d9b0       0x12 zephyr/kernel/libkernel.a(work.c.obj)
                0x000000006000d9b0                k_work_init
 .text.z_work_submit_to_queue
                0x000000006000d9c2       0x26 zephyr/kernel/libkernel.a(work.c.obj)
                0x000000006000d9c2                z_work_submit_to_queue
 .text.k_work_submit_to_queue
                0x000000006000d9e8       0x20 zephyr/kernel/libkernel.a(work.c.obj)
                0x000000006000d9e8                k_work_submit_to_queue
 .text.k_work_init_delayable
                0x000000006000da08       0x18 zephyr/kernel/libkernel.a(work.c.obj)
                0x000000006000da08                k_work_init_delayable
 .text.k_is_in_isr
                0x000000006000da20        0xc zephyr/kernel/libkernel.a(thread.c.obj)
                0x000000006000da20                k_is_in_isr
 .text.z_impl_k_thread_name_set
                0x000000006000da2c        0x6 zephyr/kernel/libkernel.a(thread.c.obj)
                0x000000006000da2c                z_impl_k_thread_name_set
 .text.k_thread_name_get
                0x000000006000da32        0x4 zephyr/kernel/libkernel.a(thread.c.obj)
                0x000000006000da32                k_thread_name_get
 .text.sys_dlist_remove
                0x000000006000da36       0x10 zephyr/kernel/libkernel.a(sched.c.obj)
 .text.unpend_thread_no_timeout
                0x000000006000da46       0x14 zephyr/kernel/libkernel.a(sched.c.obj)
 .text.add_to_waitq_locked
                0x000000006000da5a       0x50 zephyr/kernel/libkernel.a(sched.c.obj)
 .text.z_ready_thread
                0x000000006000daaa       0x1e zephyr/kernel/libkernel.a(sched.c.obj)
                0x000000006000daaa                z_ready_thread
 .text.z_unpend_thread_no_timeout
                0x000000006000dac8       0x22 zephyr/kernel/libkernel.a(sched.c.obj)
                0x000000006000dac8                z_unpend_thread_no_timeout
 .text.z_sched_wake_thread
                0x000000006000daea       0x3a zephyr/kernel/libkernel.a(sched.c.obj)
                0x000000006000daea                z_sched_wake_thread
 .text.z_thread_timeout
                0x000000006000db24        0x8 zephyr/kernel/libkernel.a(sched.c.obj)
                0x000000006000db24                z_thread_timeout
 .text.z_unpend1_no_timeout
                0x000000006000db2c       0x2c zephyr/kernel/libkernel.a(sched.c.obj)
                0x000000006000db2c                z_unpend1_no_timeout
 .text.z_unpend_thread
                0x000000006000db58       0x10 zephyr/kernel/libkernel.a(sched.c.obj)
                0x000000006000db58                z_unpend_thread
 .text.z_unpend_all
                0x000000006000db68       0x26 zephyr/kernel/libkernel.a(sched.c.obj)
                0x000000006000db68                z_unpend_all
 .text.z_impl_k_sleep
                0x000000006000db8e       0x50 zephyr/kernel/libkernel.a(sched.c.obj)
                0x000000006000db8e                z_impl_k_sleep
 .text.z_impl_k_usleep
                0x000000006000dbde       0x20 zephyr/kernel/libkernel.a(sched.c.obj)
                0x000000006000dbde                z_impl_k_usleep
 .text.z_sched_wake
                0x000000006000dbfe       0x44 zephyr/kernel/libkernel.a(sched.c.obj)
                0x000000006000dbfe                z_sched_wake
 .text.next_timeout
                0x000000006000dc42       0x2e zephyr/kernel/libkernel.a(timeout.c.obj)
 .text.z_abort_timeout
                0x000000006000dc70       0x50 zephyr/kernel/libkernel.a(timeout.c.obj)
                0x000000006000dc70                z_abort_timeout
 .text.sys_clock_tick_get_32
                0x000000006000dcc0        0x8 zephyr/kernel/libkernel.a(timeout.c.obj)
                0x000000006000dcc0                sys_clock_tick_get_32
 .text.z_impl_k_uptime_ticks
                0x000000006000dcc8        0x4 zephyr/kernel/libkernel.a(timeout.c.obj)
                0x000000006000dcc8                z_impl_k_uptime_ticks
 .text.sys_timepoint_calc
                0x000000006000dccc       0x4a zephyr/kernel/libkernel.a(timeout.c.obj)
                0x000000006000dccc                sys_timepoint_calc
 .text.sys_timepoint_timeout
                0x000000006000dd16       0x42 zephyr/kernel/libkernel.a(timeout.c.obj)
                0x000000006000dd16                sys_timepoint_timeout
 .text.z_impl_k_timer_stop
                0x000000006000dd58       0x38 zephyr/kernel/libkernel.a(timer.c.obj)
                0x000000006000dd58                z_impl_k_timer_stop
 .text.memcpy   0x000000006000dd90       0x1c /home/lpl/zephyr-sdk-0.17.2/arm-zephyr-eabi/bin/../lib/gcc/../../picolibc/arm-zephyr-eabi/lib/thumb/v7e-m+dp/hard/libc.a(memcpy.c.o)
                0x000000006000dd90                memcpy
                0x000000006000dd90                __aeabi_memcpy
                0x000000006000dd90                __aeabi_memcpy4
                0x000000006000dd90                __aeabi_memcpy8
 .text.memset   0x000000006000ddac       0x10 /home/lpl/zephyr-sdk-0.17.2/arm-zephyr-eabi/bin/../lib/gcc/../../picolibc/arm-zephyr-eabi/lib/thumb/v7e-m+dp/hard/libc.a(memset.c.o)
                0x000000006000ddac                memset
 .text.strnlen  0x000000006000ddbc       0x18 /home/lpl/zephyr-sdk-0.17.2/arm-zephyr-eabi/bin/../lib/gcc/../../picolibc/arm-zephyr-eabi/lib/thumb/v7e-m+dp/hard/libc.a(libc_string_strnlen.c.o)
                0x000000006000ddbc                strnlen
 .text.__ultoa_invert
                0x000000006000ddd4       0x50 /home/lpl/zephyr-sdk-0.17.2/arm-zephyr-eabi/bin/../lib/gcc/../../picolibc/arm-zephyr-eabi/lib/thumb/v7e-m+dp/hard/libc.a(libc_tinystdio_vfprintf.c.o)
 .text.mulShiftAll64
                0x000000006000de24      0x17a /home/lpl/zephyr-sdk-0.17.2/arm-zephyr-eabi/bin/../lib/gcc/../../picolibc/arm-zephyr-eabi/lib/thumb/v7e-m+dp/hard/libc.a(libc_tinystdio_dtoa_ryu.c.o)
 .text.__umul128
                0x000000006000df9e       0x36 /home/lpl/zephyr-sdk-0.17.2/arm-zephyr-eabi/bin/../lib/gcc/../../picolibc/arm-zephyr-eabi/lib/thumb/v7e-m+dp/hard/libc.a(libc_tinystdio_ryu_umul128.c.o)
                0x000000006000df9e                __umul128
 .text.__shiftright128
                0x000000006000dfd4       0x3e /home/lpl/zephyr-sdk-0.17.2/arm-zephyr-eabi/bin/../lib/gcc/../../picolibc/arm-zephyr-eabi/lib/thumb/v7e-m+dp/hard/libc.a(libc_tinystdio_ryu_umul128.c.o)
                0x000000006000dfd4                __shiftright128
 .text.__dtox_engine
                0x000000006000e012      0x12e /home/lpl/zephyr-sdk-0.17.2/arm-zephyr-eabi/bin/../lib/gcc/../../picolibc/arm-zephyr-eabi/lib/thumb/v7e-m+dp/hard/libc.a(libc_tinystdio_dtox_engine.c.o)
                0x000000006000e012                __dtox_engine
 *(SORT_BY_ALIGNMENT(.TEXT.*))
 .TEXT.__aeabi_read_tp
                0x000000006000e140        0xc zephyr/arch/arch/arm/core/cortex_m/libarch__arm__core__cortex_m.a(__aeabi_read_tp.S.obj)
                0x000000006000e140                __aeabi_read_tp
 *(SORT_BY_ALIGNMENT(.gnu.linkonce.t.*))
 *(SORT_BY_ALIGNMENT(.glue_7t))
 .glue_7t       0x000000006000e14c        0x0 linker stubs
 *(SORT_BY_ALIGNMENT(.glue_7))
 .glue_7        0x000000006000e14c        0x0 linker stubs
 *(SORT_BY_ALIGNMENT(.vfp11_veneer))
 .vfp11_veneer  0x000000006000e14c        0x0 linker stubs
 *(SORT_BY_ALIGNMENT(.v4_bx))
 .v4_bx         0x000000006000e14c        0x0 linker stubs
                0x000000006000e14c                . = ALIGN (0x4)
                0x000000006000e14c                __text_region_end = .

.ARM.exidx      0x000000006000e14c        0x8
                0x000000006000e14c                __exidx_start = .
 *(SORT_BY_ALIGNMENT(.ARM.exidx*) SORT_BY_ALIGNMENT(gnu.linkonce.armexidx.*))
 .ARM.exidx     0x000000006000e14c        0x8 /home/lpl/zephyr-sdk-0.17.2/arm-zephyr-eabi/bin/../lib/gcc/../../picolibc/arm-zephyr-eabi/lib/thumb/v7e-m+dp/hard/libc.a(strlen.S.o)
 .ARM.exidx     0x000000006000e154        0x0 /home/lpl/zephyr-sdk-0.17.2/arm-zephyr-eabi/bin/../lib/gcc/arm-zephyr-eabi/12.2.0/thumb/v7e-m+dp/hard/libgcc.a(_udivmoddi4.o)
                                          0x8 (size before relaxing)
                0x000000006000e154                __exidx_end = .
                0x000000006000e154                __rodata_region_start = .

initlevel       0x000000006000e154      0x110
                0x000000006000e154                __init_start = .
                0x000000006000e154                __init_EARLY_start = .
 *(SORT_BY_NAME(SORT_BY_ALIGNMENT(.z_init_EARLY_P_?_*)))
 .z_init_EARLY_P_0_SUB_0_
                0x000000006000e154        0x8 zephyr/drivers/misc/nxp_flexram/libdrivers__misc__nxp_flexram.a(nxp_flexram.c.obj)
 *(SORT_BY_NAME(SORT_BY_ALIGNMENT(.z_init_EARLY_P_??_*)))
 *(SORT_BY_NAME(SORT_BY_ALIGNMENT(.z_init_EARLY_P_???_*)))
                0x000000006000e15c                __init_PRE_KERNEL_1_start = .
 *(SORT_BY_NAME(SORT_BY_ALIGNMENT(.z_init_PRE_KERNEL_1_P_?_*)))
 .z_init_PRE_KERNEL_1_P_0_SUB_0_
                0x000000006000e15c        0x8 zephyr/drivers/pinctrl/libdrivers__pinctrl.a(pinctrl_imx.c.obj)
 *(SORT_BY_NAME(SORT_BY_ALIGNMENT(.z_init_PRE_KERNEL_1_P_??_*)))
 .z_init_PRE_KERNEL_1_P_30_SUB_00177_