Archive member included to satisfy reference by file (symbol)

app/libapp.a(main.c.obj)      (--whole-archive)
zephyr/libzephyr.a(heap.c.obj)
                              (--whole-archive)
zephyr/libzephyr.a(cbprintf_packaged.c.obj)
                              (--whole-archive)
zephyr/libzephyr.a(clock.c.obj)
                              (--whole-archive)
zephyr/libzephyr.a(printk.c.obj)
                              (--whole-archive)
zephyr/libzephyr.a(sem.c.obj)
                              (--whole-archive)
zephyr/libzephyr.a(thread_entry.c.obj)
                              (--whole-archive)
zephyr/libzephyr.a(cbprintf_complete.c.obj)
                              (--whole-archive)
zephyr/libzephyr.a(assert.c.obj)
                              (--whole-archive)
zephyr/libzephyr.a(dec.c.obj)
                              (--whole-archive)
zephyr/libzephyr.a(hex.c.obj)
                              (--whole-archive)
zephyr/libzephyr.a(rb.c.obj)  (--whole-archive)
zephyr/libzephyr.a(timeutil.c.obj)
                              (--whole-archive)
zephyr/libzephyr.a(bitarray.c.obj)
                              (--whole-archive)
zephyr/libzephyr.a(ring_buffer.c.obj)
                              (--whole-archive)
zephyr/libzephyr.a(last_section_id.c.obj)
                              (--whole-archive)
zephyr/libzephyr.a(configs.c.obj)
                              (--whole-archive)
zephyr/libzephyr.a(soc.c.obj)
                              (--whole-archive)
zephyr/libzephyr.a(mpu_regions.c.obj)
                              (--whole-archive)
zephyr/libzephyr.a(mem_attr.c.obj)
                              (--whole-archive)
zephyr/libzephyr.a(tracing_none.c.obj)
                              (--whole-archive)
zephyr/libzephyr.a(usb_device.c.obj)
                              (--whole-archive)
zephyr/libzephyr.a(usb_descriptor.c.obj)
                              (--whole-archive)
zephyr/libzephyr.a(usb_transfer.c.obj)
                              (--whole-archive)
zephyr/libzephyr.a(cdc_acm.c.obj)
                              (--whole-archive)
zephyr/libzephyr.a(usb_work_q.c.obj)
                              (--whole-archive)
zephyr/arch/common/libarch__common.a(sw_isr_common.c.obj)
                              (--whole-archive)
zephyr/arch/arch/arm/core/libarch__arm__core.a(fatal.c.obj)
                              (--whole-archive)
zephyr/arch/arch/arm/core/libarch__arm__core.a(nmi.c.obj)
                              (--whole-archive)
zephyr/arch/arch/arm/core/libarch__arm__core.a(nmi_on_reset.S.obj)
                              (--whole-archive)
zephyr/arch/arch/arm/core/libarch__arm__core.a(tls.c.obj)
                              (--whole-archive)
zephyr/arch/arch/arm/core/cortex_m/libarch__arm__core__cortex_m.a(exc_exit.c.obj)
                              (--whole-archive)
zephyr/arch/arch/arm/core/cortex_m/libarch__arm__core__cortex_m.a(fault.c.obj)
                              (--whole-archive)
zephyr/arch/arch/arm/core/cortex_m/libarch__arm__core__cortex_m.a(fault_s.S.obj)
                              (--whole-archive)
zephyr/arch/arch/arm/core/cortex_m/libarch__arm__core__cortex_m.a(fpu.c.obj)
                              (--whole-archive)
zephyr/arch/arch/arm/core/cortex_m/libarch__arm__core__cortex_m.a(reset.S.obj)
                              (--whole-archive)
zephyr/arch/arch/arm/core/cortex_m/libarch__arm__core__cortex_m.a(scb.c.obj)
                              (--whole-archive)
zephyr/arch/arch/arm/core/cortex_m/libarch__arm__core__cortex_m.a(thread_abort.c.obj)
                              (--whole-archive)
zephyr/arch/arch/arm/core/cortex_m/libarch__arm__core__cortex_m.a(vector_table.S.obj)
                              (--whole-archive)
zephyr/arch/arch/arm/core/cortex_m/libarch__arm__core__cortex_m.a(swap_helper.S.obj)
                              (--whole-archive)
zephyr/arch/arch/arm/core/cortex_m/libarch__arm__core__cortex_m.a(irq_manage.c.obj)
                              (--whole-archive)
zephyr/arch/arch/arm/core/cortex_m/libarch__arm__core__cortex_m.a(prep_c.c.obj)
                              (--whole-archive)
zephyr/arch/arch/arm/core/cortex_m/libarch__arm__core__cortex_m.a(thread.c.obj)
                              (--whole-archive)
zephyr/arch/arch/arm/core/cortex_m/libarch__arm__core__cortex_m.a(cpu_idle.c.obj)
                              (--whole-archive)
zephyr/arch/arch/arm/core/cortex_m/libarch__arm__core__cortex_m.a(irq_init.c.obj)
                              (--whole-archive)
zephyr/arch/arch/arm/core/cortex_m/libarch__arm__core__cortex_m.a(isr_wrapper.c.obj)
                              (--whole-archive)
zephyr/arch/arch/arm/core/cortex_m/libarch__arm__core__cortex_m.a(__aeabi_read_tp.S.obj)
                              (--whole-archive)
zephyr/arch/arch/arm/core/cortex_m/libarch__arm__core__cortex_m.a(cache.c.obj)
                              (--whole-archive)
zephyr/arch/arch/arm/core/mpu/libarch__arm__core__mpu.a(arm_core_mpu.c.obj)
[...]
Memory Configuration

Name             Origin             Length             Attributes
FLASH            0x0000000060000000 0x0000000000800000 xr
RAM              0x0000000020280000 0x0000000000040000 xw
ITCM             0x0000000000000000 0x0000000000020000 rw
DTCM             0x0000000020000000 0x0000000000020000 rw
OCRAM            0x0000000020280000 0x0000000000040000 rw
OCRAM2           0x0000000020200000 0x0000000000080000 rw
IDT_LIST         0x00000000ffff7fff 0x0000000000008000 xw
*default*        0x0000000000000000 0xffffffffffffffff

Linker script and memory map

                0x0000000060009518                vfprintf = __l_vfprintf
                0x0000000000000000                vfscanf = __l_vfscanf
LOAD zephyr/CMakeFiles/zephyr_final.dir/misc/empty_file.c.obj
LOAD zephyr/CMakeFiles/zephyr_final.dir/isr_tables.c.obj
LOAD zephyr/CMakeFiles/offsets.dir/./arch/arm/core/offsets/offsets.c.obj
LOAD app/libapp.a
LOAD zephyr/libzephyr.a
LOAD zephyr/arch/common/libarch__common.a
LOAD zephyr/arch/arch/arm/core/libarch__arm__core.a
LOAD zephyr/arch/arch/arm/core/cortex_m/libarch__arm__core__cortex_m.a
LOAD zephyr/arch/arch/arm/core/mpu/libarch__arm__core__mpu.a
LOAD zephyr/lib/libc/picolibc/liblib__libc__picolibc.a
LOAD zephyr/lib/libc/common/liblib__libc__common.a
LOAD zephyr/boards/pjrc/teensy4/libboards__pjrc__teensy4.a
LOAD zephyr/drivers/misc/nxp_flexram/libdrivers__misc__nxp_flexram.a
LOAD zephyr/drivers/usb/device/libdrivers__usb__device.a
LOAD zephyr/drivers/clock_control/libdrivers__clock_control.a
LOAD zephyr/drivers/console/libdrivers__console.a
LOAD zephyr/drivers/gpio/libdrivers__gpio.a
LOAD zephyr/drivers/hwinfo/libdrivers__hwinfo.a
LOAD zephyr/drivers/lora/libloramac-node.a
LOAD zephyr/drivers/pinctrl/libdrivers__pinctrl.a
LOAD zephyr/drivers/serial/libdrivers__serial.a
LOAD zephyr/drivers/spi/libdrivers__spi.a
LOAD zephyr/drivers/timer/libdrivers__timer.a
LOAD modules/hal_nxp/libmodules__hal_nxp.a
LOAD zephyr/kernel/libkernel.a
LOAD zephyr/arch/common/libisr_tables.a
LOAD /home/lpl/zephyr-sdk-0.17.2/arm-zephyr-eabi/bin/../lib/gcc/../../picolibc/arm-zephyr-eabi/lib/thumb/v7e-m/nofp/libc.a
LOAD /home/lpl/zephyr-sdk-0.17.2/arm-zephyr-eabi/bin/../lib/gcc/arm-zephyr-eabi/12.2.0/thumb/v7e-m/nofp/libgcc.a
                0x0000000000000020                _region_min_align = 0x20

.rel.plt        0x0000000060000000        0x0
 *(SORT_BY_ALIGNMENT(.rel.plt))
                [!provide]                        PROVIDE (__rel_iplt_start = .)
 *(SORT_BY_ALIGNMENT(.rel.iplt))
 .rel.iplt      0x0000000060000000        0x0 zephyr/CMakeFiles/zephyr_final.dir/isr_tables.c.obj
                [!provide]                        PROVIDE (__rel_iplt_end = .)

.rela.plt       0x0000000000000000        0x0
 *(SORT_BY_ALIGNMENT(.rela.plt))
                [!provide]                        PROVIDE (__rela_iplt_start = .)
 *(SORT_BY_ALIGNMENT(.rela.iplt))
                [!provide]                        PROVIDE (__rela_iplt_end = .)

.rel.dyn
 *(SORT_BY_ALIGNMENT(.rel.*))

.rela.dyn
 *(SORT_BY_ALIGNMENT(.rela.*))

/DISCARD/
 *(SORT_BY_ALIGNMENT(.plt))

/DISCARD/
 *(SORT_BY_ALIGNMENT(.iplt))
                0x0000000060000000                __rom_region_start = 0x60000000

rom_start       0x0000000060000000     0x22c0
                0x0000000060000000                __rom_start_address = .
 FILL mask 0x00
                0x0000000060000000                . = (. + (0x0 - (. - __rom_start_address)))
 *(SORT_BY_ALIGNMENT(.boot_hdr.conf))
 .boot_hdr.conf
                0x0000000060000000      0x200 zephyr/boards/pjrc/teensy4/libboards__pjrc__teensy4.a(flexspi_nor_config.c.obj)
                0x0000000060000000                Qspiflash_config
                0x0000000060001000                . = (. + (0x1000 - (. - __rom_start_address)))
 *fill*         0x0000000060000200      0xe00 00
 *(SORT_BY_ALIGNMENT(.boot_hdr.ivt))
 .boot_hdr.ivt  0x0000000060001000       0x20 zephyr/libzephyr.a(soc.c.obj)
                0x0000000060001000                image_vector_table
 *(SORT_BY_ALIGNMENT(.boot_hdr.data))
 .boot_hdr.data
                0x0000000060001020       0x10 zephyr/libzephyr.a(soc.c.obj)
                0x0000000060001020                boot_data
                0x0000000060002000                . = (. + (0x2000 - (. - __rom_start_address)))
 *fill*         0x0000000060001030      0xfd0 00
                0x0000000060002000                . = ALIGN (0x4)
                0x0000000060002000                . = ALIGN (0x80)
                0x0000000060002000                . = ALIGN (0x400)
                0x0000000060002000                _vector_start = .
 *(SORT_BY_ALIGNMENT(.exc_vector_table))
 *(SORT_BY_ALIGNMENT(.exc_vector_table.*))
 .exc_vector_table._vector_table_section
                0x0000000060002000       0x40 zephyr/arch/arch/arm/core/cortex_m/libarch__arm__core__cortex_m.a(vector_table.S.obj)
                0x0000000060002000                _vector_table
 *(SORT_BY_ALIGNMENT(.vectors))
                0x00000000600022c0                _vector_end = .
                0x0000000060002040                . = ALIGN (0x4)
 *(SORT_BY_ALIGNMENT(.gnu.linkonce.irq_vector_table*))
 .gnu.linkonce.irq_vector_table
                0x0000000060002040      0x280 zephyr/CMakeFiles/zephyr_final.dir/isr_tables.c.obj
                0x0000000060002040                _irq_vector_table
                0x00000000600022c0                _vector_end = .

text            0x00000000600022c0     0x9d84
                0x00000000600022c0                __text_region_start = .
 *(SORT_BY_ALIGNMENT(.text))
 .text          0x00000000600022c0       0x30 /home/lpl/zephyr-sdk-0.17.2/arm-zephyr-eabi/bin/../lib/gcc/arm-zephyr-eabi/12.2.0/thumb/v7e-m/nofp/libgcc.a(_aeabi_uldivmod.o)
                0x00000000600022c0                __aeabi_uldivmod
 .text          0x00000000600022f0        0x4 /home/lpl/zephyr-sdk-0.17.2/arm-zephyr-eabi/bin/../lib/gcc/arm-zephyr-eabi/12.2.0/thumb/v7e-m/nofp/libgcc.a(_dvmd_tls.o)
                0x00000000600022f0                __aeabi_ldiv0
                0x00000000600022f0                __aeabi_idiv0
 .text          0x00000000600022f4       0x10 /home/lpl/zephyr-sdk-0.17.2/arm-zephyr-eabi/bin/../lib/gcc/../../picolibc/arm-zephyr-eabi/lib/thumb/v7e-m/nofp/libc.a(strlen.S.o)
                0x00000000600022f4                strlen
 .text          0x0000000060002304      0x2a0 /home/lpl/zephyr-sdk-0.17.2/arm-zephyr-eabi/bin/../lib/gcc/arm-zephyr-eabi/12.2.0/thumb/v7e-m/nofp/libgcc.a(_udivmoddi4.o)
                0x0000000060002304                __udivmoddi4
 *(SORT_BY_ALIGNMENT(.text.*))
 *fill*         0x00000000600025a4        0x4 
 .text.lpspi_configure
                0x00000000600025a8      0x24c zephyr/drivers/spi/libdrivers__spi.a(spi_nxp_lpspi_common.c.obj)
                0x00000000600025a8                lpspi_configure
 .text.main     0x00000000600027f4      0x160 app/libapp.a(main.c.obj)
                0x00000000600027f4                main
 .text.char_out
                0x0000000060002954        0xc zephyr/libzephyr.a(printk.c.obj)
 .text.__printk_hook_install
                0x0000000060002960        0xc zephyr/libzephyr.a(printk.c.obj)
                0x0000000060002960                __printk_hook_install
 .text.vprintk  0x000000006000296c       0x30 zephyr/libzephyr.a(printk.c.obj)
                0x000000006000296c                vprintk
 .text.z_thread_entry
                0x000000006000299c       0x34 zephyr/libzephyr.a(thread_entry.c.obj)
                0x000000006000299c                z_thread_entry
 .text.clock_init
                0x00000000600029d0       0xe4 zephyr/libzephyr.a(soc.c.obj)
                0x00000000600029d0                clock_init
 .text.mem_attr_get_regions
                0x0000000060002ab4        0xc zephyr/libzephyr.a(mem_attr.c.obj)
                0x0000000060002ab4                mem_attr_get_regions
 .text.class_handler
                0x0000000060002ac0       0x44 zephyr/libzephyr.a(usb_device.c.obj)
 .text.custom_handler
                0x0000000060002b04       0x64 zephyr/libzephyr.a(usb_device.c.obj)
 .text.vendor_handler
                0x0000000060002b68       0x3c zephyr/libzephyr.a(usb_device.c.obj)
 .text.disable_endpoint
                0x0000000060002ba4       0x2c zephyr/libzephyr.a(usb_device.c.obj)
 .text.usb_reset_alt_setting
                0x0000000060002bd0       0x10 zephyr/libzephyr.a(usb_device.c.obj)
 .text.is_ep_valid.part.0
                0x0000000060002be0       0x38 zephyr/libzephyr.a(usb_device.c.obj)
 .text.usb_halt_endpoint_req
                0x0000000060002c18       0x54 zephyr/libzephyr.a(usb_device.c.obj)
 .text.usb_handle_request.constprop.0
                0x0000000060002c6c       0x2c zephyr/libzephyr.a(usb_device.c.obj)
 .text.forward_status_cb
                0x0000000060002c98       0xac zephyr/libzephyr.a(usb_device.c.obj)
 .text.set_endpoint
                0x0000000060002d44       0x84 zephyr/libzephyr.a(usb_device.c.obj)
 .text.usb_handle_standard_request
                0x0000000060002dc8      0x2f4 zephyr/libzephyr.a(usb_device.c.obj)
 .text.usb_data_to_host
                0x00000000600030bc       0x60 zephyr/libzephyr.a(usb_device.c.obj)
 .text.usb_handle_control_transfer
                0x000000006000311c       0xdc zephyr/libzephyr.a(usb_device.c.obj)
 .text.usb_set_config
                0x00000000600031f8       0x2c zephyr/libzephyr.a(usb_device.c.obj)
                0x00000000600031f8                usb_set_config
 .text.usb_enable
                0x0000000060003224      0x13c zephyr/libzephyr.a(usb_device.c.obj)
                0x0000000060003224                usb_enable
 .text.usb_update_sn_string_descriptor
                0x0000000060003360       0x8c zephyr/libzephyr.a(usb_descriptor.c.obj)
                0x0000000060003360                usb_update_sn_string_descriptor
 .text.usb_get_device_descriptor
                0x00000000600033ec      0x1e4 zephyr/libzephyr.a(usb_descriptor.c.obj)
                0x00000000600033ec                usb_get_device_descriptor
 .text.usb_ep_get_transfer
                0x00000000600035d0       0x2c zephyr/libzephyr.a(usb_transfer.c.obj)
 .text.usb_transfer_work
                0x00000000600035fc      0x100 zephyr/libzephyr.a(usb_transfer.c.obj)
 .text.usb_transfer_ep_callback
                0x00000000600036fc       0x5c zephyr/libzephyr.a(usb_transfer.c.obj)
                0x00000000600036fc                usb_transfer_ep_callback
 .text.usb_transfer
                0x0000000060003758       0xe0 zephyr/libzephyr.a(usb_transfer.c.obj)
                0x0000000060003758                usb_transfer
 .text.usb_cancel_transfer
                0x0000000060003838       0x3c zephyr/libzephyr.a(usb_transfer.c.obj)
                0x0000000060003838                usb_cancel_transfer
 .text.usb_cancel_transfers
                0x0000000060003874       0x44 zephyr/libzephyr.a(usb_transfer.c.obj)
                0x0000000060003874                usb_cancel_transfers
 .text.usb_transfer_init
                0x00000000600038b8       0x30 zephyr/libzephyr.a(usb_transfer.c.obj)
                0x00000000600038b8                usb_transfer_init
 .text.cdc_acm_irq_rx_enable
                0x00000000600038e8       0x20 zephyr/libzephyr.a(cdc_acm.c.obj)
 .text.cdc_acm_irq_tx_enable
                0x0000000060003908       0x20 zephyr/libzephyr.a(cdc_acm.c.obj)
 .text.cdc_acm_fifo_fill
                0x0000000060003928       0x3c zephyr/libzephyr.a(cdc_acm.c.obj)
 .text.cdc_acm_write_cb
                0x0000000060003964       0x54 zephyr/libzephyr.a(cdc_acm.c.obj)
 .text.cdc_acm_class_handle_req
                0x00000000600039b8       0x64 zephyr/libzephyr.a(cdc_acm.c.obj)
                0x00000000600039b8                cdc_acm_class_handle_req
 .text.cdc_acm_int_in
                0x0000000060003a1c       0x18 zephyr/libzephyr.a(cdc_acm.c.obj)
 .text.cdc_acm_reset_port
                0x0000000060003a34       0x3c zephyr/libzephyr.a(cdc_acm.c.obj)
 .text.cdc_acm_init
                0x0000000060003a70       0x48 zephyr/libzephyr.a(cdc_acm.c.obj)
 .text.cdc_acm_send_notification.isra.0
                0x0000000060003ab8       0x44 zephyr/libzephyr.a(cdc_acm.c.obj)
 .text.cdc_acm_poll_out
                0x0000000060003afc       0x70 zephyr/libzephyr.a(cdc_acm.c.obj)
 .text.tx_work_handler
                0x0000000060003b6c       0x7c zephyr/libzephyr.a(cdc_acm.c.obj)
 .text.cdc_acm_read_cb
                0x0000000060003be8       0x78 zephyr/libzephyr.a(cdc_acm.c.obj)
 .text.cdc_acm_dev_status_cb
                0x0000000060003c60       0x80 zephyr/libzephyr.a(cdc_acm.c.obj)
 .text.z_usb_work_q_init
                0x0000000060003ce0       0x34 zephyr/libzephyr.a(usb_work_q.c.obj)
 .text.z_SysNmiOnReset
                0x0000000060003d14        0x8 zephyr/arch/arch/arm/core/libarch__arm__core.a(nmi_on_reset.S.obj)
                0x0000000060003d14                z_SysNmiOnReset
 .text.arch_tls_stack_setup
                0x0000000060003d1c       0x40 zephyr/arch/arch/arm/core/libarch__arm__core.a(tls.c.obj)
                0x0000000060003d1c                arch_tls_stack_setup
 .text._HandlerModeExit
                0x0000000060003d5c       0x20 zephyr/arch/arch/arm/core/cortex_m/libarch__arm__core__cortex_m.a(exc_exit.c.obj)
                0x0000000060003d5c                z_arm_exc_exit
                0x0000000060003d5c                z_arm_int_exit
 .text.mem_manage_fault
                0x0000000060003d7c       0xa0 zephyr/arch/arch/arm/core/cortex_m/libarch__arm__core__cortex_m.a(fault.c.obj)
 .text.usage_fault.constprop.0
                0x0000000060003e1c       0x54 zephyr/arch/arch/arm/core/cortex_m/libarch__arm__core__cortex_m.a(fault.c.obj)
 .text.bus_fault.constprop.0
                0x0000000060003e70       0x6c zephyr/arch/arch/arm/core/cortex_m/libarch__arm__core__cortex_m.a(fault.c.obj)
 .text.z_arm_fault
                0x0000000060003edc      0x128 zephyr/arch/arch/arm/core/cortex_m/libarch__arm__core__cortex_m.a(fault.c.obj)
                0x0000000060003edc                z_arm_fault
 .text.z_arm_fault_init
                0x0000000060004004       0x18 zephyr/arch/arch/arm/core/cortex_m/libarch__arm__core__cortex_m.a(fault.c.obj)
                0x0000000060004004                z_arm_fault_init
 .text.__fault  0x000000006000401c       0x14 zephyr/arch/arch/arm/core/cortex_m/libarch__arm__core__cortex_m.a(fault_s.S.obj)
                0x000000006000401c                z_arm_bus_fault
                0x000000006000401c                z_arm_usage_fault
                0x000000006000401c                z_arm_mpu_fault
                0x000000006000401c                z_arm_exc_spurious
                0x000000006000401c                z_arm_debug_monitor
                0x000000006000401c                z_arm_hard_fault
 .text._reset_section
                0x0000000060004030       0x38 zephyr/arch/arch/arm/core/cortex_m/libarch__arm__core__cortex_m.a(reset.S.obj)
                0x0000000060004030                z_arm_reset
                0x0000000060004030                __start
 .text.z_impl_k_thread_abort
                0x0000000060004068       0x2c zephyr/arch/arch/arm/core/cortex_m/libarch__arm__core__cortex_m.a(thread_abort.c.obj)
                0x0000000060004068                z_impl_k_thread_abort
 .text.z_arm_pendsv
                0x0000000060004094       0x60 zephyr/arch/arch/arm/core/cortex_m/libarch__arm__core__cortex_m.a(swap_helper.S.obj)
                0x0000000060004094                z_arm_pendsv
 .text.z_arm_svc
                0x00000000600040f4       0x24 zephyr/arch/arch/arm/core/cortex_m/libarch__arm__core__cortex_m.a(swap_helper.S.obj)
                0x00000000600040f4                z_arm_svc
 .text.arm_irq_enable
                0x0000000060004118       0x1c zephyr/arch/arch/arm/core/cortex_m/libarch__arm__core__cortex_m.a(irq_manage.c.obj)
                0x0000000060004118                arm_irq_enable
 .text.arm_irq_priority_set
                0x0000000060004134       0x2c zephyr/arch/arch/arm/core/cortex_m/libarch__arm__core__cortex_m.a(irq_manage.c.obj)
                0x0000000060004134                arm_irq_priority_set
 .text.relocate_vector_table
                0x0000000060004160       0x1c zephyr/arch/arch/arm/core/cortex_m/libarch__arm__core__cortex_m.a(prep_c.c.obj)
                0x0000000060004160                relocate_vector_table
 .text.z_prep_c
                0x000000006000417c       0x3c zephyr/arch/arch/arm/core/cortex_m/libarch__arm__core__cortex_m.a(prep_c.c.obj)
                0x000000006000417c                z_prep_c
 .text.arch_new_thread
                0x00000000600041b8       0x2c zephyr/arch/arch/arm/core/cortex_m/libarch__arm__core__cortex_m.a(thread.c.obj)
                0x00000000600041b8                arch_new_thread
 .text.z_check_thread_stack_fail
                0x00000000600041e4       0x2c zephyr/arch/arch/arm/core/cortex_m/libarch__arm__core__cortex_m.a(thread.c.obj)
                0x00000000600041e4                z_check_thread_stack_fail
 .text.arch_switch_to_main_thread
                0x0000000060004210       0x3c zephyr/arch/arch/arm/core/cortex_m/libarch__arm__core__cortex_m.a(thread.c.obj)
                0x0000000060004210                arch_switch_to_main_thread
 .text.z_arm_cpu_idle_init
                0x000000006000424c        0xc zephyr/arch/arch/arm/core/cortex_m/libarch__arm__core__cortex_m.a(cpu_idle.c.obj)
                0x000000006000424c                z_arm_cpu_idle_init
 .text.z_arm_interrupt_init
                0x0000000060004258       0x18 zephyr/arch/arch/arm/core/cortex_m/libarch__arm__core__cortex_m.a(irq_init.c.obj)
                0x0000000060004258                z_arm_interrupt_init
 .text._isr_wrapper
                0x0000000060004270       0x24 zephyr/arch/arch/arm/core/cortex_m/libarch__arm__core__cortex_m.a(isr_wrapper.c.obj)
                0x0000000060004270                _isr_wrapper
 .text.arch_dcache_enable
                0x0000000060004294       0x5c zephyr/arch/arch/arm/core/cortex_m/libarch__arm__core__cortex_m.a(cache.c.obj)
                0x0000000060004294                arch_dcache_enable
 .text.arch_icache_enable
                0x00000000600042f0       0x34 zephyr/arch/arch/arm/core/cortex_m/libarch__arm__core__cortex_m.a(cache.c.obj)
                0x00000000600042f0                arch_icache_enable
 .text.z_arm_configure_static_mpu_regions
                0x0000000060004324       0x18 zephyr/arch/arch/arm/core/mpu/libarch__arm__core__mpu.a(arm_core_mpu.c.obj)
                0x0000000060004324                z_arm_configure_static_mpu_regions
 .text.z_arm_configure_dynamic_mpu_regions
                0x000000006000433c       0x20 zephyr/arch/arch/arm/core/mpu/libarch__arm__core__mpu.a(arm_core_mpu.c.obj)
                0x000000006000433c                z_arm_configure_dynamic_mpu_regions
 .text.region_init
                0x000000006000435c       0x28 zephyr/arch/arch/arm/core/mpu/libarch__arm__core__mpu.a(arm_mpu.c.obj)
 .text.mpu_configure_regions
                0x0000000060004384       0x6c zephyr/arch/arch/arm/core/mpu/libarch__arm__core__mpu.a(arm_mpu.c.obj)
 .text.arm_core_mpu_enable
                0x00000000600043f0       0x18 zephyr/arch/arch/arm/core/mpu/libarch__arm__core__mpu.a(arm_mpu.c.obj)
                0x00000000600043f0                arm_core_mpu_enable
 .text.arm_core_mpu_disable
                0x0000000060004408       0x14 zephyr/arch/arch/arm/core/mpu/libarch__arm__core__mpu.a(arm_mpu.c.obj)
                0x0000000060004408                arm_core_mpu_disable
 .text.arm_core_mpu_configure_static_mpu_regions
                0x000000006000441c       0x14 zephyr/arch/arch/arm/core/mpu/libarch__arm__core__mpu.a(arm_mpu.c.obj)
                0x000000006000441c                arm_core_mpu_configure_static_mpu_regions
 .text.arm_core_mpu_configure_dynamic_mpu_regions
                0x0000000060004430       0x38 zephyr/arch/arch/arm/core/mpu/libarch__arm__core__mpu.a(arm_mpu.c.obj)
                0x0000000060004430                arm_core_mpu_configure_dynamic_mpu_regions
 .text.z_arm_mpu_init
                0x0000000060004468      0x1b0 zephyr/arch/arch/arm/core/mpu/libarch__arm__core__mpu.a(arm_mpu.c.obj)
                0x0000000060004468                z_arm_mpu_init
 .text.z_impl_zephyr_fputc
                0x0000000060004618       0x10 zephyr/lib/libc/picolibc/liblib__libc__picolibc.a(stdio.c.obj)
                0x0000000060004618                z_impl_zephyr_fputc
 .text.__stdout_hook_install
                0x0000000060004628       0x18 zephyr/lib/libc/picolibc/liblib__libc__picolibc.a(stdio.c.obj)
                0x0000000060004628                __stdout_hook_install
 .text.malloc_prepare
                0x0000000060004640       0x24 zephyr/lib/libc/common/liblib__libc__common.a(malloc.c.obj)
 .text.usb_isr_handler
                0x0000000060004664        0xc zephyr/drivers/usb/device/libdrivers__usb__device.a(usb_dc_mcux.c.obj)
 .text.usb_mcux_init
                0x0000000060004670       0x68 zephyr/drivers/usb/device/libdrivers__usb__device.a(usb_dc_mcux.c.obj)
 .text.usb_mcux_thread_main
                0x00000000600046d8      0x1ac zephyr/drivers/usb/device/libdrivers__usb__device.a(usb_dc_mcux.c.obj)
 .text.usb_dc_attach
                0x0000000060004884       0x5c zephyr/drivers/usb/device/libdrivers__usb__device.a(usb_dc_mcux.c.obj)
                0x0000000060004884                usb_dc_attach
 .text.usb_dc_set_address
                0x00000000600048e0       0x28 zephyr/drivers/usb/device/libdrivers__usb__device.a(usb_dc_mcux.c.obj)
                0x00000000600048e0                usb_dc_set_address
 .text.usb_dc_ep_configure
                0x0000000060004908       0xe4 zephyr/drivers/usb/device/libdrivers__usb__device.a(usb_dc_mcux.c.obj)
                0x0000000060004908                usb_dc_ep_configure
 .text.usb_dc_ep_set_stall
                0x00000000600049ec       0x3c zephyr/drivers/usb/device/libdrivers__usb__device.a(usb_dc_mcux.c.obj)
                0x00000000600049ec                usb_dc_ep_set_stall
 .text.usb_dc_ep_clear_stall
                0x0000000060004a28       0x74 zephyr/drivers/usb/device/libdrivers__usb__device.a(usb_dc_mcux.c.obj)
                0x0000000060004a28                usb_dc_ep_clear_stall
 .text.usb_dc_ep_is_stalled
                0x0000000060004a9c       0x4c zephyr/drivers/usb/device/libdrivers__usb__device.a(usb_dc_mcux.c.obj)
                0x0000000060004a9c                usb_dc_ep_is_stalled
 .text.usb_dc_ep_enable
                0x0000000060004ae8       0x74 zephyr/drivers/usb/device/libdrivers__usb__device.a(usb_dc_mcux.c.obj)
                0x0000000060004ae8                usb_dc_ep_enable
 .text.usb_dc_ep_disable
                0x0000000060004b5c       0x5c zephyr/drivers/usb/device/libdrivers__usb__device.a(usb_dc_mcux.c.obj)
                0x0000000060004b5c                usb_dc_ep_disable
 .text.usb_dc_ep_write
                0x0000000060004bb8       0x64 zephyr/drivers/usb/device/libdrivers__usb__device.a(usb_dc_mcux.c.obj)
                0x0000000060004bb8                usb_dc_ep_write
 .text.usb_dc_ep_read_wait
                0x0000000060004c1c       0xc4 zephyr/drivers/usb/device/libdrivers__usb__device.a(usb_dc_mcux.c.obj)
                0x0000000060004c1c                usb_dc_ep_read_wait
 .text.usb_dc_ep_read_continue
                0x0000000060004ce0       0x74 zephyr/drivers/usb/device/libdrivers__usb__device.a(usb_dc_mcux.c.obj)
                0x0000000060004ce0                usb_dc_ep_read_continue
 .text.usb_dc_ep_set_callback
                0x0000000060004d54       0x34 zephyr/drivers/usb/device/libdrivers__usb__device.a(usb_dc_mcux.c.obj)
                0x0000000060004d54                usb_dc_ep_set_callback
 .text.usb_dc_set_status_callback
                0x0000000060004d88        0xc zephyr/drivers/usb/device/libdrivers__usb__device.a(usb_dc_mcux.c.obj)
                0x0000000060004d88                usb_dc_set_status_callback
 .text.usb_dc_ep_mps
                0x0000000060004d94       0x2c zephyr/drivers/usb/device/libdrivers__usb__device.a(usb_dc_mcux.c.obj)
                0x0000000060004d94                usb_dc_ep_mps
 .text.USB_DeviceNotificationTrigger
                0x0000000060004dc0       0x14 zephyr/drivers/usb/device/libdrivers__usb__device.a(usb_dc_mcux.c.obj)
                0x0000000060004dc0                USB_DeviceNotificationTrigger
 .text.mcux_ccm_get_subsys_rate
                0x0000000060004dd4       0x44 zephyr/drivers/clock_control/libdrivers__clock_control.a(clock_control_mcux_ccm.c.obj)
 .text.uart_console_init
                0x0000000060004e18       0x28 zephyr/drivers/console/libdrivers__console.a(uart_console.c.obj)
 .text.console_out
                0x0000000060004e40       0x28 zephyr/drivers/console/libdrivers__console.a(uart_console.c.obj)
 .text.z_impl_hwinfo_get_device_id
                0x0000000060004e68       0x70 zephyr/drivers/hwinfo/libdrivers__hwinfo.a(hwinfo_imxrt.c.obj)
                0x0000000060004e68                z_impl_hwinfo_get_device_id
 .text.timer_callback
                0x0000000060004ed8        0xc zephyr/drivers/lora/libloramac-node.a(hal_common.c.obj)
 .text.RtcGetTimerElapsedTime
                0x0000000060004ee4       0x14 zephyr/drivers/lora/libloramac-node.a(hal_common.c.obj)
                0x0000000060004ee4                RtcGetTimerElapsedTime
 .text.RtcStopAlarm
                0x0000000060004ef8        0xc zephyr/drivers/lora/libloramac-node.a(hal_common.c.obj)
                0x0000000060004ef8                RtcStopAlarm
 .text.RtcSetAlarm
                0x0000000060004f04       0x20 zephyr/drivers/lora/libloramac-node.a(hal_common.c.obj)
                0x0000000060004f04                RtcSetAlarm
 .text.RtcSetTimerContext
                0x0000000060004f24       0x10 zephyr/drivers/lora/libloramac-node.a(hal_common.c.obj)
                0x0000000060004f24                RtcSetTimerContext
 .text.RtcGetTimerContext
                0x0000000060004f34        0xc zephyr/drivers/lora/libloramac-node.a(hal_common.c.obj)
                0x0000000060004f34                RtcGetTimerContext
 .text.modem_release.constprop.0
                0x0000000060004f40       0x54 zephyr/drivers/lora/libloramac-node.a(sx12xx_common.c.obj)
 .text.sx12xx_ev_tx_done
                0x0000000060004f94       0x20 zephyr/drivers/lora/libloramac-node.a(sx12xx_common.c.obj)
 .text.sx12xx_ev_rx_error
                0x0000000060004fb4       0x40 zephyr/drivers/lora/libloramac-node.a(sx12xx_common.c.obj)
 .text.sx12xx_ev_rx_done
                0x0000000060004ff4       0xb0 zephyr/drivers/lora/libloramac-node.a(sx12xx_common.c.obj)
 .text.sx12xx_lora_send_async
                0x00000000600050a4       0x4c zephyr/drivers/lora/libloramac-node.a(sx12xx_common.c.obj)
                0x00000000600050a4                sx12xx_lora_send_async
 .text.sx12xx_lora_send
                0x00000000600050f0       0xa4 zephyr/drivers/lora/libloramac-node.a(sx12xx_common.c.obj)
                0x00000000600050f0                sx12xx_lora_send
 .text.sx12xx_lora_recv
                0x0000000060005194       0xb0 zephyr/drivers/lora/libloramac-node.a(sx12xx_common.c.obj)
                0x0000000060005194                sx12xx_lora_recv
 .text.sx12xx_lora_recv_async
                0x0000000060005244       0x54 zephyr/drivers/lora/libloramac-node.a(sx12xx_common.c.obj)
                0x0000000060005244                sx12xx_lora_recv_async
 .text.sx12xx_lora_config
                0x0000000060005298       0xbc zephyr/drivers/lora/libloramac-node.a(sx12xx_common.c.obj)
                0x0000000060005298                sx12xx_lora_config
 .text.sx12xx_lora_test_cw
                0x0000000060005354       0x40 zephyr/drivers/lora/libloramac-node.a(sx12xx_common.c.obj)
                0x0000000060005354                sx12xx_lora_test_cw
 .text.sx12xx_init
                0x0000000060005394       0x60 zephyr/drivers/lora/libloramac-node.a(sx12xx_common.c.obj)
                0x0000000060005394                sx12xx_init
 .text.sx127x_dio_work_handle
                0x00000000600053f4       0x18 zephyr/drivers/lora/libloramac-node.a(sx127x.c.obj)
 .text.sx127x_irq_callback
                0x000000006000540c       0x20 zephyr/drivers/lora/libloramac-node.a(sx127x.c.obj)
 .text.gpio_pin_set_dt.constprop.0.isra.0
                0x000000006000542c       0x28 zephyr/drivers/lora/libloramac-node.a(sx127x.c.obj)
 .text.SX1276IoIrqInit
                0x0000000060005454       0x80 zephyr/drivers/lora/libloramac-node.a(sx127x.c.obj)
                0x0000000060005454                SX1276IoIrqInit
 .text.sx127x_read
                0x00000000600054d4       0x3c zephyr/drivers/lora/libloramac-node.a(sx127x.c.obj)
                0x00000000600054d4                sx127x_read
 .text.sx127x_lora_init
                0x0000000060005510       0x78 zephyr/drivers/lora/libloramac-node.a(sx127x.c.obj)
 .text.sx127x_write
                0x0000000060005588       0x3c zephyr/drivers/lora/libloramac-node.a(sx127x.c.obj)
                0x0000000060005588                sx127x_write
 .text.TimerInsertNewHeadTimer
                0x00000000600055c4       0x18 zephyr/drivers/lora/libloramac-node.a(timer.c.obj)
 .text.TimerStart
                0x00000000600055dc       0x70 zephyr/drivers/lora/libloramac-node.a(timer.c.obj)
                0x00000000600055dc                TimerStart
 .text.TimerIrqHandler
                0x000000006000564c       0x7c zephyr/drivers/lora/libloramac-node.a(timer.c.obj)
                0x000000006000564c                TimerIrqHandler
 .text.TimerStop
                0x00000000600056c8       0x54 zephyr/drivers/lora/libloramac-node.a(timer.c.obj)
                0x00000000600056c8                TimerStop
 .text.GetFskBandwidthRegValue
                0x000000006000571c       0x2c zephyr/drivers/lora/libloramac-node.a(sx1276.c.obj)
 .text.SX1276OnDio4Irq
                0x0000000060005748       0x1c zephyr/drivers/lora/libloramac-node.a(sx1276.c.obj)
 .text.SX1276GetStatus
                0x0000000060005764        0xc zephyr/drivers/lora/libloramac-node.a(sx1276.c.obj)
                0x0000000060005764                SX1276GetStatus
 .text.SX1276GetTimeOnAir
                0x0000000060005770       0xdc zephyr/drivers/lora/libloramac-node.a(sx1276.c.obj)
                0x0000000060005770                SX1276GetTimeOnAir
 .text.SX1276SetChannel
                0x000000006000584c       0x48 zephyr/drivers/lora/libloramac-node.a(sx1276.c.obj)
                0x000000006000584c                SX1276SetChannel
 .text.SX1276OnDio3Irq
                0x0000000060005894       0x50 zephyr/drivers/lora/libloramac-node.a(sx1276.c.obj)
 .text.SX1276OnDio2Irq
                0x00000000600058e4       0xd4 zephyr/drivers/lora/libloramac-node.a(sx1276.c.obj)
 .text.SX1276OnDio1Irq
                0x00000000600059b8      0x118 zephyr/drivers/lora/libloramac-node.a(sx1276.c.obj)
 .text.SX1276OnDio0Irq
                0x0000000060005ad0      0x260 zephyr/drivers/lora/libloramac-node.a(sx1276.c.obj)
 .text.RxChainCalibration
                0x0000000060005d30       0x94 zephyr/drivers/lora/libloramac-node.a(sx1276.c.obj)
 .text.SX1276SetSleep
                0x0000000060005dc4       0x3c zephyr/drivers/lora/libloramac-node.a(sx1276.c.obj)
                0x0000000060005dc4                SX1276SetSleep
 .text.SX1276SetStby
                0x0000000060005e00       0x34 zephyr/drivers/lora/libloramac-node.a(sx1276.c.obj)
                0x0000000060005e00                SX1276SetStby
 .text.SX1276Send
                0x0000000060005e34      0x194 zephyr/drivers/lora/libloramac-node.a(sx1276.c.obj)
                0x0000000060005e34                SX1276Send
 .text.SX1276SetRx
                0x0000000060005fc8      0x21c zephyr/drivers/lora/libloramac-node.a(sx1276.c.obj)
                0x0000000060005fc8                SX1276SetRx
 .text.SX1276ReadRssi
                0x00000000600061e4       0x44 zephyr/drivers/lora/libloramac-node.a(sx1276.c.obj)
                0x00000000600061e4                SX1276ReadRssi
 .text.SX1276SetModem
                0x0000000060006228       0x74 zephyr/drivers/lora/libloramac-node.a(sx1276.c.obj)
                0x0000000060006228                SX1276SetModem
 .text.SX1276Init
                0x000000006000629c       0x7c zephyr/drivers/lora/libloramac-node.a(sx1276.c.obj)
                0x000000006000629c                SX1276Init
 .text.SX1276SetRxConfig
                0x0000000060006318      0x2a4 zephyr/drivers/lora/libloramac-node.a(sx1276.c.obj)
                0x0000000060006318                SX1276SetRxConfig
 .text.SX1276SetTxConfig
                0x00000000600065bc      0x23c zephyr/drivers/lora/libloramac-node.a(sx1276.c.obj)
                0x00000000600065bc                SX1276SetTxConfig
 .text.SX1276SetTxContinuousWave
                0x00000000600067f8       0x84 zephyr/drivers/lora/libloramac-node.a(sx1276.c.obj)
                0x00000000600067f8                SX1276SetTxContinuousWave
 .text.SX1276SetMaxPayloadLength
                0x000000006000687c       0x34 zephyr/drivers/lora/libloramac-node.a(sx1276.c.obj)
                0x000000006000687c                SX1276SetMaxPayloadLength
 .text.SX1276SetPublicNetwork
                0x00000000600068b0       0x28 zephyr/drivers/lora/libloramac-node.a(sx1276.c.obj)
                0x00000000600068b0                SX1276SetPublicNetwork
 .text.SX1276OnTimeoutIrq
                0x00000000600068d8       0xc4 zephyr/drivers/lora/libloramac-node.a(sx1276.c.obj)
 .text.imx_pinctrl_init
                0x000000006000699c       0x50 zephyr/drivers/pinctrl/libdrivers__pinctrl.a(pinctrl_imx.c.obj)
 .text.spi_nxp_init_common
                0x00000000600069ec      0x15c zephyr/drivers/spi/libdrivers__spi.a(spi_nxp_lpspi_common.c.obj)
                0x00000000600069ec                spi_nxp_init_common
 .text.lpspi_isr
                0x0000000060006b48      0x260 zephyr/drivers/spi/libdrivers__spi.a(spi_nxp_lpspi.c.obj)
 .text.elapsed  0x0000000060006da8       0x4c zephyr/drivers/timer/libdrivers__timer.a(cortex_m_systick.c.obj)
 .text.sys_clock_driver_init
                0x0000000060006df4       0x38 zephyr/drivers/timer/libdrivers__timer.a(cortex_m_systick.c.obj)
 .text.sys_clock_isr
                0x0000000060006e2c       0x60 zephyr/drivers/timer/libdrivers__timer.a(cortex_m_systick.c.obj)
                0x0000000060006e2c                sys_clock_isr
 .text.sys_clock_set_timeout
                0x0000000060006e8c       0xfc zephyr/drivers/timer/libdrivers__timer.a(cortex_m_systick.c.obj)
                0x0000000060006e8c                sys_clock_set_timeout
 .text.sys_clock_elapsed
                0x0000000060006f88       0x3c zephyr/drivers/timer/libdrivers__timer.a(cortex_m_systick.c.obj)
                0x0000000060006f88                sys_clock_elapsed
 .text.sys_clock_cycle_get_32
                0x0000000060006fc4       0x28 zephyr/drivers/timer/libdrivers__timer.a(cortex_m_systick.c.obj)
                0x0000000060006fc4                sys_clock_cycle_get_32
 .text.USB_DeviceEhciTransfer
                0x0000000060006fec      0x224 modules/hal_nxp/libmodules__hal_nxp.a(usb_device_ehci.c.obj)
 .text.USB_DeviceEhciCancelControlPipe
                0x0000000060007210      0x11c modules/hal_nxp/libmodules__hal_nxp.a(usb_device_ehci.c.obj)
 .text.USB_DeviceEhciInit
                0x000000006000732c       0xd8 modules/hal_nxp/libmodules__hal_nxp.a(usb_device_ehci.c.obj)
                0x000000006000732c                USB_DeviceEhciInit
 .text.USB_DeviceEhciDeinit
                0x0000000060007404       0x44 modules/hal_nxp/libmodules__hal_nxp.a(usb_device_ehci.c.obj)
                0x0000000060007404                USB_DeviceEhciDeinit
 .text.USB_DeviceEhciCancel
                0x0000000060007448      0x13c modules/hal_nxp/libmodules__hal_nxp.a(usb_device_ehci.c.obj)
                0x0000000060007448                USB_DeviceEhciCancel
 .text.USB_EhciPhyGetBase
                0x0000000060007584       0x40 modules/hal_nxp/libmodules__hal_nxp.a(usb_phy.c.obj)
                0x0000000060007584                USB_EhciPhyGetBase
 .text.SystemInit
                0x00000000600075c4       0xcc modules/hal_nxp/libmodules__hal_nxp.a(system_MIMXRT1062.c.obj)
                0x00000000600075c4                SystemInit
 .text.CLOCK_GetOscFreq
                0x0000000060007690       0x20 modules/hal_nxp/libmodules__hal_nxp.a(fsl_clock.c.obj)
 .text.CLOCK_EnableUsbhs0Clock
                0x00000000600076b0       0x50 modules/hal_nxp/libmodules__hal_nxp.a(fsl_clock.c.obj)
                0x00000000600076b0                CLOCK_EnableUsbhs0Clock
 .text.CLOCK_InitArmPll
                0x0000000060007700       0x44 modules/hal_nxp/libmodules__hal_nxp.a(fsl_clock.c.obj)
                0x0000000060007700                CLOCK_InitArmPll
 .text.CLOCK_InitUsb1Pll
                0x0000000060007744       0x44 modules/hal_nxp/libmodules__hal_nxp.a(fsl_clock.c.obj)
                0x0000000060007744                CLOCK_InitUsb1Pll
 .text.CLOCK_EnableUsbhs0PhyPllClock
                0x0000000060007788       0x48 modules/hal_nxp/libmodules__hal_nxp.a(fsl_clock.c.obj)
                0x0000000060007788                CLOCK_EnableUsbhs0PhyPllClock
 .text.CLOCK_GetPllFreq
                0x00000000600077d0      0x1a8 modules/hal_nxp/libmodules__hal_nxp.a(fsl_clock.c.obj)
                0x00000000600077d0                CLOCK_GetPllFreq
 .text.CLOCK_GetPllUsb1SWFreq
                0x0000000060007978       0x20 modules/hal_nxp/libmodules__hal_nxp.a(fsl_clock.c.obj)
 .text.CLOCK_GetSysPfdFreq
                0x0000000060007998       0x60 modules/hal_nxp/libmodules__hal_nxp.a(fsl_clock.c.obj)
                0x0000000060007998                CLOCK_GetSysPfdFreq
 .text.CLOCK_GetPeriphClkFreq
                0x00000000600079f8       0x90 modules/hal_nxp/libmodules__hal_nxp.a(fsl_clock.c.obj)
 .text.CLOCK_GetAhbFreq
                0x0000000060007a88       0x1c modules/hal_nxp/libmodules__hal_nxp.a(fsl_clock.c.obj)
                0x0000000060007a88                CLOCK_GetAhbFreq
 .text.CLOCK_GetIpgFreq
                0x0000000060007aa4       0x1c modules/hal_nxp/libmodules__hal_nxp.a(fsl_clock.c.obj)
                0x0000000060007aa4                CLOCK_GetIpgFreq
 .text.CLOCK_GetPerClkFreq
                0x0000000060007ac0       0x28 modules/hal_nxp/libmodules__hal_nxp.a(fsl_clock.c.obj)
                0x0000000060007ac0                CLOCK_GetPerClkFreq
 .text.CLOCK_GetUsb1PfdFreq
                0x0000000060007ae8       0x60 modules/hal_nxp/libmodules__hal_nxp.a(fsl_clock.c.obj)
                0x0000000060007ae8                CLOCK_GetUsb1PfdFreq
 .text.CLOCK_GetSemcFreq
                0x0000000060007b48       0x38 modules/hal_nxp/libmodules__hal_nxp.a(fsl_clock.c.obj)
                0x0000000060007b48                CLOCK_GetSemcFreq
 .text.CLOCK_GetFreq
                0x0000000060007b80       0xf4 modules/hal_nxp/libmodules__hal_nxp.a(fsl_clock.c.obj)
                0x0000000060007b80                CLOCK_GetFreq
 .text.CLOCK_GetClockRootFreq
                0x0000000060007c74       0x8c modules/hal_nxp/libmodules__hal_nxp.a(fsl_clock.c.obj)
                0x0000000060007c74                CLOCK_GetClockRootFreq
 .text.z_fatal_error
                0x0000000060007d00       0x30 zephyr/kernel/libkernel.a(fatal.c.obj)
                0x0000000060007d00                z_fatal_error
 .text.z_sys_init_run_level
                0x0000000060007d30       0x30 zephyr/kernel/libkernel.a(init.c.obj)
 .text.bg_thread_main
                0x0000000060007d60       0xc0 zephyr/kernel/libkernel.a(init.c.obj)
 .text.z_bss_zero
                0x0000000060007e20       0x40 zephyr/kernel/libkernel.a(init.c.obj)
                0x0000000060007e20                z_bss_zero
 .text.z_init_cpu
                0x0000000060007e60       0x70 zephyr/kernel/libkernel.a(init.c.obj)
                0x0000000060007e60                z_init_cpu
 .text.z_cstart
                0x0000000060007ed0       0xc8 zephyr/kernel/libkernel.a(init.c.obj)
                0x0000000060007ed0                z_cstart
 .text.statics_init
                0x0000000060007f98       0x24 zephyr/kernel/libkernel.a(kheap.c.obj)
 .text.k_heap_alloc
                0x0000000060007fbc       0x1c zephyr/kernel/libkernel.a(kheap.c.obj)
                0x0000000060007fbc                k_heap_alloc
 .text.z_impl_k_msgq_put
                0x0000000060007fd8       0xbc zephyr/kernel/libkernel.a(msg_q.c.obj)
                0x0000000060007fd8                z_impl_k_msgq_put
 .text.z_impl_k_msgq_get
                0x0000000060008094       0xc4 zephyr/kernel/libkernel.a(msg_q.c.obj)
                0x0000000060008094                z_impl_k_msgq_get
 .text.z_impl_k_mutex_lock
                0x0000000060008158       0xf0 zephyr/kernel/libkernel.a(mutex.c.obj)
                0x0000000060008158                z_impl_k_mutex_lock
 .text.z_impl_k_mutex_unlock
                0x0000000060008248       0xa0 zephyr/kernel/libkernel.a(mutex.c.obj)
                0x0000000060008248                z_impl_k_mutex_unlock
 .text.z_impl_k_sem_give
                0x00000000600082e8       0x74 zephyr/kernel/libkernel.a(sem.c.obj)
                0x00000000600082e8                z_impl_k_sem_give
 .text.z_impl_k_sem_take
                0x000000006000835c       0x4c zephyr/kernel/libkernel.a(sem.c.obj)
                0x000000006000835c                z_impl_k_sem_take
 .text.work_queue_main
                0x00000000600083a8      0x14c zephyr/kernel/libkernel.a(work.c.obj)
 .text.submit_to_queue_locked
                0x00000000600084f4       0xb4 zephyr/kernel/libkernel.a(work.c.obj)
 .text.k_work_submit
                0x00000000600085a8        0xc zephyr/kernel/libkernel.a(work.c.obj)
                0x00000000600085a8                k_work_submit
 .text.k_work_queue_start
                0x00000000600085b4       0x80 zephyr/kernel/libkernel.a(work.c.obj)
                0x00000000600085b4                k_work_queue_start
 .text.k_work_schedule_for_queue
                0x0000000060008634       0x54 zephyr/kernel/libkernel.a(work.c.obj)
                0x0000000060008634                k_work_schedule_for_queue
 .text.z_setup_new_thread
                0x0000000060008688       0x9c zephyr/kernel/libkernel.a(thread.c.obj)
                0x0000000060008688                z_setup_new_thread
 .text.z_impl_k_thread_create
                0x0000000060008724       0x58 zephyr/kernel/libkernel.a(thread.c.obj)
                0x0000000060008724                z_impl_k_thread_create
 .text.z_dummy_thread_init
                0x000000006000877c       0x18 zephyr/kernel/libkernel.a(thread.c.obj)
                0x000000006000877c                z_dummy_thread_init
 .text.z_swap_irqlock
                0x0000000060008794       0x30 zephyr/kernel/libkernel.a(sched.c.obj)
 .text.ready_thread
                0x00000000600087c4       0x84 zephyr/kernel/libkernel.a(sched.c.obj)
 .text.unready_thread
                0x0000000060008848       0x54 zephyr/kernel/libkernel.a(sched.c.obj)
 .text.add_thread_timeout
                0x000000006000889c       0x1c zephyr/kernel/libkernel.a(sched.c.obj)
 .text.move_thread_to_end_of_prio_q
                0x00000000600088b8       0x90 zephyr/kernel/libkernel.a(sched.c.obj)
                0x00000000600088b8                move_thread_to_end_of_prio_q
 .text.z_pend_curr
                0x0000000060008948       0x44 zephyr/kernel/libkernel.a(sched.c.obj)
                0x0000000060008948                z_pend_curr
 .text.z_thread_prio_set
                0x000000006000898c       0xe4 zephyr/kernel/libkernel.a(sched.c.obj)
                0x000000006000898c                z_thread_prio_set
 .text.z_reschedule
                0x0000000060008a70       0x24 zephyr/kernel/libkernel.a(sched.c.obj)
                0x0000000060008a70                z_reschedule
 .text.z_reschedule_irqlock
                0x0000000060008a94       0x28 zephyr/kernel/libkernel.a(sched.c.obj)
                0x0000000060008a94                z_reschedule_irqlock
 .text.k_sched_lock
                0x0000000060008abc       0x28 zephyr/kernel/libkernel.a(sched.c.obj)
                0x0000000060008abc                k_sched_lock
 .text.k_sched_unlock
                0x0000000060008ae4       0x68 zephyr/kernel/libkernel.a(sched.c.obj)
                0x0000000060008ae4                k_sched_unlock
 .text.z_sched_init
                0x0000000060008b4c       0x10 zephyr/kernel/libkernel.a(sched.c.obj)
                0x0000000060008b4c                z_sched_init
 .text.z_impl_k_yield
                0x0000000060008b5c       0x88 zephyr/kernel/libkernel.a(sched.c.obj)
                0x0000000060008b5c                z_impl_k_yield
 .text.z_tick_sleep
                0x0000000060008be4       0x78 zephyr/kernel/libkernel.a(sched.c.obj)
 .text.z_impl_k_wakeup
                0x0000000060008c5c       0x48 zephyr/kernel/libkernel.a(sched.c.obj)
                0x0000000060008c5c                z_impl_k_wakeup
 .text.z_impl_k_sched_current_thread_query
                0x0000000060008ca4        0xc zephyr/kernel/libkernel.a(sched.c.obj)
                0x0000000060008ca4                z_impl_k_sched_current_thread_query
 .text.z_thread_abort
                0x0000000060008cb0      0x138 zephyr/kernel/libkernel.a(sched.c.obj)
                0x0000000060008cb0                z_thread_abort
 .text.z_sched_wait
                0x0000000060008de8       0x24 zephyr/kernel/libkernel.a(sched.c.obj)
                0x0000000060008de8                z_sched_wait
 .text.slice_timeout
                0x0000000060008e0c       0x20 zephyr/kernel/libkernel.a(timeslicing.c.obj)
 .text.thread_is_sliceable
                0x0000000060008e2c       0x3c zephyr/kernel/libkernel.a(timeslicing.c.obj)
                0x0000000060008e2c                thread_is_sliceable
 .text.z_reset_time_slice
                0x0000000060008e68       0x50 zephyr/kernel/libkernel.a(timeslicing.c.obj)
                0x0000000060008e68                z_reset_time_slice
 .text.z_time_slice
                0x0000000060008eb8       0x60 zephyr/kernel/libkernel.a(timeslicing.c.obj)
                0x0000000060008eb8                z_time_slice
 .text.z_data_copy
                0x0000000060008f18       0x7c zephyr/kernel/libkernel.a(xip.c.obj)
                0x0000000060008f18                z_data_copy
 .text.first    0x0000000060008f94       0x10 zephyr/kernel/libkernel.a(timeout.c.obj)
 .text.elapsed  0x0000000060008fa4       0x14 zephyr/kernel/libkernel.a(timeout.c.obj)
 .text.remove_timeout
                0x0000000060008fb8       0x38 zephyr/kernel/libkernel.a(timeout.c.obj)
 .text.z_add_timeout
                0x0000000060008ff0      0x120 zephyr/kernel/libkernel.a(timeout.c.obj)
                0x0000000060008ff0                z_add_timeout
 .text.sys_clock_announce
                0x0000000060009110       0xc0 zephyr/kernel/libkernel.a(timeout.c.obj)
                0x0000000060009110                sys_clock_announce
 .text.sys_clock_tick_get
                0x00000000600091d0       0x30 zephyr/kernel/libkernel.a(timeout.c.obj)
                0x00000000600091d0                sys_clock_tick_get
 .text.z_timer_expiration_handler
                0x0000000060009200      0x110 zephyr/kernel/libkernel.a(timer.c.obj)
                0x0000000060009200                z_timer_expiration_handler
 .text.z_impl_k_timer_start
                0x0000000060009310       0x70 zephyr/kernel/libkernel.a(timer.c.obj)
                0x0000000060009310                z_impl_k_timer_start
 .text.clear_event_registrations
                0x0000000060009380       0x60 zephyr/kernel/libkernel.a(poll.c.obj)
 .text.z_impl_k_poll
                0x00000000600093e0       0xb0 zephyr/kernel/libkernel.a(poll.c.obj)
                0x00000000600093e0                z_impl_k_poll
 .text.z_impl_k_poll_signal_raise
                0x0000000060009490       0x50 zephyr/kernel/libkernel.a(poll.c.obj)
                0x0000000060009490                z_impl_k_poll_signal_raise
 .text.boot_banner
                0x00000000600094e0        0xc zephyr/kernel/libkernel.a(banner.c.obj)
                0x00000000600094e0                boot_banner
 .text.k_sys_work_q_init
                0x00000000600094ec       0x2c zephyr/kernel/libkernel.a(system_work_q.c.obj)
 .text.__l_vfprintf
                0x0000000060009518      0x4b8 /home/lpl/zephyr-sdk-0.17.2/arm-zephyr-eabi/bin/../lib/gcc/../../picolibc/arm-zephyr-eabi/lib/thumb/v7e-m/nofp/libc.a(libc_tinystdio_vflprintf.c.o)
                0x0000000060009518                __l_vfprintf
 .text._OffsetAbsSyms
                0x00000000600099d0        0x2 zephyr/CMakeFiles/offsets.dir/./arch/arm/core/offsets/offsets.c.obj
                0x00000000600099d0                _OffsetAbsSyms
 .text.lora_config.isra.0
                0x00000000600099d2        0x6 app/libapp.a(main.c.obj)
 .text.chunk_size
                0x00000000600099d8        0xa zephyr/libzephyr.a(heap.c.obj)
 .text.free_list_add
                0x00000000600099e2       0x4e zephyr/libzephyr.a(heap.c.obj)
 .text.free_list_remove_bidx
                0x0000000060009a30       0x3a zephyr/libzephyr.a(heap.c.obj)
 .text.free_list_remove
                0x0000000060009a6a       0x1a zephyr/libzephyr.a(heap.c.obj)
 .text.alloc_chunk
                0x0000000060009a84       0x6e zephyr/libzephyr.a(heap.c.obj)
 .text.merge_chunks
                0x0000000060009af2       0x2c zephyr/libzephyr.a(heap.c.obj)
 .text.split_chunks
                0x0000000060009b1e       0x34 zephyr/libzephyr.a(heap.c.obj)
 .text.free_chunk
                0x0000000060009b52       0x62 zephyr/libzephyr.a(heap.c.obj)
 .text.sys_heap_free
                0x0000000060009bb4       0x1e zephyr/libzephyr.a(heap.c.obj)
                0x0000000060009bb4                sys_heap_free
 .text.sys_heap_alloc
                0x0000000060009bd2       0x5a zephyr/libzephyr.a(heap.c.obj)
                0x0000000060009bd2                sys_heap_alloc
 .text.sys_heap_noalign_alloc
                0x0000000060009c2c        0x6 zephyr/libzephyr.a(heap.c.obj)
                0x0000000060009c2c                sys_heap_noalign_alloc
 .text.sys_heap_init
                0x0000000060009c32       0x7a zephyr/libzephyr.a(heap.c.obj)
                0x0000000060009c32                sys_heap_init
 .text.arch_printk_char_out
                0x0000000060009cac        0x4 zephyr/libzephyr.a(printk.c.obj)
                0x0000000060009cac                arch_printk_char_out
 .text.printk   0x0000000060009cb0       0x1a zephyr/libzephyr.a(printk.c.obj)
                0x0000000060009cb0                printk
 .text.ring_buf_area_claim
                0x0000000060009cca       0x30 zephyr/libzephyr.a(ring_buffer.c.obj)
                0x0000000060009cca                ring_buf_area_claim
 .text.ring_buf_put_claim
                0x0000000060009cfa       0x1e zephyr/libzephyr.a(ring_buffer.c.obj)
 .text.ring_buf_get_claim
                0x0000000060009d18       0x1e zephyr/libzephyr.a(ring_buffer.c.obj)
 .text.ring_buf_area_finish
                0x0000000060009d36       0x32 zephyr/libzephyr.a(ring_buffer.c.obj)
                0x0000000060009d36                ring_buf_area_finish
 .text.ring_buf_put
                0x0000000060009d68       0x40 zephyr/libzephyr.a(ring_buffer.c.obj)
                0x0000000060009d68                ring_buf_put
 .text.ring_buf_get
                0x0000000060009da8       0x44 zephyr/libzephyr.a(ring_buffer.c.obj)
                0x0000000060009da8                ring_buf_get
 .text._ConfigAbsSyms
                0x0000000060009dec        0x2 zephyr/libzephyr.a(configs.c.obj)
                0x0000000060009dec                _ConfigAbsSyms
 .text.soc_early_init_hook
                0x0000000060009dee       0x10 zephyr/libzephyr.a(soc.c.obj)
                0x0000000060009dee                soc_early_init_hook
 .text.soc_reset_hook
                0x0000000060009dfe        0x4 zephyr/libzephyr.a(soc.c.obj)
                0x0000000060009dfe                soc_reset_hook
 .text.get_ep_bm_from_addr
                0x0000000060009e02       0x1e zephyr/libzephyr.a(usb_device.c.obj)
 .text.usb_write
                0x0000000060009e20       0x30 zephyr/libzephyr.a(usb_device.c.obj)
                0x0000000060009e20                usb_write
 .text.usb_get_dev_data_by_cfg
                0x0000000060009e50       0x16 zephyr/libzephyr.a(usb_descriptor.c.obj)
                0x0000000060009e50                usb_get_dev_data_by_cfg
 .text.usb_get_dev_data_by_iface
                0x0000000060009e66       0x1a zephyr/libzephyr.a(usb_descriptor.c.obj)
                0x0000000060009e66                usb_get_dev_data_by_iface
 .text.usb_get_dev_data_by_ep
                0x0000000060009e80       0x2c zephyr/libzephyr.a(usb_descriptor.c.obj)
                0x0000000060009e80                usb_get_dev_data_by_ep
 .text.usb_transfer_is_busy
                0x0000000060009eac       0x16 zephyr/libzephyr.a(usb_transfer.c.obj)
                0x0000000060009eac                usb_transfer_is_busy
 .text.cdc_interface_config
                0x0000000060009ec2       0x14 zephyr/libzephyr.a(cdc_acm.c.obj)
 .text.cdc_acm_irq_callback_work_handler
                0x0000000060009ed6        0xa zephyr/libzephyr.a(cdc_acm.c.obj)
 .text.cdc_acm_irq_tx_disable
                0x0000000060009ee0        0xa zephyr/libzephyr.a(cdc_acm.c.obj)
 .text.cdc_acm_irq_tx_ready
                0x0000000060009eea       0x20 zephyr/libzephyr.a(cdc_acm.c.obj)
 .text.cdc_acm_irq_rx_disable
                0x0000000060009f0a        0xa zephyr/libzephyr.a(cdc_acm.c.obj)
 .text.cdc_acm_irq_rx_ready
                0x0000000060009f14        0xe zephyr/libzephyr.a(cdc_acm.c.obj)
 .text.cdc_acm_irq_is_pending
                0x0000000060009f22       0x1c zephyr/libzephyr.a(cdc_acm.c.obj)
 .text.cdc_acm_irq_callback_set
                0x0000000060009f3e        0x8 zephyr/libzephyr.a(cdc_acm.c.obj)
 .text.cdc_acm_line_ctrl_get
                0x0000000060009f46       0x32 zephyr/libzephyr.a(cdc_acm.c.obj)
 .text.cdc_acm_configure
                0x0000000060009f78       0x18 zephyr/libzephyr.a(cdc_acm.c.obj)
 .text.cdc_acm_config_get
                0x0000000060009f90       0x5c zephyr/libzephyr.a(cdc_acm.c.obj)
 .text.cdc_acm_line_ctrl_set
                0x0000000060009fec       0xbe zephyr/libzephyr.a(cdc_acm.c.obj)
 .text.cdc_acm_fifo_read
                0x000000006000a0aa       0x4a zephyr/libzephyr.a(cdc_acm.c.obj)
 .text.cdc_acm_poll_in
                0x000000006000a0f4       0x12 zephyr/libzephyr.a(cdc_acm.c.obj)
 .text.cdc_acm_irq_update
                0x000000006000a106       0x30 zephyr/libzephyr.a(cdc_acm.c.obj)
 .text.z_arm_fatal_error
                0x000000006000a136        0xc zephyr/arch/arch/arm/core/libarch__arm__core.a(fatal.c.obj)
                0x000000006000a136                z_arm_fatal_error
 .text.z_do_kernel_oops
                0x000000006000a142        0x8 zephyr/arch/arch/arm/core/libarch__arm__core.a(fatal.c.obj)
                0x000000006000a142                z_do_kernel_oops
 .text.z_arm_nmi
                0x000000006000a14a        0xe zephyr/arch/arch/arm/core/libarch__arm__core.a(nmi.c.obj)
                0x000000006000a14a                z_arm_nmi
 .text.z_irq_spurious
                0x000000006000a158        0x8 zephyr/arch/arch/arm/core/cortex_m/libarch__arm__core__cortex_m.a(irq_manage.c.obj)
                0x000000006000a158                z_irq_spurious
 .text.arch_irq_unlock_outlined
                0x000000006000a160        0xe zephyr/arch/arch/arm/core/cortex_m/libarch__arm__core__cortex_m.a(thread.c.obj)
                0x000000006000a160                arch_irq_unlock_outlined
 .text.arch_cpu_idle
                0x000000006000a16e       0x1a zephyr/arch/arch/arm/core/cortex_m/libarch__arm__core__cortex_m.a(cpu_idle.c.obj)
                0x000000006000a16e                arch_cpu_idle
 .text.arch_cache_init
                0x000000006000a188        0x2 zephyr/arch/arch/arm/core/cortex_m/libarch__arm__core__cortex_m.a(cache.c.obj)
                0x000000006000a188                arch_cache_init
 .text.size_to_mpu_rasr_size
                0x000000006000a18a       0x20 zephyr/arch/arch/arm/core/mpu/libarch__arm__core__mpu.a(arm_mpu.c.obj)
 .text.picolibc_put
                0x000000006000a1aa        0xa zephyr/lib/libc/picolibc/liblib__libc__picolibc.a(stdio.c.obj)
 .text.nxp_flexram_init
                0x000000006000a1b4        0x4 zephyr/drivers/misc/nxp_flexram/libdrivers__misc__nxp_flexram.a(nxp_flexram.c.obj)
 .text.usb_dc_ep_check_cap
                0x000000006000a1b8       0x26 zephyr/drivers/usb/device/libdrivers__usb__device.a(usb_dc_mcux.c.obj)
                0x000000006000a1b8                usb_dc_ep_check_cap
 .text.usb_dc_ep_read
                0x000000006000a1de       0x1e zephyr/drivers/usb/device/libdrivers__usb__device.a(usb_dc_mcux.c.obj)
                0x000000006000a1de                usb_dc_ep_read
 .text.mcux_ccm_on
                0x000000006000a1fc        0x4 zephyr/drivers/clock_control/libdrivers__clock_control.a(clock_control_mcux_ccm.c.obj)
 .text.mcux_ccm_set_subsys_rate
                0x000000006000a200        0x6 zephyr/drivers/clock_control/libdrivers__clock_control.a(clock_control_mcux_ccm.c.obj)
 .text.mcux_ccm_init
                0x000000006000a206        0x4 zephyr/drivers/clock_control/libdrivers__clock_control.a(clock_control_mcux_ccm.c.obj)
 .text.mcux_ccm_off
                0x000000006000a20a        0x4 zephyr/drivers/clock_control/libdrivers__clock_control.a(clock_control_mcux_ccm.c.obj)
 .text.mcux_igpio_port_get_raw
                0x000000006000a20e        0xc zephyr/drivers/gpio/libdrivers__gpio.a(gpio_mcux_igpio.c.obj)
 .text.mcux_igpio_port_set_masked_raw
                0x000000006000a21a       0x12 zephyr/drivers/gpio/libdrivers__gpio.a(gpio_mcux_igpio.c.obj)
 .text.mcux_igpio_port_set_bits_raw
                0x000000006000a22c        0xc zephyr/drivers/gpio/libdrivers__gpio.a(gpio_mcux_igpio.c.obj)
 .text.mcux_igpio_port_clear_bits_raw
                0x000000006000a238        0xc zephyr/drivers/gpio/libdrivers__gpio.a(gpio_mcux_igpio.c.obj)
 .text.mcux_igpio_port_toggle_bits
                0x000000006000a244        0xc zephyr/drivers/gpio/libdrivers__gpio.a(gpio_mcux_igpio.c.obj)
 .text.mcux_igpio_pin_interrupt_configure
                0x000000006000a250       0xd6 zephyr/drivers/gpio/libdrivers__gpio.a(gpio_mcux_igpio.c.obj)
 .text.mcux_igpio_manage_callback
                0x000000006000a326       0x52 zephyr/drivers/gpio/libdrivers__gpio.a(gpio_mcux_igpio.c.obj)
 .text.mcux_igpio_5_init
                0x000000006000a378        0x4 zephyr/drivers/gpio/libdrivers__gpio.a(gpio_mcux_igpio.c.obj)
 .text.mcux_igpio_configure
                0x000000006000a37c       0xe6 zephyr/drivers/gpio/libdrivers__gpio.a(gpio_mcux_igpio.c.obj)
 .text.mcux_igpio_0_init
                0x000000006000a462       0x26 zephyr/drivers/gpio/libdrivers__gpio.a(gpio_mcux_igpio.c.obj)
 .text.mcux_igpio_1_init
                0x000000006000a488       0x26 zephyr/drivers/gpio/libdrivers__gpio.a(gpio_mcux_igpio.c.obj)
 .text.mcux_igpio_2_init
                0x000000006000a4ae       0x26 zephyr/drivers/gpio/libdrivers__gpio.a(gpio_mcux_igpio.c.obj)
 .text.mcux_igpio_3_init
                0x000000006000a4d4       0x26 zephyr/drivers/gpio/libdrivers__gpio.a(gpio_mcux_igpio.c.obj)
 .text.mcux_igpio_4_init
                0x000000006000a4fa       0x26 zephyr/drivers/gpio/libdrivers__gpio.a(gpio_mcux_igpio.c.obj)
 .text.mcux_igpio_7_init
                0x000000006000a520        0x4 zephyr/drivers/gpio/libdrivers__gpio.a(gpio_mcux_igpio.c.obj)
 .text.mcux_igpio_port_isr
                0x000000006000a524       0x32 zephyr/drivers/gpio/libdrivers__gpio.a(gpio_mcux_igpio.c.obj)
 .text.mcux_igpio_8_init
                0x000000006000a556        0x4 zephyr/drivers/gpio/libdrivers__gpio.a(gpio_mcux_igpio.c.obj)
 .text.mcux_igpio_6_init
                0x000000006000a55a        0x4 zephyr/drivers/gpio/libdrivers__gpio.a(gpio_mcux_igpio.c.obj)
 .text.timer_work_handler
                0x000000006000a55e        0x4 zephyr/drivers/lora/libloramac-node.a(hal_common.c.obj)
 .text.k_uptime_get_32
                0x000000006000a562       0x10 zephyr/drivers/lora/libloramac-node.a(hal_common.c.obj)
 .text.RtcGetTimerValue
                0x000000006000a572        0x4 zephyr/drivers/lora/libloramac-node.a(hal_common.c.obj)
                0x000000006000a572                RtcGetTimerValue
 .text.RtcGetMinimumTimeout
                0x000000006000a576        0x4 zephyr/drivers/lora/libloramac-node.a(hal_common.c.obj)
                0x000000006000a576                RtcGetMinimumTimeout
 .text.DelayMsMcu
                0x000000006000a57a        0xa zephyr/drivers/lora/libloramac-node.a(hal_common.c.obj)
                0x000000006000a57a                DelayMsMcu
 .text.RtcMs2Tick
                0x000000006000a584        0x2 zephyr/drivers/lora/libloramac-node.a(hal_common.c.obj)
                0x000000006000a584                RtcMs2Tick
 .text.RtcTick2Ms
                0x000000006000a586        0x2 zephyr/drivers/lora/libloramac-node.a(hal_common.c.obj)
                0x000000006000a586                RtcTick2Ms
 .text.BoardCriticalSectionBegin
                0x000000006000a588       0x12 zephyr/drivers/lora/libloramac-node.a(hal_common.c.obj)
                0x000000006000a588                BoardCriticalSectionBegin
 .text.BoardCriticalSectionEnd
                0x000000006000a59a        0xc zephyr/drivers/lora/libloramac-node.a(hal_common.c.obj)
                0x000000006000a59a                BoardCriticalSectionEnd
 .text.sx12xx_ev_tx_timed_out
                0x000000006000a5a6        0x4 zephyr/drivers/lora/libloramac-node.a(sx12xx_common.c.obj)
 .text.__sx12xx_configure_pin
                0x000000006000a5aa       0x54 zephyr/drivers/lora/libloramac-node.a(sx12xx_common.c.obj)
                0x000000006000a5aa                __sx12xx_configure_pin
 .text.SX1276CheckRfFrequency
                0x000000006000a5fe        0x4 zephyr/drivers/lora/libloramac-node.a(sx127x.c.obj)
                0x000000006000a5fe                SX1276CheckRfFrequency
 .text.SX1276GetBoardTcxoWakeupTime
                0x000000006000a602        0x4 zephyr/drivers/lora/libloramac-node.a(sx127x.c.obj)
                0x000000006000a602                SX1276GetBoardTcxoWakeupTime
 .text.SX1276SetAntSwLowPower
                0x000000006000a606        0x2 zephyr/drivers/lora/libloramac-node.a(sx127x.c.obj)
                0x000000006000a606                SX1276SetAntSwLowPower
 .text.SX1276SetBoardTcxo
                0x000000006000a608        0x2 zephyr/drivers/lora/libloramac-node.a(sx127x.c.obj)
                0x000000006000a608                SX1276SetBoardTcxo
 .text.SX1276SetAntSw
                0x000000006000a60a        0x2 zephyr/drivers/lora/libloramac-node.a(sx127x.c.obj)
                0x000000006000a60a                SX1276SetAntSw
 .text.SX1276Reset
                0x000000006000a60c       0x22 zephyr/drivers/lora/libloramac-node.a(sx127x.c.obj)
                0x000000006000a60c                SX1276Reset
 .text.SX1276ReadBuffer
                0x000000006000a62e        0x6 zephyr/drivers/lora/libloramac-node.a(sx127x.c.obj)
                0x000000006000a62e                SX1276ReadBuffer
 .text.SX1276WriteBuffer
                0x000000006000a634        0x6 zephyr/drivers/lora/libloramac-node.a(sx127x.c.obj)
                0x000000006000a634                SX1276WriteBuffer
 .text.SX1276SetRfTxPower
                0x000000006000a63a       0x7c zephyr/drivers/lora/libloramac-node.a(sx127x.c.obj)
                0x000000006000a63a                SX1276SetRfTxPower
 .text.SX1276GetDio1PinState
                0x000000006000a6b6        0x4 zephyr/drivers/lora/libloramac-node.a(sx127x.c.obj)
                0x000000006000a6b6                SX1276GetDio1PinState
 .text.memcpy1  0x000000006000a6ba       0x14 zephyr/drivers/lora/libloramac-node.a(utilities.c.obj)
                0x000000006000a6ba                memcpy1
 .text.TimerSetTimeout
                0x000000006000a6ce       0x2c zephyr/drivers/lora/libloramac-node.a(timer.c.obj)
 .text.TimerInit
                0x000000006000a6fa       0x10 zephyr/drivers/lora/libloramac-node.a(timer.c.obj)
                0x000000006000a6fa                TimerInit
 .text.TimerSetValue
                0x000000006000a70a       0x22 zephyr/drivers/lora/libloramac-node.a(timer.c.obj)
                0x000000006000a70a                TimerSetValue
 .text.TimerGetCurrentTime
                0x000000006000a72c        0xe zephyr/drivers/lora/libloramac-node.a(timer.c.obj)
                0x000000006000a72c                TimerGetCurrentTime
 .text.TimerGetElapsedTime
                0x000000006000a73a       0x1e zephyr/drivers/lora/libloramac-node.a(timer.c.obj)
                0x000000006000a73a                TimerGetElapsedTime
 .text.DelayMs  0x000000006000a758        0x4 zephyr/drivers/lora/libloramac-node.a(delay.c.obj)
                0x000000006000a758                DelayMs
 .text.SX1276Write
                0x000000006000a75c       0x16 zephyr/drivers/lora/libloramac-node.a(sx1276.c.obj)
                0x000000006000a75c                SX1276Write
 .text.SX1276Read
                0x000000006000a772       0x16 zephyr/drivers/lora/libloramac-node.a(sx1276.c.obj)
                0x000000006000a772                SX1276Read
 .text.SX1276SetOpMode
                0x000000006000a788       0x34 zephyr/drivers/lora/libloramac-node.a(sx1276.c.obj)
 .text.SX1276IsChannelFree
                0x000000006000a7bc       0x66 zephyr/drivers/lora/libloramac-node.a(sx1276.c.obj)
                0x000000006000a7bc                SX1276IsChannelFree
 .text.SX1276Random
                0x000000006000a822       0x3e zephyr/drivers/lora/libloramac-node.a(sx1276.c.obj)
                0x000000006000a822                SX1276Random
 .text.SX1276GetWakeupTime
                0x000000006000a860        0xa zephyr/drivers/lora/libloramac-node.a(sx1276.c.obj)
                0x000000006000a860                SX1276GetWakeupTime
 .text.pinctrl_lookup_state
                0x000000006000a86a       0x26 zephyr/drivers/pinctrl/libdrivers__pinctrl.a(common.c.obj)
                0x000000006000a86a                pinctrl_lookup_state
 .text.pinctrl_configure_pins
                0x000000006000a890       0x8a zephyr/drivers/pinctrl/libdrivers__pinctrl.a(pinctrl_imx.c.obj)
                0x000000006000a890                pinctrl_configure_pins
 .text.lpspi_wait_tx_fifo_empty
                0x000000006000a91a       0x1c zephyr/drivers/spi/libdrivers__spi.a(spi_nxp_lpspi_common.c.obj)
                0x000000006000a91a                lpspi_wait_tx_fifo_empty
 .text.spi_lpspi_release
                0x000000006000a936       0x3e zephyr/drivers/spi/libdrivers__spi.a(spi_nxp_lpspi_common.c.obj)
                0x000000006000a936                spi_lpspi_release
 .text.spi_context_get_next_buf
                0x000000006000a974       0x2c zephyr/drivers/spi/libdrivers__spi.a(spi_nxp_lpspi.c.obj)
 .text.lpspi_config_func_0
                0x000000006000a9a0       0x16 zephyr/drivers/spi/libdrivers__spi.a(spi_nxp_lpspi.c.obj)
 .text.lpspi_config_func_1
                0x000000006000a9b6       0x16 zephyr/drivers/spi/libdrivers__spi.a(spi_nxp_lpspi.c.obj)
 .text.lpspi_next_tx_fill
                0x000000006000a9cc      0x128 zephyr/drivers/spi/libdrivers__spi.a(spi_nxp_lpspi.c.obj)
 .text.gpio_pin_set_dt.isra.0
                0x000000006000aaf4       0x28 zephyr/drivers/spi/libdrivers__spi.a(spi_nxp_lpspi.c.obj)
 .text.lpspi_transceive_sync
                0x000000006000ab1c      0x25a zephyr/drivers/spi/libdrivers__spi.a(spi_nxp_lpspi.c.obj)
 .text.lpspi_init
                0x000000006000ad76       0x4a zephyr/drivers/spi/libdrivers__spi.a(spi_nxp_lpspi.c.obj)
 .text.USB_DeviceEhciSetDefaultState
                0x000000006000adc0       0xac modules/hal_nxp/libmodules__hal_nxp.a(usb_device_ehci.c.obj)
 .text.USB_DeviceEhciNotification.isra.0
                0x000000006000ae6c        0x4 modules/hal_nxp/libmodules__hal_nxp.a(usb_device_ehci.c.obj)
 .text.USB_DeviceEhciSend
                0x000000006000ae70        0xc modules/hal_nxp/libmodules__hal_nxp.a(usb_device_ehci.c.obj)
                0x000000006000ae70                USB_DeviceEhciSend
 .text.USB_DeviceEhciRecv
                0x000000006000ae7c        0x8 modules/hal_nxp/libmodules__hal_nxp.a(usb_device_ehci.c.obj)
                0x000000006000ae7c                USB_DeviceEhciRecv
 .text.USB_DeviceEhciEndpointDeinit
                0x000000006000ae84       0x7c modules/hal_nxp/libmodules__hal_nxp.a(usb_device_ehci.c.obj)
 .text.USB_DeviceEhciControl
                0x000000006000af00      0x3e4 modules/hal_nxp/libmodules__hal_nxp.a(usb_device_ehci.c.obj)
                0x000000006000af00                USB_DeviceEhciControl
 .text.USB_DeviceEhciIsrFunction
                0x000000006000b2e4      0x3a2 modules/hal_nxp/libmodules__hal_nxp.a(usb_device_ehci.c.obj)
                0x000000006000b2e4                USB_DeviceEhciIsrFunction
 .text.USB_EhciPhyInit
                0x000000006000b686       0x86 modules/hal_nxp/libmodules__hal_nxp.a(usb_phy.c.obj)
                0x000000006000b686                USB_EhciPhyInit
 .text.OSA_EnterCritical
                0x000000006000b70c       0x12 modules/hal_nxp/libmodules__hal_nxp.a(fsl_os_abstraction_zephyr.c.obj)
                0x000000006000b70c                OSA_EnterCritical
 .text.OSA_ExitCritical
                0x000000006000b71e        0xa modules/hal_nxp/libmodules__hal_nxp.a(fsl_os_abstraction_zephyr.c.obj)
                0x000000006000b71e                OSA_ExitCritical
 .text.GPIO_PinWrite
                0x000000006000b728       0x14 modules/hal_nxp/libmodules__hal_nxp.a(fsl_gpio.c.obj)
                0x000000006000b728                GPIO_PinWrite
 .text.SystemInitHook
                0x000000006000b73c        0x2 modules/hal_nxp/libmodules__hal_nxp.a(system_MIMXRT1062.c.obj)
                0x000000006000b73c                SystemInitHook
 .text.z_impl_k_busy_wait
                0x000000006000b73e       0x1e zephyr/kernel/libkernel.a(busy_wait.c.obj)
                0x000000006000b73e                z_impl_k_busy_wait
 .text.z_device_state_init
                0x000000006000b75c        0x2 zephyr/kernel/libkernel.a(device.c.obj)
                0x000000006000b75c                z_device_state_init
 .text.z_impl_device_is_ready
                0x000000006000b75e       0x16 zephyr/kernel/libkernel.a(device.c.obj)
                0x000000006000b75e                z_impl_device_is_ready
 .text.arch_system_halt
                0x000000006000b774       0x10 zephyr/kernel/libkernel.a(fatal.c.obj)
                0x000000006000b774                arch_system_halt
 .text.k_sys_fatal_error_handler
                0x000000006000b784        0x6 zephyr/kernel/libkernel.a(fatal.c.obj)
                0x000000006000b784                k_sys_fatal_error_handler
 .text.do_device_init
                0x000000006000b78a       0x2e zephyr/kernel/libkernel.a(init.c.obj)
 .text.z_early_memset
                0x000000006000b7b8        0x4 zephyr/kernel/libkernel.a(init.c.obj)
                0x000000006000b7b8                z_early_memset
 .text.z_early_memcpy
                0x000000006000b7bc        0x4 zephyr/kernel/libkernel.a(init.c.obj)
                0x000000006000b7bc                z_early_memcpy
 .text.z_heap_alloc_helper
                0x000000006000b7c0       0x84 zephyr/kernel/libkernel.a(kheap.c.obj)
 .text.k_heap_init
                0x000000006000b844       0x10 zephyr/kernel/libkernel.a(kheap.c.obj)
                0x000000006000b844                k_heap_init
 .text.k_heap_free
                0x000000006000b854       0x38 zephyr/kernel/libkernel.a(kheap.c.obj)
                0x000000006000b854                k_heap_free
 .text.idle     0x000000006000b88c       0x16 zephyr/kernel/libkernel.a(idle.c.obj)
                0x000000006000b88c                idle
 .text.unpend_thread_no_timeout
                0x000000006000b8a2       0x1a zephyr/kernel/libkernel.a(msg_q.c.obj)
 .text.adjust_owner_prio.isra.0
                0x000000006000b8bc       0x10 zephyr/kernel/libkernel.a(mutex.c.obj)
 .text.z_impl_k_sem_init
                0x000000006000b8cc       0x20 zephyr/kernel/libkernel.a(sem.c.obj)
                0x000000006000b8cc                z_impl_k_sem_init
 .text.flag_test_and_clear
                0x000000006000b8ec       0x16 zephyr/kernel/libkernel.a(work.c.obj)
 .text.notify_queue_locked.isra.0
                0x000000006000b902        0xe zephyr/kernel/libkernel.a(work.c.obj)
 .text.work_timeout
                0x000000006000b910       0x3c zephyr/kernel/libkernel.a(work.c.obj)
 .text.k_work_init
                0x000000006000b94c       0x12 zephyr/kernel/libkernel.a(work.c.obj)
                0x000000006000b94c                k_work_init
 .text.z_work_submit_to_queue
                0x000000006000b95e       0x26 zephyr/kernel/libkernel.a(work.c.obj)
                0x000000006000b95e                z_work_submit_to_queue
 .text.k_work_submit_to_queue
                0x000000006000b984       0x20 zephyr/kernel/libkernel.a(work.c.obj)
                0x000000006000b984                k_work_submit_to_queue
 .text.k_work_init_delayable
                0x000000006000b9a4       0x18 zephyr/kernel/libkernel.a(work.c.obj)
                0x000000006000b9a4                k_work_init_delayable
 .text.k_is_in_isr
                0x000000006000b9bc        0xc zephyr/kernel/libkernel.a(thread.c.obj)
                0x000000006000b9bc                k_is_in_isr
 .text.z_impl_k_thread_name_set
                0x000000006000b9c8        0x6 zephyr/kernel/libkernel.a(thread.c.obj)
                0x000000006000b9c8                z_impl_k_thread_name_set
 .text.sys_dlist_remove
                0x000000006000b9ce       0x10 zephyr/kernel/libkernel.a(sched.c.obj)
 .text.unpend_thread_no_timeout
                0x000000006000b9de       0x14 zephyr/kernel/libkernel.a(sched.c.obj)
 .text.add_to_waitq_locked
                0x000000006000b9f2       0x50 zephyr/kernel/libkernel.a(sched.c.obj)
 .text.z_ready_thread
                0x000000006000ba42       0x1e zephyr/kernel/libkernel.a(sched.c.obj)
                0x000000006000ba42                z_ready_thread
 .text.z_unpend_thread_no_timeout
                0x000000006000ba60       0x22 zephyr/kernel/libkernel.a(sched.c.obj)
                0x000000006000ba60                z_unpend_thread_no_timeout
 .text.z_sched_wake_thread
                0x000000006000ba82       0x3a zephyr/kernel/libkernel.a(sched.c.obj)
                0x000000006000ba82                z_sched_wake_thread
 .text.z_thread_timeout
                0x000000006000babc        0x8 zephyr/kernel/libkernel.a(sched.c.obj)
                0x000000006000babc                z_thread_timeout
 .text.z_unpend1_no_timeout
                0x000000006000bac4       0x2c zephyr/kernel/libkernel.a(sched.c.obj)
                0x000000006000bac4                z_unpend1_no_timeout
 .text.z_unpend_thread
                0x000000006000baf0       0x10 zephyr/kernel/libkernel.a(sched.c.obj)
                0x000000006000baf0                z_unpend_thread
 .text.z_unpend_all
                0x000000006000bb00       0x26 zephyr/kernel/libkernel.a(sched.c.obj)
                0x000000006000bb00                z_unpend_all
 .text.z_impl_k_sleep
                0x000000006000bb26       0x50 zephyr/kernel/libkernel.a(sched.c.obj)
                0x000000006000bb26                z_impl_k_sleep
 .text.z_impl_k_usleep
                0x000000006000bb76       0x20 zephyr/kernel/libkernel.a(sched.c.obj)
                0x000000006000bb76                z_impl_k_usleep
 .text.z_sched_wake
                0x000000006000bb96       0x44 zephyr/kernel/libkernel.a(sched.c.obj)
                0x000000006000bb96                z_sched_wake
 .text.next_timeout
                0x000000006000bbda       0x2e zephyr/kernel/libkernel.a(timeout.c.obj)
 .text.z_abort_timeout
                0x000000006000bc08       0x50 zephyr/kernel/libkernel.a(timeout.c.obj)
                0x000000006000bc08                z_abort_timeout
 .text.sys_clock_tick_get_32
                0x000000006000bc58        0x8 zephyr/kernel/libkernel.a(timeout.c.obj)
                0x000000006000bc58                sys_clock_tick_get_32
 .text.z_impl_k_uptime_ticks
                0x000000006000bc60        0x4 zephyr/kernel/libkernel.a(timeout.c.obj)
                0x000000006000bc60                z_impl_k_uptime_ticks
 .text.sys_timepoint_calc
                0x000000006000bc64       0x4a zephyr/kernel/libkernel.a(timeout.c.obj)
                0x000000006000bc64                sys_timepoint_calc
 .text.sys_timepoint_timeout
                0x000000006000bcae       0x42 zephyr/kernel/libkernel.a(timeout.c.obj)
                0x000000006000bcae                sys_timepoint_timeout
 .text.z_impl_k_timer_stop
                0x000000006000bcf0       0x38 zephyr/kernel/libkernel.a(timer.c.obj)
                0x000000006000bcf0                z_impl_k_timer_stop
 .text.add_event
                0x000000006000bd28       0x54 zephyr/kernel/libkernel.a(poll.c.obj)
 .text.register_events
                0x000000006000bd7c      0x106 zephyr/kernel/libkernel.a(poll.c.obj)
 .text.signal_poll_event
                0x000000006000be82       0x86 zephyr/kernel/libkernel.a(poll.c.obj)
 .text.z_handle_obj_poll_events
                0x000000006000bf08       0x3e zephyr/kernel/libkernel.a(poll.c.obj)
                0x000000006000bf08                z_handle_obj_poll_events
 .text.memcpy   0x000000006000bf46       0x1c /home/lpl/zephyr-sdk-0.17.2/arm-zephyr-eabi/bin/../lib/gcc/../../picolibc/arm-zephyr-eabi/lib/thumb/v7e-m/nofp/libc.a(memcpy.c.o)
                0x000000006000bf46                memcpy
                0x000000006000bf46                __aeabi_memcpy
                0x000000006000bf46                __aeabi_memcpy4
                0x000000006000bf46                __aeabi_memcpy8
 .text.memset   0x000000006000bf62       0x10 /home/lpl/zephyr-sdk-0.17.2/arm-zephyr-eabi/bin/../lib/gcc/../../picolibc/arm-zephyr-eabi/lib/thumb/v7e-m/nofp/libc.a(memset.c.o)
                0x000000006000bf62                memset
 .text.strnlen  0x000000006000bf72       0x18 /home/lpl/zephyr-sdk-0.17.2/arm-zephyr-eabi/bin/../lib/gcc/../../picolibc/arm-zephyr-eabi/lib/thumb/v7e-m/nofp/libc.a(libc_string_strnlen.c.o)
                0x000000006000bf72                strnlen
 .text.__ultoa_invert
                0x000000006000bf8a       0xae /home/lpl/zephyr-sdk-0.17.2/arm-zephyr-eabi/bin/../lib/gcc/../../picolibc/arm-zephyr-eabi/lib/thumb/v7e-m/nofp/libc.a(libc_tinystdio_vflprintf.c.o)
 *(SORT_BY_ALIGNMENT(.TEXT.*))
 .TEXT.__aeabi_read_tp
                0x000000006000c038        0xc zephyr/arch/arch/arm/core/cortex_m/libarch__arm__core__cortex_m.a(__aeabi_read_tp.S.obj)
                0x000000006000c038                __aeabi_read_tp
 *(SORT_BY_ALIGNMENT(.gnu.linkonce.t.*))
 *(SORT_BY_ALIGNMENT(.glue_7t))
 .glue_7t       0x000000006000c044        0x0 linker stubs
 *(SORT_BY_ALIGNMENT(.glue_7))
 .glue_7        0x000000006000c044        0x0 linker stubs
 *(SORT_BY_ALIGNMENT(.vfp11_veneer))
 .vfp11_veneer  0x000000006000c044        0x0 linker stubs
 *(SORT_BY_ALIGNMENT(.v4_bx))
 .v4_bx         0x000000006000c044        0x0 linker stubs
                0x000000006000c044                . = ALIGN (0x4)
                0x000000006000c044                __text_region_end = .

.ARM.exidx      0x000000006000c044        0x8
                0x000000006000c044                __exidx_start = .
 *(SORT_BY_ALIGNMENT(.ARM.exidx*) SORT_BY_ALIGNMENT(gnu.linkonce.armexidx.*))
 .ARM.exidx     0x000000006000c044        0x8 /home/lpl/zephyr-sdk-0.17.2/arm-zephyr-eabi/bin/../lib/gcc/../../picolibc/arm-zephyr-eabi/lib/thumb/v7e-m/nofp/libc.a(strlen.S.o)
 .ARM.exidx     0x000000006000c04c        0x0 /home/lpl/zephyr-sdk-0.17.2/arm-zephyr-eabi/bin/../lib/gcc/arm-zephyr-eabi/12.2.0/thumb/v7e-m/nofp/libgcc.a(_udivmoddi4.o)
                                          0x8 (size before relaxing)
                0x000000006000c04c                __exidx_end = .
                0x000000006000c04c                __rodata_region_start = .

initlevel       0x000000006000c04c       0xb8
                0x000000006000c04c                __init_start = .
                0x000000006000c04c                __init_EARLY_start = .
 *(SORT_BY_NAME(SORT_BY_ALIGNMENT(.z_init_EARLY_P_?_*)))
 .z_init_EARLY_P_0_SUB_0_
                0x000000006000c04c        0x8 zephyr/drivers/misc/nxp_flexram/libdrivers__misc__nxp_flexram.a(nxp_flexram.c.obj)
 *(SORT_BY_NAME(SORT_BY_ALIGNMENT(.z_init_EARLY_P_??_*)))
 *(SORT_BY_NAME(SORT_BY_ALIGNMENT(.z_init_EARLY_P_???_*)))
                0x000000006000c054                __init_PRE_KERNEL_1_start = .
 *(SORT_BY_NAME(SORT_BY_ALIGNMENT(.z_init_PRE_KERNEL_1_P_?_*)))
 .z_init_PRE_KERNEL_1_P_0_SUB_0_
                0x000000006000c054        0x8 zephyr/drivers/pinctrl/libdrivers__pinctrl.a(pinctrl_imx.c.obj)
 *(SORT_BY_NAME(SORT_BY_ALIGNMENT(.z_init_PRE_KERNEL_1_P_??_*)))
 .z_init_PRE_KERNEL_1_P_30_SUB_00053_
                0x000000006000c05c        0x8 zephyr/drivers/clock_control/libdrivers__clock_control.a(clock_control_mcux_ccm.c.obj)
 .z_init_PRE_KERNEL_1_P_30_SUB_0_
                0x000000006000c064        0x8 zephyr/kernel/libkernel.a(kheap.c.obj)
 .z_init_PRE_KERNEL_1_P_50_SUB_00538_
                0x000000006000c06c        0x8 zephyr/libzephyr.a(cdc_acm.c.obj)
 .z_init_PRE_KERNEL_1_P_60_SUB_0_
                0x000000006000c074        0x8 zephyr/drivers/console/libdrivers__console.a(uart_console.c.obj)
 *(SORT_BY_NAME(SORT_BY_ALIGNMENT(.z_init_PRE_KERNEL_1_P_???_*)))
                0x000000006000c07c                __init_PRE_KERNEL_2_start = .
 *(SORT_BY_NAME(SORT_BY_ALIGNMENT(.z_init_PRE_KERNEL_2_P_?_*)))
 .z_init_PRE_KERNEL_2_P_0_SUB_0_
                0x000000006000c07c        0x8 zephyr/drivers/timer/libdrivers__timer.a(cortex_m_systick.c.obj)
 *(SORT_BY_NAME(SORT_BY_ALIGNMENT(.z_init_PRE_KERNEL_2_P_??_*)))
 *(SORT_BY_NAME(SORT_BY_ALIGNMENT(.z_init_PRE_KERNEL_2_P_???_*)))
                0x000000006000c084                __init_POST_KERNEL_start = .
 *(SORT_BY_NAME(SORT_BY_ALIGNMENT(.z_init_POST_KERNEL_P_?_*)))
 *(SORT_BY_NAME(SORT_BY_ALIGNMENT(.z_init_POST_KERNEL_P_??_*)))
 .z_init_POST_KERNEL_P_35_SUB_0_
                0x000000006000c084        0x8 zephyr/lib/libc/common/liblib__libc__common.a(malloc.c.obj)
 .z_init_POST_KERNEL_P_40_SUB_00046_
                0x000000006000c08c        0x8 zephyr/drivers/gpio/libdrivers__gpio.a(gpio_mcux_igpio.c.obj)
 .z_init_POST_KERNEL_P_40_SUB_00132_
                0x000000006000c094        0x8 zephyr/drivers/gpio/libdrivers__gpio.a(gpio_mcux_igpio.c.obj)
 .z_init_POST_KERNEL_P_40_SUB_00160_
                0x000000006000c09c        0x8 zephyr/drivers/gpio/libdrivers__gpio.a(gpio_mcux_igpio.c.obj)
 .z_init_POST_KERNEL_P_40_SUB_00189_
                0x000000006000c0a4        0x8 zephyr/drivers/gpio/libdrivers__gpio.a(gpio_mcux_igpio.c.obj)
 .z_init_POST_KERNEL_P_40_SUB_00222_
                0x000000006000c0ac        0x8 zephyr/drivers/gpio/libdrivers__gpio.a(gpio_mcux_igpio.c.obj)
 .z_init_POST_KERNEL_P_40_SUB_00255_
                0x000000006000c0b4        0x8 zephyr/drivers/gpio/libdrivers__gpio.a(gpio_mcux_igpio.c.obj)
 .z_init_POST_KERNEL_P_40_SUB_00284_
                0x000000006000c0bc        0x8 zephyr/drivers/gpio/libdrivers__gpio.a(gpio_mcux_igpio.c.obj)
 .z_init_POST_KERNEL_P_40_SUB_00317_
                0x000000006000c0c4        0x8 zephyr/drivers/gpio/libdrivers__gpio.a(gpio_mcux_igpio.c.obj)
 .z_init_POST_KERNEL_P_40_SUB_00534_
                0x000000006000c0cc        0x8 zephyr/drivers/gpio/libdrivers__gpio.a(gpio_mcux_igpio.c.obj)
 .z_init_POST_KERNEL_P_40_SUB_0_
                0x000000006000c0d4        0x8 zephyr/libzephyr.a(usb_work_q.c.obj)
 .z_init_POST_KERNEL_P_40_SUB_0_
                0x000000006000c0dc        0x8 zephyr/kernel/libkernel.a(system_work_q.c.obj)
 .z_init_POST_KERNEL_P_50_SUB_00345_
                0x000000006000c0e4        0x8 zephyr/drivers/spi/libdrivers__spi.a(spi_nxp_lpspi.c.obj)
 .z_init_POST_KERNEL_P_50_SUB_00535_
                0x000000006000c0ec        0x8 zephyr/drivers/spi/libdrivers__spi.a(spi_nxp_lpspi.c.obj)
 .z_init_POST_KERNEL_P_50_SUB_0_
                0x000000006000c0f4        0x8 zephyr/drivers/usb/device/libdrivers__usb__device.a(usb_dc_mcux.c.obj)
 .z_init_POST_KERNEL_P_90_SUB_00536_
                0x000000006000c0fc        0x8 zephyr/drivers/lora/libloramac-node.a(sx127x.c.obj)
 *(SORT_BY_NAME(SORT_BY_ALIGNMENT(.z_init_POST_KERNEL_P_???_*)))
                0x000000006000c104                __init_APPLICATION_start = .
 *(SORT_BY_NAME(SORT_BY_ALIGNMENT(.z_init_APPLICATION_P_?_*)))
 *(SORT_BY_NAME(SORT_BY_ALIGNMENT(.z_init_APPLICATION_P_??_*)))
 *(SORT_BY_NAME(SORT_BY_ALIGNMENT(.z_init_APPLICATION_P_???_*)))
                0x000000006000c104                __init_SMP_start = .
 *(SORT_BY_NAME(SORT_BY_ALIGNMENT(.z_init_SMP_P_?_*)))
 *(SORT_BY_NAME(SORT_BY_ALIGNMENT(.z_init_SMP_P_??_*)))
 *(SORT_BY_NAME(SORT_BY_ALIGNMENT(.z_init_SMP_P_???_*)))
                0x000000006000c104                __init_end = .

device_area     0x000000006000c104      0x1c0
                0x000000006000c104                _device_list_start = .
 *(SORT_BY_NAME(SORT_BY_ALIGNMENT(._device.static.*_?_*)))
 *(SORT_BY_NAME(SORT_BY_ALIGNMENT(._device.static.*_??_*)))
 ._device.static.1_30_
                0x000000006000c104       0x20 zephyr/drivers/clock_control/libdrivers__clock_control.a(clock_control_mcux_ccm.c.obj)
                0x000000006000c104                __device_dts_ord_53
 ._device.static.1_50_
                0x000000006000c124       0x20 zephyr/libzephyr.a(cdc_acm.c.obj)
                0x000000006000c124                __device_dts_ord_538
 ._device.static.3_40_
                0x000000006000c144      0x120 zephyr/drivers/gpio/libdrivers__gpio.a(gpio_mcux_igpio.c.obj)
                0x000000006000c144                __device_dts_ord_317
                0x000000006000c164                __device_dts_ord_284
                0x000000006000c184                __device_dts_ord_255
                0x000000006000c1a4                __device_dts_ord_222
                0x000000006000c1c4                __device_dts_ord_132
                0x000000006000c1e4                __device_dts_ord_534
                0x000000006000c204                __device_dts_ord_189
                0x000000006000c224                __device_dts_ord_46
                0x000000006000c244                __device_dts_ord_160
 ._device.static.3_50_
                0x000000006000c264       0x40 zephyr/drivers/spi/libdrivers__spi.a(spi_nxp_lpspi.c.obj)
                0x000000006000c264                __device_dts_ord_535
                0x000000006000c284                __device_dts_ord_345
 ._device.static.3_90_
                0x000000006000c2a4       0x20 zephyr/drivers/lora/libloramac-node.a(sx127x.c.obj)
                0x000000006000c2a4                __device_dts_ord_536
 *(SORT_BY_NAME(SORT_BY_ALIGNMENT(._device.static.*_???_*)))
 *(SORT_BY_NAME(SORT_BY_ALIGNMENT(._device.static.*_????_*)))
 *(SORT_BY_NAME(SORT_BY_ALIGNMENT(._device.static.*_?????_*)))
                0x000000006000c2c4                _device_list_end = .

sw_isr_table    0x000000006000c2c4      0x500
                0x000000006000c2c4                . = ALIGN (0x4)
 *(SORT_BY_ALIGNMENT(.gnu.linkonce.sw_isr_table*))
 .gnu.linkonce.sw_isr_table
                0x000000006000c2c4      0x500 zephyr/CMakeFiles/zephyr_final.dir/isr_tables.c.obj
                0x000000006000c2c4                _sw_isr_table

initlevel_error
                0x000000006000c04c        0x0
 *(SORT_BY_NAME(SORT_BY_ALIGNMENT(.z_init_*)))
                0x0000000000000001                ASSERT ((SIZEOF (initlevel_error) == 0x0), Undefined initialization levels used.)

app_shmem_regions
                0x000000006000c7c4        0x0
                0x000000006000c7c4                __app_shmem_regions_start = .
 *(SORT_BY_NAME(SORT_BY_ALIGNMENT(.app_regions.*)))
                0x000000006000c7c4                __app_shmem_regions_end = .

k_p4wq_initparam_area
                0x000000006000c7c4        0x0
                0x000000006000c7c4                _k_p4wq_initparam_list_start = .
 *(SORT_BY_NAME(SORT_BY_ALIGNMENT(._k_p4wq_initparam.static.*)))
                0x000000006000c7c4                _k_p4wq_initparam_list_end = .

_static_thread_data_area
                0x000000006000c7c4        0x0
                0x000000006000c7c4                __static_thread_data_list_start = .
 *(SORT_BY_NAME(SORT_BY_ALIGNMENT(.__static_thread_data.static.*)))
                0x000000006000c7c4                __static_thread_data_list_end = .

device_deps     0x000000006000c7c4        0x0
                0x000000006000c7c4                __device_deps_start = .
 *(SORT_BY_NAME(SORT_BY_ALIGNMENT(.__device_deps_pass2*)))
                0x000000006000c7c4                __device_deps_end = .

gpio_driver_api_area
                0x000000006000c7c4       0x24
                0x000000006000c7c4                _gpio_driver_api_list_start = .
 *(SORT_BY_NAME(SORT_BY_ALIGNMENT(._gpio_driver_api.static.*)))
 ._gpio_driver_api.static.mcux_igpio_driver_api_
                0x000000006000c7c4       0x24 zephyr/drivers/gpio/libdrivers__gpio.a(gpio_mcux_igpio.c.obj)
                0x000000006000c7e8                _gpio_driver_api_list_end = .

spi_driver_api_area
                0x000000006000c7e8        0x8
                0x000000006000c7e8                _spi_driver_api_list_start = .
 *(SORT_BY_NAME(SORT_BY_ALIGNMENT(._spi_driver_api.static.*)))
 ._spi_driver_api.static.lpspi_driver_api_
                0x000000006000c7e8        0x8 zephyr/drivers/spi/libdrivers__spi.a(spi_nxp_lpspi.c.obj)
                0x000000006000c7f0                _spi_driver_api_list_end = .

blink_driver_api_area
                0x000000006000c7f0        0x0
                0x000000006000c7f0                _blink_driver_api_list_start = .
 *(SORT_BY_NAME(SORT_BY_ALIGNMENT(._blink_driver_api.static.*)))
                0x000000006000c7f0                _blink_driver_api_list_end = .

shared_irq_driver_api_area
                0x000000006000c7f0        0x0
                0x000000006000c7f0                _shared_irq_driver_api_list_start = .
 *(SORT_BY_NAME(SORT_BY_ALIGNMENT(._shared_irq_driver_api.static.*)))
                0x000000006000c7f0                _shared_irq_driver_api_list_end = .

crypto_driver_api_area
                0x000000006000c7f0        0x0
                0x000000006000c7f0                _crypto_driver_api_list_start = .
 *(SORT_BY_NAME(SORT_BY_ALIGNMENT(._crypto_driver_api.static.*)))
                0x000000006000c7f0                _crypto_driver_api_list_end = .

adc_driver_api_area
                0x000000006000c7f0        0x0
                0x000000006000c7f0                _adc_driver_api_list_start = .
 *(SORT_BY_NAME(SORT_BY_ALIGNMENT(._adc_driver_api.static.*)))
                0x000000006000c7f0                _adc_driver_api_list_end = .

auxdisplay_driver_api_area
                0x000000006000c7f0        0x0
                0x000000006000c7f0                _auxdisplay_driver_api_list_start = .
 *(SORT_BY_NAME(SORT_BY_ALIGNMENT(._auxdisplay_driver_api.static.*)))
                0x000000006000c7f0                _auxdisplay_driver_api_list_end = .

bbram_driver_api_area
                0x000000006000c7f0        0x0
                0x000000006000c7f0                _bbram_driver_api_list_start = .
 *(SORT_BY_NAME(SORT_BY_ALIGNMENT(._bbram_driver_api.static.*)))
                0x000000006000c7f0                _bbram_driver_api_list_end = .

bt_hci_driver_api_area
                0x000000006000c7f0        0x0
                0x000000006000c7f0                _bt_hci_driver_api_list_start = .
 *(SORT_BY_NAME(SORT_BY_ALIGNMENT(._bt_hci_driver_api.static.*)))
                0x000000006000c7f0                _bt_hci_driver_api_list_end = .

can_driver_api_area
                0x000000006000c7f0        0x0
                0x000000006000c7f0                _can_driver_api_list_start = .
 *(SORT_BY_NAME(SORT_BY_ALIGNMENT(._can_driver_api.static.*)))
                0x000000006000c7f0                _can_driver_api_list_end = .

cellular_driver_api_area
                0x000000006000c7f0        0x0
                0x000000006000c7f0                _cellular_driver_api_list_start = .
 *(SORT_BY_NAME(SORT_BY_ALIGNMENT(._cellular_driver_api.static.*)))
                0x000000006000c7f0                _cellular_driver_api_list_end = .

charger_driver_api_area
                0x000000006000c7f0        0x0
                0x000000006000c7f0                _charger_driver_api_list_start = .
 *(SORT_BY_NAME(SORT_BY_ALIGNMENT(._charger_driver_api.static.*)))
                0x000000006000c7f0                _charger_driver_api_list_end = .

clock_control_driver_api_area
                0x000000006000c7f0       0x1c
                0x000000006000c7f0                _clock_control_driver_api_list_start = .
 *(SORT_BY_NAME(SORT_BY_ALIGNMENT(._clock_control_driver_api.static.*)))
 ._clock_control_driver_api.static.mcux_ccm_driver_api_
                0x000000006000c7f0       0x1c zephyr/drivers/clock_control/libdrivers__clock_control.a(clock_control_mcux_ccm.c.obj)
                0x000000006000c80c                _clock_control_driver_api_list_end = .

comparator_driver_api_area
                0x000000006000c80c        0x0
                0x000000006000c80c                _comparator_driver_api_list_start = .
 *(SORT_BY_NAME(SORT_BY_ALIGNMENT(._comparator_driver_api.static.*)))
                0x000000006000c80c                _comparator_driver_api_list_end = .

coredump_driver_api_area
                0x000000006000c80c        0x0
                0x000000006000c80c                _coredump_driver_api_list_start = .
 *(SORT_BY_NAME(SORT_BY_ALIGNMENT(._coredump_driver_api.static.*)))
                0x000000006000c80c                _coredump_driver_api_list_end = .

counter_driver_api_area
                0x000000006000c80c        0x0